<html>
<body>
<pre>
<h1>µVision Build Log</h1>
<h2>Tool Versions:</h2>
IDE-Version: µVision V5.20.0.0
Copyright (C) 2016 ARM Ltd and ARM Germany GmbH. All rights reserved.
License Information: Michael Mulshine, Princeton University, LIC=04HGN-YZFCV-YL4CP-5T3PG-21WVS-ZDPYZ
 
Tool Versions:
Toolchain:       MDK-ARM Standard Cortex-M only  Version: 5.20
Toolchain Path:  C:\Keil_v5\ARM\ARMCC\Bin
C Compiler:      Armcc.exe V5.06 update 2 (build 183)
Assembler:       Armasm.exe V5.06 update 2 (build 183)
Linker/Locator:  ArmLink.exe V5.06 update 2 (build 183)
Library Manager: ArmAr.exe V5.06 update 2 (build 183)
Hex Converter:   FromElf.exe V5.06 update 2 (build 183)
CPU DLL:         SARMCM3.DLL V5.20
Dialog DLL:      DCM.DLL V1.13.7.0
Target DLL:      STLink\ST-LINKIII-KEIL_SWO.dll V2.0.18.0
Dialog DLL:      TCM.DLL V1.14.9.0
 
<h2>Project:</h2>
C:\Documents\en.stm32cubef7\STM32Cube_FW_F7_V1.4.0\Projects\STM32746G-Discovery\Applications\Audio\Audio_playback_and_record\MDK-ARM\Project.uvprojx
Project File Date:  08/29/2016

<h2>Output:</h2>
*** Using Compiler 'V5.06 update 2 (build 183)', folder: 'C:\Keil_v5\ARM\ARMCC\Bin'
Rebuild target 'STM32F7-DISCO'
compiling stm32746g_discovery.c...
compiling stm32746g_discovery_audio.c...
compiling stm32746g_discovery_lcd.c...
compiling stm32746g_discovery_sdram.c...
compiling system_stm32f7xx.c...
compiling stm32746g_discovery_ts.c...
compiling ft5336.c...
compiling wm8994.c...
compiling stm32f7xx_hal_sai_ex.c...
compiling stm32f7xx_hal_i2s.c...
compiling stm32f7xx_hal_i2c.c...
compiling stm32f7xx_hal_dma_ex.c...
compiling stm32f7xx_hal_sai.c...
compiling stm32f7xx_hal_ltdc.c...
compiling stm32f7xx_hal_pwr.c...
compiling stm32f7xx_hal_dma2d.c...
compiling stm32f7xx_hal_uart.c...
compiling stm32f7xx_hal_sdram.c...
compiling stm32f7xx_hal_hcd.c...
compiling stm32f7xx_hal_rcc.c...
compiling stm32f7xx_hal_gpio.c...
compiling stm32f7xx_ll_fmc.c...
compiling stm32f7xx_hal_tim.c...
compiling stm32f7xx_hal.c...
compiling stm32f7xx_hal_sram.c...
compiling stm32f7xx_hal_rcc_ex.c...
compiling stm32f7xx_hal_pwr_ex.c...
compiling stm32f7xx_hal_tim_ex.c...
compiling stm32f7xx_ll_usb.c...
compiling stm32f7xx_hal_flash.c...
compiling stm32f7xx_hal_cortex.c...
compiling stm32f7xx_hal_flash_ex.c...
compiling stm32f7xx_hal_dma.c...
compiling usbh_msc_scsi.c...
compiling usbh_msc.c...
compiling usbh_msc_bot.c...
compiling menu.c...
compiling explorer.c...
compiling usbh_diskio.c...
compiling usbh_conf.c...
compiling waveplayer.c...
compiling stm32f7xx_it.c...
compiling main.c...
compiling waverecorder.c...
compiling usbh_ioreq.c...
compiling usbh_core.c...
compiling ff.c...
assembling startup_stm32f746xx.s...
compiling usbh_ctlreq.c...
compiling usbh_pipes.c...
compiling lcd_log.c...
linking...
Program Size: Code=48128 RO-data=11744 RW-data=304 ZI-data=49448  
"STM32F7-DISCO\STM32F7-DISCO.axf" - 0 Error(s), 0 Warning(s).

<h2>Software Packages used:</h2>

Package Vendor: ARM
                http://www.keil.com/pack/ARM.CMSIS.5.0.0-Beta4.pack
                ARM::CMSIS:CORE:5.0.0
                CMSIS (Cortex Microcontroller Software Interface Standard)
   * Component: CORE Version: 5.0.0

<h2>Collection of Component include folders:</h2>
  C:\Documents\en.stm32cubef7\STM32Cube_FW_F7_V1.4.0\Projects\STM32746G-Discovery\Applications\Audio\Audio_playback_and_record\MDK-ARM\RTE
  C:\Keil_v5\ARM\PACK\ARM\CMSIS\5.0.0-Beta4\CMSIS\Include
  C:\Keil_v5\ARM\PACK\Keil\STM32F7xx_DFP\2.7.0\Drivers\CMSIS\Device\ST\STM32F7xx\Include

<h2>Collection of Component Files used:</h2>

   * Component: ARM::CMSIS:CORE:5.0.0
Build Time Elapsed:  00:00:54
</pre>
</body>
</html>
