<html>
<body>
<pre>
<h1>µVision Build Log</h1>
<h2>Tool Versions:</h2>
IDE-Version: µVision V5.20.0.0
Copyright (C) 2016 ARM Ltd and ARM Germany GmbH. All rights reserved.
License Information: Michael Mulshine, Princeton University, LIC=04HGN-YZFCV-YL4CP-5T3PG-21WVS-ZDPYZ
 
Tool Versions:
Toolchain:       MDK-ARM Standard Cortex-M only  Version: 5.20
Toolchain Path:  C:\Keil_v5\ARM\ARMCC\Bin
C Compiler:      Armcc.exe V5.06 update 2 (build 183)
Assembler:       Armasm.exe V5.06 update 2 (build 183)
Linker/Locator:  ArmLink.exe V5.06 update 2 (build 183)
Library Manager: ArmAr.exe V5.06 update 2 (build 183)
Hex Converter:   FromElf.exe V5.06 update 2 (build 183)
CPU DLL:         SARMCM3.DLL V5.20
Dialog DLL:      DCM.DLL V1.13.7.0
Target DLL:      STLink\ST-LINKIII-KEIL_SWO.dll V2.0.18.0
Dialog DLL:      TCM.DLL V1.14.9.0
 
<h2>Project:</h2>
C:\Documents\en.stm32cubef7\STM32Cube_FW_F7_V1.4.0\Projects\STM32746G-Discovery\Applications\Audio\AUDIO_2\MDK-ARM\Project.uvprojx
Project File Date:  09/12/2016

<h2>Output:</h2>
*** Using Compiler 'V5.06 update 2 (build 183)', folder: 'C:\Keil_v5\ARM\ARMCC\Bin'
Build target 'STM32F7-DISCO'
compiling waveplayer.c...
compiling stm32f7xx_it.c...
compiling main.c...
../Src/main.c(45): warning:  #1035-D: single-precision operand implicitly converted to double-precision
  		sweep += .01;
../Src/main.c(46): warning:  #1035-D: single-precision operand implicitly converted to double-precision
  		pwswp += .0001;
../Src/main.c(48): warning:  #1035-D: single-precision operand implicitly converted to double-precision
  		if (pwswp > 1.0) pwswp -= 1.0;
../Src/main.c(48): warning:  #1035-D: single-precision operand implicitly converted to double-precision
  		if (pwswp > 1.0) pwswp -= 1.0;
../Src/main.c(87): warning:  #177-D: variable "PeriphClkInitStruct" was declared but never referenced
    RCC_PeriphCLKInitTypeDef PeriphClkInitStruct;
../Src/main.c: 5 warnings, 0 errors
linking...
Program Size: Code=14516 RO-data=4632 RW-data=92 ZI-data=3492  
"STM32F7-DISCO\STM32F7-DISCO.axf" - 0 Error(s), 5 Warning(s).

<h2>Software Packages used:</h2>

Package Vendor: ARM
                http://www.keil.com/pack/ARM.CMSIS.5.0.0-Beta4.pack
                ARM::CMSIS:CORE:5.0.0
                CMSIS (Cortex Microcontroller Software Interface Standard)
   * Component: CORE Version: 5.0.0

<h2>Collection of Component include folders:</h2>
  C:\Documents\en.stm32cubef7\STM32Cube_FW_F7_V1.4.0\Projects\STM32746G-Discovery\Applications\Audio\AUDIO_2\MDK-ARM\RTE
  C:\Keil_v5\ARM\PACK\ARM\CMSIS\5.0.0-Beta4\CMSIS\Include
  C:\Keil_v5\ARM\PACK\Keil\STM32F7xx_DFP\2.7.0\Drivers\CMSIS\Device\ST\STM32F7xx\Include

<h2>Collection of Component Files used:</h2>

   * Component: ARM::CMSIS:CORE:5.0.0
Build Time Elapsed:  00:00:03
</pre>
</body>
</html>
