Component: ARM Compiler 5.06 update 4 (build 422) Tool: armlink [4d35d2]

==============================================================================

Section Cross References

    startup_stm32f765xx.o(RESET) refers to startup_stm32f765xx.o(STACK) for __initial_sp
    startup_stm32f765xx.o(RESET) refers to startup_stm32f765xx.o(.text) for Reset_Handler
    startup_stm32f765xx.o(RESET) refers to stm32f7xx_it.o(i.NMI_Handler) for NMI_Handler
    startup_stm32f765xx.o(RESET) refers to stm32f7xx_it.o(i.HardFault_Handler) for HardFault_Handler
    startup_stm32f765xx.o(RESET) refers to stm32f7xx_it.o(i.MemManage_Handler) for MemManage_Handler
    startup_stm32f765xx.o(RESET) refers to stm32f7xx_it.o(i.BusFault_Handler) for BusFault_Handler
    startup_stm32f765xx.o(RESET) refers to stm32f7xx_it.o(i.UsageFault_Handler) for UsageFault_Handler
    startup_stm32f765xx.o(RESET) refers to stm32f7xx_it.o(i.SVC_Handler) for SVC_Handler
    startup_stm32f765xx.o(RESET) refers to stm32f7xx_it.o(i.DebugMon_Handler) for DebugMon_Handler
    startup_stm32f765xx.o(RESET) refers to stm32f7xx_it.o(i.PendSV_Handler) for PendSV_Handler
    startup_stm32f765xx.o(RESET) refers to stm32f7xx_it.o(i.SysTick_Handler) for SysTick_Handler
    startup_stm32f765xx.o(RESET) refers to stm32f7xx_it.o(i.DMA1_Stream2_IRQHandler) for DMA1_Stream2_IRQHandler
    startup_stm32f765xx.o(RESET) refers to stm32f7xx_it.o(i.DMA1_Stream4_IRQHandler) for DMA1_Stream4_IRQHandler
    startup_stm32f765xx.o(RESET) refers to stm32f7xx_it.o(i.DMA2_Stream0_IRQHandler) for DMA2_Stream0_IRQHandler
    startup_stm32f765xx.o(RESET) refers to stm32f7xx_it.o(i.DMA2_Stream1_IRQHandler) for DMA2_Stream1_IRQHandler
    startup_stm32f765xx.o(RESET) refers to stm32f7xx_it.o(i.DMA2_Stream4_IRQHandler) for DMA2_Stream4_IRQHandler
    startup_stm32f765xx.o(RESET) refers to stm32f7xx_it.o(i.OTG_FS_IRQHandler) for OTG_FS_IRQHandler
    startup_stm32f765xx.o(.text) refers to system_stm32f7xx_1.o(i.SystemInit) for SystemInit
    startup_stm32f765xx.o(.text) refers to entry.o(.ARM.Collect$$$$00000000) for __main
    usb_host.o(i.MX_USB_HOST_Init) refers to usbh_core.o(i.USBH_Init) for USBH_Init
    usb_host.o(i.MX_USB_HOST_Init) refers to usbh_core.o(i.USBH_RegisterClass) for USBH_RegisterClass
    usb_host.o(i.MX_USB_HOST_Init) refers to usbh_core.o(i.USBH_Start) for USBH_Start
    usb_host.o(i.MX_USB_HOST_Init) refers to usb_host.o(i.USBH_UserProcess) for USBH_UserProcess
    usb_host.o(i.MX_USB_HOST_Init) refers to usb_host.o(.bss) for hUsbHostFS
    usb_host.o(i.MX_USB_HOST_Init) refers to usbh_midi.o(.data) for MIDI_Class
    usb_host.o(i.MX_USB_HOST_Process) refers to usbh_core.o(i.USBH_Process) for USBH_Process
    usb_host.o(i.MX_USB_HOST_Process) refers to midi_application.o(i.MIDI_Application) for MIDI_Application
    usb_host.o(i.MX_USB_HOST_Process) refers to usb_host.o(.bss) for hUsbHostFS
    usb_host.o(i.USBH_UserProcess) refers to usb_host.o(.data) for Appli_state
    usb_host.o(i.USBH_UserProcess) refers to midi_application.o(.data) for MIDI_Appli_state
    main.o(i.Error_Handler) refers to stm32f7xx_hal_gpio.o(i.HAL_GPIO_WritePin) for HAL_GPIO_WritePin
    main.o(i.MX_ADC1_Init) refers to stm32f7xx_hal_adc.o(i.HAL_ADC_Init) for HAL_ADC_Init
    main.o(i.MX_ADC1_Init) refers to main.o(i.Error_Handler) for Error_Handler
    main.o(i.MX_ADC1_Init) refers to stm32f7xx_hal_adc.o(i.HAL_ADC_ConfigChannel) for HAL_ADC_ConfigChannel
    main.o(i.MX_ADC1_Init) refers to main.o(.bss) for hadc1
    main.o(i.MX_DMA_Init) refers to stm32f7xx_hal_cortex.o(i.HAL_NVIC_SetPriority) for HAL_NVIC_SetPriority
    main.o(i.MX_DMA_Init) refers to stm32f7xx_hal_cortex.o(i.HAL_NVIC_EnableIRQ) for HAL_NVIC_EnableIRQ
    main.o(i.MX_GPIO_Init) refers to stm32f7xx_hal_gpio.o(i.HAL_GPIO_WritePin) for HAL_GPIO_WritePin
    main.o(i.MX_GPIO_Init) refers to stm32f7xx_hal_gpio.o(i.HAL_GPIO_Init) for HAL_GPIO_Init
    main.o(i.MX_I2C2_Init) refers to stm32f7xx_hal_i2c.o(i.HAL_I2C_Init) for HAL_I2C_Init
    main.o(i.MX_I2C2_Init) refers to main.o(i.Error_Handler) for Error_Handler
    main.o(i.MX_I2C2_Init) refers to stm32f7xx_hal_i2c_ex.o(i.HAL_I2CEx_ConfigAnalogFilter) for HAL_I2CEx_ConfigAnalogFilter
    main.o(i.MX_I2C2_Init) refers to main.o(.bss) for hi2c2
    main.o(i.MX_QUADSPI_Init) refers to stm32f7xx_hal_qspi.o(i.HAL_QSPI_Init) for HAL_QSPI_Init
    main.o(i.MX_QUADSPI_Init) refers to main.o(i.Error_Handler) for Error_Handler
    main.o(i.MX_QUADSPI_Init) refers to main.o(.bss) for hqspi
    main.o(i.MX_RNG_Init) refers to stm32f7xx_hal_rng.o(i.HAL_RNG_Init) for HAL_RNG_Init
    main.o(i.MX_RNG_Init) refers to main.o(i.Error_Handler) for Error_Handler
    main.o(i.MX_RNG_Init) refers to main.o(.bss) for hrng
    main.o(i.MX_SAI1_Init) refers to stm32f7xx_hal_sai.o(i.HAL_SAI_InitProtocol) for HAL_SAI_InitProtocol
    main.o(i.MX_SAI1_Init) refers to main.o(i.Error_Handler) for Error_Handler
    main.o(i.MX_SAI1_Init) refers to main.o(.bss) for hsai_BlockA1
[...]
    i.USBH_HandleEnum                        0x08005944   Section        0  usbh_core.o(i.USBH_HandleEnum)
    USBH_HandleEnum                          0x08005945   Thumb Code   346  usbh_core.o(i.USBH_HandleEnum)
    i.USBH_HandleSof                         0x08005a9e   Section        0  usbh_core.o(i.USBH_HandleSof)
    USBH_HandleSof                           0x08005a9f   Thumb Code    28  usbh_core.o(i.USBH_HandleSof)
    i.USBH_Init                              0x08005aba   Section        0  usbh_core.o(i.USBH_Init)
    i.USBH_LL_ClosePipe                      0x08005aec   Section        0  usbh_conf.o(i.USBH_LL_ClosePipe)
    i.USBH_LL_Connect                        0x08005b30   Section        0  usbh_core.o(i.USBH_LL_Connect)
    i.USBH_LL_Disconnect                     0x08005b5e   Section        0  usbh_core.o(i.USBH_LL_Disconnect)
    i.USBH_LL_DriverVBUS                     0x08005b9c   Section        0  usbh_conf.o(i.USBH_LL_DriverVBUS)
    i.USBH_LL_GetLastXferSize                0x08005bb6   Section        0  usbh_conf.o(i.USBH_LL_GetLastXferSize)
    i.USBH_LL_GetSpeed                       0x08005bc8   Section        0  usbh_conf.o(i.USBH_LL_GetSpeed)
    i.USBH_LL_GetURBState                    0x08005bf8   Section        0  usbh_conf.o(i.USBH_LL_GetURBState)
    i.USBH_LL_IncTimer                       0x08005c0a   Section        0  usbh_core.o(i.USBH_LL_IncTimer)
    i.USBH_LL_Init                           0x08005c20   Section        0  usbh_conf.o(i.USBH_LL_Init)
    i.USBH_LL_OpenPipe                       0x08005c78   Section        0  usbh_conf.o(i.USBH_LL_OpenPipe)
    i.USBH_LL_ResetPort                      0x08005cea   Section        0  usbh_conf.o(i.USBH_LL_ResetPort)
    i.USBH_LL_SetTimer                       0x08005d26   Section        0  usbh_core.o(i.USBH_LL_SetTimer)
    i.USBH_LL_SetToggle                      0x08005d2c   Section        0  usbh_conf.o(i.USBH_LL_SetToggle)
    i.USBH_LL_Start                          0x08005d66   Section        0  usbh_conf.o(i.USBH_LL_Start)
    i.USBH_LL_Stop                           0x08005da2   Section        0  usbh_conf.o(i.USBH_LL_Stop)
    i.USBH_LL_SubmitURB                      0x08005dde   Section        0  usbh_conf.o(i.USBH_LL_SubmitURB)
    i.USBH_MIDI_ClassRequest                 0x08005e54   Section        0  usbh_midi.o(i.USBH_MIDI_ClassRequest)
    USBH_MIDI_ClassRequest                   0x08005e55   Thumb Code    18  usbh_midi.o(i.USBH_MIDI_ClassRequest)
    i.USBH_MIDI_GetLastReceivedDataSize      0x08005e66   Section        0  usbh_midi.o(i.USBH_MIDI_GetLastReceivedDataSize)
    i.USBH_MIDI_InterfaceDeInit              0x08005e86   Section        0  usbh_midi.o(i.USBH_MIDI_InterfaceDeInit)
    USBH_MIDI_InterfaceDeInit                0x08005e87   Thumb Code    88  usbh_midi.o(i.USBH_MIDI_InterfaceDeInit)
    i.USBH_MIDI_InterfaceInit                0x08005ede   Section        0  usbh_midi.o(i.USBH_MIDI_InterfaceInit)
    USBH_MIDI_InterfaceInit                  0x08005edf   Thumb Code   412  usbh_midi.o(i.USBH_MIDI_InterfaceInit)
    i.USBH_MIDI_Process                      0x0800607a   Section        0  usbh_midi.o(i.USBH_MIDI_Process)
    USBH_MIDI_Process                        0x0800607b   Thumb Code    76  usbh_midi.o(i.USBH_MIDI_Process)
    i.USBH_MIDI_Receive                      0x080060c6   Section        0  usbh_midi.o(i.USBH_MIDI_Receive)
    i.USBH_MIDI_ReceiveCallback              0x080060f0   Section        0  midi_application.o(i.USBH_MIDI_ReceiveCallback)
    i.USBH_MIDI_SOFProcess                   0x0800610c   Section        0  usbh_midi.o(i.USBH_MIDI_SOFProcess)
    USBH_MIDI_SOFProcess                     0x0800610d   Thumb Code     6  usbh_midi.o(i.USBH_MIDI_SOFProcess)
    i.USBH_MIDI_Stop                         0x08006112   Section        0  usbh_midi.o(i.USBH_MIDI_Stop)
    i.USBH_MIDI_TransmitCallback             0x0800613a   Section        0  usbh_midi.o(i.USBH_MIDI_TransmitCallback)
    i.USBH_OpenPipe                          0x0800613c   Section        0  usbh_pipes.o(i.USBH_OpenPipe)
    i.USBH_ParseCfgDesc                      0x08006166   Section        0  usbh_ctlreq.o(i.USBH_ParseCfgDesc)
    USBH_ParseCfgDesc                        0x08006167   Thumb Code   218  usbh_ctlreq.o(i.USBH_ParseCfgDesc)
    i.USBH_ParseDevDesc                      0x08006240   Section        0  usbh_ctlreq.o(i.USBH_ParseDevDesc)
    USBH_ParseDevDesc                        0x08006241   Thumb Code    88  usbh_ctlreq.o(i.USBH_ParseDevDesc)
    i.USBH_ParseEPDesc                       0x08006298   Section        0  usbh_ctlreq.o(i.USBH_ParseEPDesc)
    USBH_ParseEPDesc                         0x08006299   Thumb Code    32  usbh_ctlreq.o(i.USBH_ParseEPDesc)
    i.USBH_ParseInterfaceDesc                0x080062b8   Section        0  usbh_ctlreq.o(i.USBH_ParseInterfaceDesc)
    USBH_ParseInterfaceDesc                  0x080062b9   Thumb Code    38  usbh_ctlreq.o(i.USBH_ParseInterfaceDesc)
    i.USBH_ParseStringDesc                   0x080062de   Section        0  usbh_ctlreq.o(i.USBH_ParseStringDesc)
    USBH_ParseStringDesc                     0x080062df   Thumb Code    54  usbh_ctlreq.o(i.USBH_ParseStringDesc)
    i.USBH_Process                           0x08006314   Section        0  usbh_core.o(i.USBH_Process)
    i.USBH_RegisterClass                     0x080064d8   Section        0  usbh_core.o(i.USBH_RegisterClass)
    i.USBH_SelectInterface                   0x08006504   Section        0  usbh_core.o(i.USBH_SelectInterface)
    i.USBH_SetAddress                        0x0800651a   Section        0  usbh_ctlreq.o(i.USBH_SetAddress)
    i.USBH_SetCfg                            0x08006542   Section        0  usbh_ctlreq.o(i.USBH_SetCfg)
    i.USBH_Start                             0x0800656a   Section        0  usbh_core.o(i.USBH_Start)
    i.USBH_UserProcess                       0x08006580   Section        0  usb_host.o(i.USBH_UserProcess)
    USBH_UserProcess                         0x08006581   Thumb Code    54  usb_host.o(i.USBH_UserProcess)
    i.USB_CoreInit                           0x080065c0   Section        0  stm32f7xx_ll_usb.o(i.USB_CoreInit)
    i.USB_CoreReset                          0x08006630   Section        0  stm32f7xx_ll_usb.o(i.USB_CoreReset)
    USB_CoreReset                            0x08006631   Thumb Code    70  stm32f7xx_ll_usb.o(i.USB_CoreReset)
    i.USB_DisableGlobalInt                   0x0800667c   Section        0  stm32f7xx_ll_usb.o(i.USB_DisableGlobalInt)
    i.USB_DoPing                             0x0800668c   Section        0  stm32f7xx_ll_usb.o(i.USB_DoPing)
    i.USB_DriveVbus                          0x080066cc   Section        0  stm32f7xx_ll_usb.o(i.USB_DriveVbus)
    i.USB_EnableGlobalInt                    0x08006710   Section        0  stm32f7xx_ll_usb.o(i.USB_EnableGlobalInt)
    i.USB_FlushRxFifo                        0x08006720   Section        0  stm32f7xx_ll_usb.o(i.USB_FlushRxFifo)
    i.USB_FlushTxFifo                        0x0800674c   Section        0  stm32f7xx_ll_usb.o(i.USB_FlushTxFifo)
    i.USB_GetCurrentFrame                    0x0800677c   Section        0  stm32f7xx_ll_usb.o(i.USB_GetCurrentFrame)
    i.USB_GetHostSpeed                       0x08006788   Section        0  stm32f7xx_ll_usb.o(i.USB_GetHostSpeed)
    i.USB_GetMode                            0x0800679a   Section        0  stm32f7xx_ll_usb.o(i.USB_GetMode)
    i.USB_HC_Halt                            0x080067a4   Section        0  stm32f7xx_ll_usb.o(i.USB_HC_Halt)
    i.USB_HC_Init                            0x0800691e   Section        0  stm32f7xx_ll_usb.o(i.USB_HC_Init)
    i.USB_HC_ReadInterrupt                   0x08006aa6   Section        0  stm32f7xx_ll_usb.o(i.USB_HC_ReadInterrupt)
    i.USB_HC_StartXfer                       0x08006ab4   Section        0  stm32f7xx_ll_usb.o(i.USB_HC_StartXfer)
    i.USB_HostInit                           0x08006c50   Section        0  stm32f7xx_ll_usb.o(i.USB_HostInit)
    i.USB_InitFSLSPClkSel                    0x08006d2c   Section        0  stm32f7xx_ll_usb.o(i.USB_InitFSLSPClkSel)
    i.USB_ReadInterrupts                     0x08006d6a   Section        0  stm32f7xx_ll_usb.o(i.USB_ReadInterrupts)
    i.USB_ReadPacket                         0x08006d76   Section        0  stm32f7xx_ll_usb.o(i.USB_ReadPacket)
    i.USB_ResetPort                          0x08006d9e   Section        0  stm32f7xx_ll_usb.o(i.USB_ResetPort)
    i.USB_SetCurrentMode                     0x08006dd4   Section        0  stm32f7xx_ll_usb.o(i.USB_SetCurrentMode)
    i.USB_StopHost                           0x08006e04   Section        0  stm32f7xx_ll_usb.o(i.USB_StopHost)
    i.USB_WritePacket                        0x08006eb2   Section        0  stm32f7xx_ll_usb.o(i.USB_WritePacket)
    i.UsageFault_Handler                     0x08006eec   Section        0  stm32f7xx_it.o(i.UsageFault_Handler)
    i.__ARM_fpclassifyf                      0x08006ef0   Section        0  fpclassifyf.o(i.__ARM_fpclassifyf)
    i.__hardfp_acosf                         0x08006f18   Section        0  acosf.o(i.__hardfp_acosf)
    i.__hardfp_cosf                          0x0800703c   Section        0  cosf.o(i.__hardfp_cosf)
    i.__hardfp_powf                          0x0800718c   Section        0  powf.o(i.__hardfp_powf)
    i.__mathlib_flt_divzero                  0x080077e4   Section        0  funder.o(i.__mathlib_flt_divzero)
    i.__mathlib_flt_infnan                   0x080077fc   Section        0  funder.o(i.__mathlib_flt_infnan)
    i.__mathlib_flt_infnan2                  0x08007802   Section        0  funder.o(i.__mathlib_flt_infnan2)
    i.__mathlib_flt_invalid                  0x08007808   Section        0  funder.o(i.__mathlib_flt_invalid)
    i.__mathlib_flt_overflow                 0x08007818   Section        0  funder.o(i.__mathlib_flt_overflow)
    i.__mathlib_flt_underflow                0x08007828   Section        0  funder.o(i.__mathlib_flt_underflow)
    i.__mathlib_rredf2                       0x08007838   Section        0  rredf.o(i.__mathlib_rredf2)
    i.__scatterload_copy                     0x0800798c   Section       14  handlers.o(i.__scatterload_copy)
    i.__scatterload_null                     0x0800799a   Section        2  handlers.o(i.__scatterload_null)
    i.__scatterload_zeroinit                 0x0800799c   Section       14  handlers.o(i.__scatterload_zeroinit)
    i.__set_errno                            0x080079ac   Section        0  errno.o(i.__set_errno)
    i.audioError                             0x080079b8   Section        0  audiostream.o(i.audioError)
    i.audioFrame                             0x080079cc   Section        0  audiostream.o(i.audioFrame)
    i.audioInit                              0x08007a6c   Section        0  audiostream.o(i.audioInit)
    i.audioTickL                             0x08007b1c   Section        0  audiostream.o(i.audioTickL)
    i.free                                   0x08007b40   Section        0  malloc.o(i.free)
    i.main                                   0x08007b90   Section        0  main.o(i.main)
    i.malloc                                 0x08007c00   Section        0  malloc.o(i.malloc)
    i.randomNumber                           0x08007c6c   Section        0  audiostream.o(i.randomNumber)
    i.sqrtf                                  0x08007cb8   Section        0  sqrtf.o(i.sqrtf)
    i.tCompressorInit                        0x08007cf8   Section        0  oopsutilities.o(i.tCompressorInit)
    i.tCycleInit                             0x08007d54   Section        0  oopsoscillator.o(i.tCycleInit)
    i.tCycleSampleRateChanged                0x08007d90   Section        0  oopsoscillator.o(i.tCycleSampleRateChanged)
    i.tCycleSetFreq                          0x08007da8   Section        0  oopsoscillator.o(i.tCycleSetFreq)
    i.tSawtoothInit                          0x08007ddc   Section        0  oopsoscillator.o(i.tSawtoothInit)
    i.tSawtoothSampleRateChanged             0x08007e24   Section        0  oopsoscillator.o(i.tSawtoothSampleRateChanged)
    i.tSawtoothSetFreq                       0x08007e3c   Section        0  oopsoscillator.o(i.tSawtoothSetFreq)
    i.tSawtoothTick                          0x08007e70   Section        0  oopsoscillator.o(i.tSawtoothTick)
    i.tTalkboxInit                           0x08008290   Section        0  oopsinstrument.o(i.tTalkboxInit)
    i.tTalkboxUpdate                         0x080082e0   Section        0  oopsinstrument.o(i.tTalkboxUpdate)
    i.tVocoderInit                           0x0800841c   Section        0  oopsinstrument.o(i.tVocoderInit)
    i.tVocoderUpdate                         0x080084a0   Section        0  oopsinstrument.o(i.tVocoderUpdate)
    .constdata                               0x0800894c   Section    360448  oopswavetables.o(.constdata)
    .constdata                               0x0806094c   Section       24  system_stm32f7xx_1.o(.constdata)
    .constdata                               0x08060964   Section        8  stm32f7xx_hal_dma.o(.constdata)
    flagBitshiftOffset                       0x08060964   Data           8  stm32f7xx_hal_dma.o(.constdata)
    .constdata                               0x0806096c   Section      320  powf.o(.constdata)
    table                                    0x0806096c   Data         128  powf.o(.constdata)
    powersof2to1over16top                    0x080609ec   Data          64  powf.o(.constdata)
    powersof2to1over16bot                    0x08060a2c   Data          64  powf.o(.constdata)
    powersof2to1over16all                    0x08060a6c   Data          64  powf.o(.constdata)
    .constdata                               0x08060aac   Section       32  rredf.o(.constdata)
    twooverpi                                0x08060aac   Data          32  rredf.o(.constdata)
    .conststring                             0x08060acc   Section        5  usbh_midi.o(.conststring)
    .data                                    0x20000000   Section        1  usb_host.o(.data)
    .data                                    0x20000004   Section        4  stm32f7xx_hal_msp.o(.data)
    SAI1_client                              0x20000004   Data           4  stm32f7xx_hal_msp.o(.data)
    .data                                    0x20000008   Section       60  audiostream.o(.data)
    ij                                       0x2000002c   Data           4  audiostream.o(.data)
    frameCount                               0x20000030   Data           4  audiostream.o(.data)
    audioBusy                                0x20000034   Data           4  audiostream.o(.data)
    gateIn                                   0x20000038   Data           4  audiostream.o(.data)
    onsetFlag                                0x2000003c   Data           4  audiostream.o(.data)
    .data                                    0x20000044   Section        8  codec.o(.data)
    .data                                    0x2000004c   Section        7  midi_application.o(.data)
    .data                                    0x20000054   Section       32  usbh_midi.o(.data)
    .data                                    0x20000074   Section        4  system_stm32f7xx_1.o(.data)
    .data                                    0x20000078   Section        4  stm32f7xx_hal.o(.data)
    .data                                    0x2000007c   Section        8  stm32f7xx_ll_usb.o(.data)
    debug                                    0x2000007c   Data           4  stm32f7xx_ll_usb.o(.data)
    tmpreg                                   0x20000080   Data           4  stm32f7xx_ll_usb.o(.data)
    .data                                    0x20000084   Section        4  mvars.o(.data)
    .data                                    0x20000088   Section        4  mvars.o(.data)
    .data                                    0x2000008c   Section        4  errno.o(.data)
    _errno                                   0x2000008c   Data           4  errno.o(.data)
    .bss                                     0x20000090   Section     1180  usb_host.o(.bss)
    .bss                                     0x2000052c   Section     1104  main.o(.bss)
    .bss                                     0x2000097c   Section      664  usbh_conf.o(.bss)
    .bss                                     0x20000c18   Section     8224  audiostream.o(.bss)
    .bss                                     0x20002c38   Section      320  midi_application.o(.bss)
    .bss                                     0x20002d78   Section    33232  oops.o(.bss)
    HEAP                                     0x2000af48   Section      512  startup_stm32f765xx.o(HEAP)
    STACK                                    0x2000b148   Section     1024  startup_stm32f765xx.o(STACK)

    Global Symbols

    Symbol Name                              Value     Ov Type        Size  Object(Section)

    BuildAttributes$$THM_ISAv4$E$P$D$K$B$S$7EM$VFPv5_D16$PE$PLD8$A:L22UL41UL21$X:L11$S22US41US21$IEEE1$IW$USESV6$~STKCKD$USESV7$~SHL$OTIME$ROPI$IEEEX$EBA8$MICROLIB$REQ8$PRES8$EABIv2 0x00000000   Number         0  anon$$obj.o ABSOLUTE
    __ARM_use_no_argv                        0x00000000   Number         0  main.o ABSOLUTE
    __cpp_initialize__aeabi_                  - Undefined Weak Reference
    __cxa_finalize                            - Undefined Weak Reference
    __decompress                              - Undefined Weak Reference
    _clock_init                               - Undefined Weak Reference
    _microlib_exit                            - Undefined Weak Reference
    __Vectors_Size                           0x000001f8   Number         0  startup_stm32f765xx.o ABSOLUTE
    __Vectors                                0x08000000   Data           4  startup_stm32f765xx.o(RESET)
    __Vectors_End                            0x080001f8   Data           0  startup_stm32f765xx.o(RESET)
    __main                                   0x080001f9   Thumb Code     0  entry.o(.ARM.Collect$$$$00000000)
    _main_stk                                0x080001f9   Thumb Code     0  entry2.o(.ARM.Collect$$$$00000001)
    _main_scatterload                        0x080001fd   Thumb Code     0  entry5.o(.ARM.Collect$$$$00000004)
    __main_after_scatterload                 0x08000201   Thumb Code     0  entry5.o(.ARM.Collect$$$$00000004)
    _main_clock                              0x08000201   Thumb Code     0  entry7b.o(.ARM.Collect$$$$00000008)
    _main_cpp_init                           0x08000201   Thumb Code     0  entry8b.o(.ARM.Collect$$$$0000000A)
    _main_init                               0x08000201   Thumb Code     0  entry9a.o(.ARM.Collect$$$$0000000B)
    __rt_final_cpp                           0x08000209   Thumb Code     0  entry10a.o(.ARM.Collect$$$$0000000D)
    __rt_final_exit                          0x08000209   Thumb Code     0  entry11a.o(.ARM.Collect$$$$0000000F)
    Reset_Handler                            0x0800020d   Thumb Code     8  startup_stm32f765xx.o(.text)
    ADC_IRQHandler                           0x08000227   Thumb Code     0  startup_stm32f765xx.o(.text)
    CAN1_RX0_IRQHandler                      0x08000227   Thumb Code     0  startup_stm32f765xx.o(.text)
    CAN1_RX1_IRQHandler                      0x08000227   Thumb Code     0  startup_stm32f765xx.o(.text)
    CAN1_SCE_IRQHandler                      0x08000227   Thumb Code     0  startup_stm32f765xx.o(.text)
    CAN1_TX_IRQHandler                       0x08000227   Thumb Code     0  startup_stm32f765xx.o(.text)
    CAN2_RX0_IRQHandler                      0x08000227   Thumb Code     0  startup_stm32f765xx.o(.text)
    CAN2_RX1_IRQHandler                      0x08000227   Thumb Code     0  startup_stm32f765xx.o(.text)
    CAN2_SCE_IRQHandler                      0x08000227   Thumb Code     0  startup_stm32f765xx.o(.text)
    CAN2_TX_IRQHandler                       0x08000227   Thumb Code     0  startup_stm32f765xx.o(.text)
    CAN3_RX0_IRQHandler                      0x08000227   Thumb Code     0  startup_stm32f765xx.o(.text)
    CAN3_RX1_IRQHandler                      0x08000227   Thumb Code     0  startup_stm32f765xx.o(.text)
    CAN3_SCE_IRQHandler                      0x08000227   Thumb Code     0  startup_stm32f765xx.o(.text)
    CAN3_TX_IRQHandler                       0x08000227   Thumb Code     0  startup_stm32f765xx.o(.text)
    CEC_IRQHandler                           0x08000227   Thumb Code     0  startup_stm32f765xx.o(.text)
    DCMI_IRQHandler                          0x08000227   Thumb Code     0  startup_stm32f765xx.o(.text)
    DFSDM1_FLT0_IRQHandler                   0x08000227   Thumb Code     0  startup_stm32f765xx.o(.text)
    DFSDM1_FLT1_IRQHandler                   0x08000227   Thumb Code     0  startup_stm32f765xx.o(.text)
    DFSDM1_FLT2_IRQHandler                   0x08000227   Thumb Code     0  startup_stm32f765xx.o(.text)
    DFSDM1_FLT3_IRQHandler                   0x08000227   Thumb Code     0  startup_stm32f765xx.o(.text)
    DMA1_Stream0_IRQHandler                  0x08000227   Thumb Code     0  startup_stm32f765xx.o(.text)
    DMA1_Stream1_IRQHandler                  0x08000227   Thumb Code     0  startup_stm32f765xx.o(.text)
    DMA1_Stream3_IRQHandler                  0x08000227   Thumb Code     0  startup_stm32f765xx.o(.text)
    DMA1_Stream5_IRQHandler                  0x08000227   Thumb Code     0  startup_stm32f765xx.o(.text)
    DMA1_Stream6_IRQHandler                  0x08000227   Thumb Code     0  startup_stm32f765xx.o(.text)
    DMA1_Stream7_IRQHandler                  0x08000227   Thumb Code     0  startup_stm32f765xx.o(.text)
    DMA2D_IRQHandler                         0x08000227   Thumb Code     0  startup_stm32f765xx.o(.text)
    DMA2_Stream2_IRQHandler                  0x08000227   Thumb Code     0  startup_stm32f765xx.o(.text)
    DMA2_Stream3_IRQHandler                  0x08000227   Thumb Code     0  startup_stm32f765xx.o(.text)
    DMA2_Stream5_IRQHandler                  0x08000227   Thumb Code     0  startup_stm32f765xx.o(.text)
    DMA2_Stream6_IRQHandler                  0x08000227   Thumb Code     0  startup_stm32f765xx.o(.text)
    DMA2_Stream7_IRQHandler                  0x08000227   Thumb Code     0  startup_stm32f765xx.o(.text)
    ETH_IRQHandler                           0x08000227   Thumb Code     0  startup_stm32f765xx.o(.text)
    ETH_WKUP_IRQHandler                      0x08000227   Thumb Code     0  startup_stm32f765xx.o(.text)
    EXTI0_IRQHandler                         0x08000227   Thumb Code     0  startup_stm32f765xx.o(.text)
    EXTI15_10_IRQHandler                     0x08000227   Thumb Code     0  startup_stm32f765xx.o(.text)
    EXTI1_IRQHandler                         0x08000227   Thumb Code     0  startup_stm32f765xx.o(.text)
    EXTI2_IRQHandler                         0x08000227   Thumb Code     0  startup_stm32f765xx.o(.text)
    EXTI3_IRQHandler                         0x08000227   Thumb Code     0  startup_stm32f765xx.o(.text)
    EXTI4_IRQHandler                         0x08000227   Thumb Code     0  startup_stm32f765xx.o(.text)
    EXTI9_5_IRQHandler                       0x08000227   Thumb Code     0  startup_stm32f765xx.o(.text)
    FLASH_IRQHandler                         0x08000227   Thumb Code     0  startup_stm32f765xx.o(.text)
    FMC_IRQHandler                           0x08000227   Thumb Code     0  startup_stm32f765xx.o(.text)
    FPU_IRQHandler                           0x08000227   Thumb Code     0  startup_stm32f765xx.o(.text)
    I2C1_ER_IRQHandler                       0x08000227   Thumb Code     0  startup_stm32f765xx.o(.text)
    I2C1_EV_IRQHandler                       0x08000227   Thumb Code     0  startup_stm32f765xx.o(.text)
    I2C2_ER_IRQHandler                       0x08000227   Thumb Code     0  startup_stm32f765xx.o(.text)
    I2C2_EV_IRQHandler                       0x08000227   Thumb Code     0  startup_stm32f765xx.o(.text)
    I2C3_ER_IRQHandler                       0x08000227   Thumb Code     0  startup_stm32f765xx.o(.text)
    I2C3_EV_IRQHandler                       0x08000227   Thumb Code     0  startup_stm32f765xx.o(.text)
    I2C4_ER_IRQHandler                       0x08000227   Thumb Code     0  startup_stm32f765xx.o(.text)
    I2C4_EV_IRQHandler                       0x08000227   Thumb Code     0  startup_stm32f765xx.o(.text)
    LPTIM1_IRQHandler                        0x08000227   Thumb Code     0  startup_stm32f765xx.o(.text)
    MDIOS_IRQHandler                         0x08000227   Thumb Code     0  startup_stm32f765xx.o(.text)
    OTG_FS_WKUP_IRQHandler                   0x08000227   Thumb Code     0  startup_stm32f765xx.o(.text)
    OTG_HS_EP1_IN_IRQHandler                 0x08000227   Thumb Code     0  startup_stm32f765xx.o(.text)
    OTG_HS_EP1_OUT_IRQHandler                0x08000227   Thumb Code     0  startup_stm32f765xx.o(.text)
    OTG_HS_IRQHandler                        0x08000227   Thumb Code     0  startup_stm32f765xx.o(.text)
    OTG_HS_WKUP_IRQHandler                   0x08000227   Thumb Code     0  startup_stm32f765xx.o(.text)
    PVD_IRQHandler                           0x08000227   Thumb Code     0  startup_stm32f765xx.o(.text)
    QUADSPI_IRQHandler                       0x08000227   Thumb Code     0  startup_stm32f765xx.o(.text)
    RCC_IRQHandler                           0x08000227   Thumb Code     0  startup_stm32f765xx.o(.text)
    RNG_IRQHandler                           0x08000227   Thumb Code     0  startup_stm32f765xx.o(.text)
    RTC_Alarm_IRQHandler                     0x08000227   Thumb Code     0  startup_stm32f765xx.o(.text)
    RTC_WKUP_IRQHandler                      0x08000227   Thumb Code     0  startup_stm32f765xx.o(.text)
    SAI1_IRQHandler                          0x08000227   Thumb Code     0  startup_stm32f765xx.o(.text)
    SAI2_IRQHandler                          0x08000227   Thumb Code     0  startup_stm32f765xx.o(.text)
    SDMMC1_IRQHandler                        0x08000227   Thumb Code     0  startup_stm32f765xx.o(.text)
    SDMMC2_IRQHandler                        0x08000227   Thumb Code     0  startup_stm32f765xx.o(.text)
    SPDIF_RX_IRQHandler                      0x08000227   Thumb Code     0  startup_stm32f765xx.o(.text)
    SPI1_IRQHandler                          0x08000227   Thumb Code     0  startup_stm32f765xx.o(.text)
    SPI2_IRQHandler                          0x08000227   Thumb Code     0  startup_stm32f765xx.o(.text)
    SPI3_IRQHandler                          0x08000227   Thumb Code     0  startup_stm32f765xx.o(.text)
    SPI4_IRQHandler                          0x08000227   Thumb Code     0  startup_stm32f765xx.o(.text)
    SPI5_IRQHandler                          0x08000227   Thumb Code     0  startup_stm32f765xx.o(.text)
    SPI6_IRQHandler                          0x08000227   Thumb Code     0  startup_stm32f765xx.o(.text)
    TAMP_STAMP_IRQHandler                    0x08000227   Thumb Code     0  startup_stm32f765xx.o(.text)
    TIM1_BRK_TIM9_IRQHandler                 0x08000227   Thumb Code     0  startup_stm32f765xx.o(.text)
    TIM1_CC_IRQHandler                       0x08000227   Thumb Code     0  startup_stm32f765xx.o(.text)
    TIM1_TRG_COM_TIM11_IRQHandler            0x08000227   Thumb Code     0  startup_stm32f765xx.o(.text)
    TIM1_UP_TIM10_IRQHandler                 0x08000227   Thumb Code     0  startup_stm32f765xx.o(.text)
    TIM2_IRQHandler                          0x08000227   Thumb Code     0  startup_stm32f765xx.o(.text)
    TIM3_IRQHandler                          0x08000227   Thumb Code     0  startup_stm32f765xx.o(.text)
    TIM4_IRQHandler                          0x08000227   Thumb Code     0  startup_stm32f765xx.o(.text)
    TIM5_IRQHandler                          0x08000227   Thumb Code     0  startup_stm32f765xx.o(.text)
    TIM6_DAC_IRQHandler                      0x08000227   Thumb Code     0  startup_stm32f765xx.o(.text)
    TIM7_IRQHandler                          0x08000227   Thumb Code     0  startup_stm32f765xx.o(.text)
    TIM8_BRK_TIM12_IRQHandler                0x08000227   Thumb Code     0  startup_stm32f765xx.o(.text)
    TIM8_CC_IRQHandler                       0x08000227   Thumb Code     0  startup_stm32f765xx.o(.text)
    TIM8_TRG_COM_TIM14_IRQHandler            0x08000227   Thumb Code     0  startup_stm32f765xx.o(.text)
    TIM8_UP_TIM13_IRQHandler                 0x08000227   Thumb Code     0  startup_stm32f765xx.o(.text)
    UART4_IRQHandler                         0x08000227   Thumb Code     0  startup_stm32f765xx.o(.text)
    UART5_IRQHandler                         0x08000227   Thumb Code     0  startup_stm32f765xx.o(.text)
    UART7_IRQHandler                         0x08000227   Thumb Code     0  startup_stm32f765xx.o(.text)
    UART8_IRQHandler                         0x08000227   Thumb Code     0  startup_stm32f765xx.o(.text)
    USART1_IRQHandler                        0x08000227   Thumb Code     0  startup_stm32f765xx.o(.text)
    USART2_IRQHandler                        0x08000227   Thumb Code     0  startup_stm32f765xx.o(.text)
    USART3_IRQHandler                        0x08000227   Thumb Code     0  startup_stm32f765xx.o(.text)
    USART6_IRQHandler                        0x08000227   Thumb Code     0  startup_stm32f765xx.o(.text)
    WWDG_IRQHandler                          0x08000227   Thumb Code     0  startup_stm32f765xx.o(.text)
    __aeabi_memcpy                           0x08000231   Thumb Code    36  memcpya.o(.text)
    __aeabi_memcpy4                          0x08000231   Thumb Code     0  memcpya.o(.text)
    __aeabi_memcpy8                          0x08000231   Thumb Code     0  memcpya.o(.text)
    __I$use$fp                               0x08000255   Thumb Code     0  iusefp.o(.text)
    __fp_status                              0x08000255   Thumb Code     4  fpstat.o(.text)
    __ieee_status                            0x08000255   Thumb Code     0  fpstat.o(.text)
    __scatterload                            0x08000259   Thumb Code    28  init.o(.text)
    __scatterload_rt2                        0x08000259   Thumb Code     0  init.o(.text)
    AudioCodec_init                          0x0800048d   Thumb Code   336  codec.o(i.AudioCodec_init)
    BusFault_Handler                         0x080005e9   Thumb Code     4  stm32f7xx_it.o(i.BusFault_Handler)
    DMA1_Stream2_IRQHandler                  0x080005ed   Thumb Code    10  stm32f7xx_it.o(i.DMA1_Stream2_IRQHandler)
    DMA1_Stream4_IRQHandler                  0x080005fd   Thumb Code    10  stm32f7xx_it.o(i.DMA1_Stream4_IRQHandler)
    DMA2_Stream0_IRQHandler                  0x0800060d   Thumb Code    10  stm32f7xx_it.o(i.DMA2_Stream0_IRQHandler)
    DMA2_Stream1_IRQHandler                  0x0800061d   Thumb Code    10  stm32f7xx_it.o(i.DMA2_Stream1_IRQHandler)
    DMA2_Stream4_IRQHandler                  0x0800062d   Thumb Code    10  stm32f7xx_it.o(i.DMA2_Stream4_IRQHandler)
    DebugMon_Handler                         0x080007a9   Thumb Code     2  stm32f7xx_it.o(i.DebugMon_Handler)
    Error_Handler                            0x080007ad   Thumb Code    14  main.o(i.Error_Handler)
    HAL_ADC_ConfigChannel                    0x080007c1   Thumb Code   414  stm32f7xx_hal_adc.o(i.HAL_ADC_ConfigChannel)
    HAL_ADC_ConvCpltCallback                 0x08000975   Thumb Code     2  stm32f7xx_hal_adc.o(i.HAL_ADC_ConvCpltCallback)
    HAL_ADC_ConvHalfCpltCallback             0x08000977   Thumb Code     2  stm32f7xx_hal_adc.o(i.HAL_ADC_ConvHalfCpltCallback)
    HAL_ADC_ErrorCallback                    0x08000979   Thumb Code     2  stm32f7xx_hal_adc.o(i.HAL_ADC_ErrorCallback)
    HAL_ADC_Init                             0x0800097d   Thumb Code   100  stm32f7xx_hal_adc.o(i.HAL_ADC_Init)
    HAL_ADC_MspInit                          0x080009e5   Thumb Code   164  stm32f7xx_hal_msp.o(i.HAL_ADC_MspInit)
    HAL_ADC_Start_DMA                        0x08000aa5   Thumb Code   300  stm32f7xx_hal_adc.o(i.HAL_ADC_Start_DMA)
    HAL_DMA_IRQHandler                       0x08000bed   Thumb Code   574  stm32f7xx_hal_dma.o(i.HAL_DMA_IRQHandler)
    HAL_DMA_Init                             0x08000e35   Thumb Code   228  stm32f7xx_hal_dma.o(i.HAL_DMA_Init)
    HAL_DMA_Start_IT                         0x08000f1d   Thumb Code   158  stm32f7xx_hal_dma.o(i.HAL_DMA_Start_IT)
    HAL_Delay                                0x08000fbb   Thumb Code    26  stm32f7xx_hal.o(i.HAL_Delay)
    HAL_GPIO_Init                            0x08000fd5   Thumb Code   484  stm32f7xx_hal_gpio.o(i.HAL_GPIO_Init)
    HAL_GPIO_TogglePin                       0x080011ed   Thumb Code     8  stm32f7xx_hal_gpio.o(i.HAL_GPIO_TogglePin)
    HAL_GPIO_WritePin                        0x080011f5   Thumb Code    12  stm32f7xx_hal_gpio.o(i.HAL_GPIO_WritePin)
    HAL_GetTick                              0x08001201   Thumb Code     6  stm32f7xx_hal.o(i.HAL_GetTick)
    HAL_HCD_Connect_Callback                 0x0800120d   Thumb Code    14  usbh_conf.o(i.HAL_HCD_Connect_Callback)
    HAL_HCD_Disconnect_Callback              0x0800121b   Thumb Code    14  usbh_conf.o(i.HAL_HCD_Disconnect_Callback)
    HAL_HCD_GetCurrentFrame                  0x08001229   Thumb Code    12  stm32f7xx_hal_hcd.o(i.HAL_HCD_GetCurrentFrame)
    HAL_HCD_GetCurrentSpeed                  0x08001235   Thumb Code    12  stm32f7xx_hal_hcd.o(i.HAL_HCD_GetCurrentSpeed)
    HAL_HCD_HC_GetURBState                   0x08001241   Thumb Code    20  stm32f7xx_hal_hcd.o(i.HAL_HCD_HC_GetURBState)
    HAL_HCD_HC_GetXferCount                  0x08001255   Thumb Code    18  stm32f7xx_hal_hcd.o(i.HAL_HCD_HC_GetXferCount)
    HAL_HCD_HC_Halt                          0x08001267   Thumb Code    52  stm32f7xx_hal_hcd.o(i.HAL_HCD_HC_Halt)
    HAL_HCD_HC_Init                          0x0800129b   Thumb Code   186  stm32f7xx_hal_hcd.o(i.HAL_HCD_HC_Init)
    HAL_HCD_HC_NotifyURBChange_Callback      0x08001355   Thumb Code     2  usbh_conf.o(i.HAL_HCD_HC_NotifyURBChange_Callback)
    HAL_HCD_HC_SubmitRequest                 0x08001357   Thumb Code   616  stm32f7xx_hal_hcd.o(i.HAL_HCD_HC_SubmitRequest)
    HAL_HCD_IRQHandler                       0x080015bf   Thumb Code   358  stm32f7xx_hal_hcd.o(i.HAL_HCD_IRQHandler)
    HAL_HCD_Init                             0x08001725   Thumb Code    90  stm32f7xx_hal_hcd.o(i.HAL_HCD_Init)
    HAL_HCD_MspInit                          0x08001781   Thumb Code   144  usbh_conf.o(i.HAL_HCD_MspInit)
    HAL_HCD_ResetPort                        0x08001819   Thumb Code    12  stm32f7xx_hal_hcd.o(i.HAL_HCD_ResetPort)
    HAL_HCD_SOF_Callback                     0x08001825   Thumb Code    14  usbh_conf.o(i.HAL_HCD_SOF_Callback)
    HAL_HCD_Start                            0x08001833   Thumb Code    54  stm32f7xx_hal_hcd.o(i.HAL_HCD_Start)
    HAL_HCD_Stop                             0x08001869   Thumb Code    46  stm32f7xx_hal_hcd.o(i.HAL_HCD_Stop)
    HAL_I2CEx_ConfigAnalogFilter             0x08001897   Thumb Code   106  stm32f7xx_hal_i2c_ex.o(i.HAL_I2CEx_ConfigAnalogFilter)
    HAL_I2C_Init                             0x08001901   Thumb Code   192  stm32f7xx_hal_i2c.o(i.HAL_I2C_Init)
    HAL_I2C_Master_Transmit                  0x080019c5   Thumb Code   368  stm32f7xx_hal_i2c.o(i.HAL_I2C_Master_Transmit)
    HAL_I2C_MspInit                          0x08001b39   Thumb Code   196  stm32f7xx_hal_msp.o(i.HAL_I2C_MspInit)
    HAL_IncTick                              0x08001c15   Thumb Code    12  stm32f7xx_hal.o(i.HAL_IncTick)
    HAL_Init                                 0x08001c25   Thumb Code    22  stm32f7xx_hal.o(i.HAL_Init)
    HAL_InitTick                             0x08001c3d   Thumb Code    36  stm32f7xx_hal.o(i.HAL_InitTick)
    HAL_MspInit                              0x08001c65   Thumb Code    86  stm32f7xx_hal_msp.o(i.HAL_MspInit)
    HAL_NVIC_EnableIRQ                       0x08001cbb   Thumb Code    26  stm32f7xx_hal_cortex.o(i.HAL_NVIC_EnableIRQ)
    HAL_NVIC_SetPriority                     0x08001cd5   Thumb Code   124  stm32f7xx_hal_cortex.o(i.HAL_NVIC_SetPriority)
    HAL_NVIC_SetPriorityGrouping             0x08001d51   Thumb Code    32  stm32f7xx_hal_cortex.o(i.HAL_NVIC_SetPriorityGrouping)
    HAL_PWREx_EnableOverDrive                0x08001d79   Thumb Code   136  stm32f7xx_hal_pwr_ex.o(i.HAL_PWREx_EnableOverDrive)
    HAL_QSPI_Init                            0x08001e09   Thumb Code   208  stm32f7xx_hal_qspi.o(i.HAL_QSPI_Init)
    HAL_QSPI_MspInit                         0x08001ee1   Thumb Code   134  stm32f7xx_hal_msp.o(i.HAL_QSPI_MspInit)
    HAL_QSPI_SetTimeout                      0x08001f7d   Thumb Code     4  stm32f7xx_hal_qspi.o(i.HAL_QSPI_SetTimeout)
    HAL_RCCEx_GetPeriphCLKFreq               0x08001f81   Thumb Code   498  stm32f7xx_hal_rcc_ex.o(i.HAL_RCCEx_GetPeriphCLKFreq)
    HAL_RCCEx_PeriphCLKConfig                0x08002185   Thumb Code  2268  stm32f7xx_hal_rcc_ex.o(i.HAL_RCCEx_PeriphCLKConfig)
    HAL_RCC_ClockConfig                      0x08002a65   Thumb Code   420  stm32f7xx_hal_rcc.o(i.HAL_RCC_ClockConfig)
    HAL_RCC_GetHCLKFreq                      0x08002c19   Thumb Code     6  stm32f7xx_hal_rcc.o(i.HAL_RCC_GetHCLKFreq)
    HAL_RCC_GetSysClockFreq                  0x08002c25   Thumb Code   168  stm32f7xx_hal_rcc.o(i.HAL_RCC_GetSysClockFreq)
    HAL_RCC_OscConfig                        0x08002cd9   Thumb Code  1266  stm32f7xx_hal_rcc.o(i.HAL_RCC_OscConfig)
    HAL_RNG_GenerateRandomNumber             0x080031d1   Thumb Code   118  stm32f7xx_hal_rng.o(i.HAL_RNG_GenerateRandomNumber)
    HAL_RNG_Init                             0x08003247   Thumb Code    74  stm32f7xx_hal_rng.o(i.HAL_RNG_Init)
    HAL_RNG_MspInit                          0x08003291   Thumb Code    40  stm32f7xx_hal_msp.o(i.HAL_RNG_MspInit)
    HAL_SAI_ErrorCallback                    0x080032c1   Thumb Code    14  audiostream.o(i.HAL_SAI_ErrorCallback)
    HAL_SAI_Init                             0x080032d1   Thumb Code   522  stm32f7xx_hal_sai.o(i.HAL_SAI_Init)
    HAL_SAI_InitProtocol                     0x080034ed   Thumb Code    88  stm32f7xx_hal_sai.o(i.HAL_SAI_InitProtocol)
    HAL_SAI_MspInit                          0x08003545   Thumb Code   338  stm32f7xx_hal_msp.o(i.HAL_SAI_MspInit)
    HAL_SAI_Receive_DMA                      0x080036b5   Thumb Code   194  stm32f7xx_hal_sai.o(i.HAL_SAI_Receive_DMA)
    HAL_SAI_RxCpltCallback                   0x08003785   Thumb Code     2  stm32f7xx_hal_sai.o(i.HAL_SAI_RxCpltCallback)
    HAL_SAI_RxHalfCpltCallback               0x08003787   Thumb Code     2  stm32f7xx_hal_sai.o(i.HAL_SAI_RxHalfCpltCallback)
    HAL_SAI_Transmit_DMA                     0x08003789   Thumb Code   194  stm32f7xx_hal_sai.o(i.HAL_SAI_Transmit_DMA)
    HAL_SAI_TxCpltCallback                   0x08003859   Thumb Code    14  audiostream.o(i.HAL_SAI_TxCpltCallback)
    HAL_SAI_TxHalfCpltCallback               0x08003867   Thumb Code    12  audiostream.o(i.HAL_SAI_TxHalfCpltCallback)
    HAL_SPI_Init                             0x08003873   Thumb Code   204  stm32f7xx_hal_spi.o(i.HAL_SPI_Init)
    HAL_SPI_MspInit                          0x08003941   Thumb Code    76  stm32f7xx_hal_msp.o(i.HAL_SPI_MspInit)
    HAL_SYSTICK_CLKSourceConfig              0x08003999   Thumb Code    40  stm32f7xx_hal_cortex.o(i.HAL_SYSTICK_CLKSourceConfig)
    HAL_SYSTICK_Callback                     0x080039c1   Thumb Code     2  stm32f7xx_hal_cortex.o(i.HAL_SYSTICK_Callback)
    HAL_SYSTICK_Config                       0x080039c3   Thumb Code    52  stm32f7xx_hal_cortex.o(i.HAL_SYSTICK_Config)
    HAL_SYSTICK_IRQHandler                   0x080039f7   Thumb Code     8  stm32f7xx_hal_cortex.o(i.HAL_SYSTICK_IRQHandler)
    HardFault_Handler                        0x080045bd   Thumb Code     4  stm32f7xx_it.o(i.HardFault_Handler)
    MIDI_Application                         0x080047ad   Thumb Code    56  midi_application.o(i.MIDI_Application)
    MX_USB_HOST_Init                         0x08004d89   Thumb Code    28  usb_host.o(i.MX_USB_HOST_Init)
    MX_USB_HOST_Process                      0x08004db1   Thumb Code    14  usb_host.o(i.MX_USB_HOST_Process)
    MemManage_Handler                        0x08004dc5   Thumb Code     4  stm32f7xx_it.o(i.MemManage_Handler)
    NMI_Handler                              0x08004dc9   Thumb Code     2  stm32f7xx_it.o(i.NMI_Handler)
    OOPSInit                                 0x08004e05   Thumb Code    44  oops.o(i.OOPSInit)
    OTG_FS_IRQHandler                        0x08004e39   Thumb Code    10  stm32f7xx_it.o(i.OTG_FS_IRQHandler)
    PendSV_Handler                           0x08004e49   Thumb Code     2  stm32f7xx_it.o(i.PendSV_Handler)
    ProcessReceivedMidiDatas                 0x08004e4d   Thumb Code   320  midi_application.o(i.ProcessReceivedMidiDatas)
    SVC_Handler                              0x080052f7   Thumb Code     2  stm32f7xx_it.o(i.SVC_Handler)
    SysTick_Handler                          0x080052f9   Thumb Code    12  stm32f7xx_it.o(i.SysTick_Handler)
    SystemClock_Config                       0x08005305   Thumb Code   240  main.o(i.SystemClock_Config)
    SystemInit                               0x080053fd   Thumb Code    82  system_stm32f7xx_1.o(i.SystemInit)
    USBH_AllocPipe                           0x08005461   Thumb Code    38  usbh_pipes.o(i.USBH_AllocPipe)
    USBH_BulkReceiveData                     0x08005487   Thumb Code    42  usbh_ioreq.o(i.USBH_BulkReceiveData)
    USBH_BulkSendData                        0x080054b1   Thumb Code    52  usbh_ioreq.o(i.USBH_BulkSendData)
    USBH_ClosePipe                           0x080054e5   Thumb Code    18  usbh_pipes.o(i.USBH_ClosePipe)
    USBH_ClrFeature                          0x080054f7   Thumb Code    40  usbh_ctlreq.o(i.USBH_ClrFeature)
    USBH_CtlReceiveData                      0x0800551f   Thumb Code    42  usbh_ioreq.o(i.USBH_CtlReceiveData)
    USBH_CtlReq                              0x08005549   Thumb Code    84  usbh_ctlreq.o(i.USBH_CtlReq)
    USBH_CtlSendData                         0x0800559d   Thumb Code    52  usbh_ioreq.o(i.USBH_CtlSendData)
    USBH_CtlSendSetup                        0x080055d1   Thumb Code    38  usbh_ioreq.o(i.USBH_CtlSendSetup)
    USBH_Delay                               0x080055f7   Thumb Code    12  usbh_conf.o(i.USBH_Delay)
    USBH_FindInterface                       0x08005603   Thumb Code    80  usbh_core.o(i.USBH_FindInterface)
    USBH_FreePipe                            0x08005653   Thumb Code    30  usbh_pipes.o(i.USBH_FreePipe)
    USBH_GetDescriptor                       0x08005671   Thumb Code    74  usbh_ctlreq.o(i.USBH_GetDescriptor)
    USBH_GetNextDesc                         0x080056e3   Thumb Code    18  usbh_ctlreq.o(i.USBH_GetNextDesc)
    USBH_Get_CfgDesc                         0x080056f5   Thumb Code    46  usbh_ctlreq.o(i.USBH_Get_CfgDesc)
    USBH_Get_DevDesc                         0x08005723   Thumb Code    46  usbh_ctlreq.o(i.USBH_Get_DevDesc)
    USBH_Get_StringDesc                      0x08005751   Thumb Code    54  usbh_ctlreq.o(i.USBH_Get_StringDesc)
    USBH_Init                                0x08005abb   Thumb Code    50  usbh_core.o(i.USBH_Init)
    USBH_LL_ClosePipe                        0x08005aed   Thumb Code    68  usbh_conf.o(i.USBH_LL_ClosePipe)
    USBH_LL_Connect                          0x08005b31   Thumb Code    46  usbh_core.o(i.USBH_LL_Connect)
    USBH_LL_Disconnect                       0x08005b5f   Thumb Code    62  usbh_core.o(i.USBH_LL_Disconnect)
    USBH_LL_DriverVBUS                       0x08005b9d   Thumb Code    26  usbh_conf.o(i.USBH_LL_DriverVBUS)
    USBH_LL_GetLastXferSize                  0x08005bb7   Thumb Code    18  usbh_conf.o(i.USBH_LL_GetLastXferSize)
    USBH_LL_GetSpeed                         0x08005bc9   Thumb Code    48  usbh_conf.o(i.USBH_LL_GetSpeed)
    USBH_LL_GetURBState                      0x08005bf9   Thumb Code    18  usbh_conf.o(i.USBH_LL_GetURBState)
    USBH_LL_IncTimer                         0x08005c0b   Thumb Code    22  usbh_core.o(i.USBH_LL_IncTimer)
    USBH_LL_Init                             0x08005c21   Thumb Code    82  usbh_conf.o(i.USBH_LL_Init)
    USBH_LL_OpenPipe                         0x08005c79   Thumb Code   114  usbh_conf.o(i.USBH_LL_OpenPipe)
    USBH_LL_ResetPort                        0x08005ceb   Thumb Code    60  usbh_conf.o(i.USBH_LL_ResetPort)
    USBH_LL_SetTimer                         0x08005d27   Thumb Code     6  usbh_core.o(i.USBH_LL_SetTimer)
    USBH_LL_SetToggle                        0x08005d2d   Thumb Code    58  usbh_conf.o(i.USBH_LL_SetToggle)
    USBH_LL_Start                            0x08005d67   Thumb Code    60  usbh_conf.o(i.USBH_LL_Start)
    USBH_LL_Stop                             0x08005da3   Thumb Code    60  usbh_conf.o(i.USBH_LL_Stop)
    USBH_LL_SubmitURB                        0x08005ddf   Thumb Code   118  usbh_conf.o(i.USBH_LL_SubmitURB)
    USBH_MIDI_GetLastReceivedDataSize        0x08005e67   Thumb Code    32  usbh_midi.o(i.USBH_MIDI_GetLastReceivedDataSize)
    USBH_MIDI_Receive                        0x080060c7   Thumb Code    40  usbh_midi.o(i.USBH_MIDI_Receive)
    USBH_MIDI_ReceiveCallback                0x080060f1   Thumb Code    20  midi_application.o(i.USBH_MIDI_ReceiveCallback)
    USBH_MIDI_Stop                           0x08006113   Thumb Code    40  usbh_midi.o(i.USBH_MIDI_Stop)
    USBH_MIDI_TransmitCallback               0x0800613b   Thumb Code     2  usbh_midi.o(i.USBH_MIDI_TransmitCallback)
    USBH_OpenPipe                            0x0800613d   Thumb Code    42  usbh_pipes.o(i.USBH_OpenPipe)
    USBH_Process                             0x08006315   Thumb Code   452  usbh_core.o(i.USBH_Process)
    USBH_RegisterClass                       0x080064d9   Thumb Code    44  usbh_core.o(i.USBH_RegisterClass)
    USBH_SelectInterface                     0x08006505   Thumb Code    22  usbh_core.o(i.USBH_SelectInterface)
    USBH_SetAddress                          0x0800651b   Thumb Code    40  usbh_ctlreq.o(i.USBH_SetAddress)
    USBH_SetCfg                              0x08006543   Thumb Code    40  usbh_ctlreq.o(i.USBH_SetCfg)
    USBH_Start                               0x0800656b   Thumb Code    22  usbh_core.o(i.USBH_Start)
    USB_CoreInit                             0x080065c1   Thumb Code   108  stm32f7xx_ll_usb.o(i.USB_CoreInit)
    USB_DisableGlobalInt                     0x0800667d   Thumb Code    14  stm32f7xx_ll_usb.o(i.USB_DisableGlobalInt)
    USB_DoPing                               0x0800668d   Thumb Code    60  stm32f7xx_ll_usb.o(i.USB_DoPing)
    USB_DriveVbus                            0x080066cd   Thumb Code    68  stm32f7xx_ll_usb.o(i.USB_DriveVbus)
    USB_EnableGlobalInt                      0x08006711   Thumb Code    14  stm32f7xx_ll_usb.o(i.USB_EnableGlobalInt)
    USB_FlushRxFifo                          0x08006721   Thumb Code    38  stm32f7xx_ll_usb.o(i.USB_FlushRxFifo)
    USB_FlushTxFifo                          0x0800674d   Thumb Code    44  stm32f7xx_ll_usb.o(i.USB_FlushTxFifo)
    USB_GetCurrentFrame                      0x0800677d   Thumb Code    12  stm32f7xx_ll_usb.o(i.USB_GetCurrentFrame)
    USB_GetHostSpeed                         0x08006789   Thumb Code    18  stm32f7xx_ll_usb.o(i.USB_GetHostSpeed)
    USB_GetMode                              0x0800679b   Thumb Code    10  stm32f7xx_ll_usb.o(i.USB_GetMode)
    USB_HC_Halt                              0x080067a5   Thumb Code   378  stm32f7xx_ll_usb.o(i.USB_HC_Halt)
    USB_HC_Init                              0x0800691f   Thumb Code   392  stm32f7xx_ll_usb.o(i.USB_HC_Init)
    USB_HC_ReadInterrupt                     0x08006aa7   Thumb Code    12  stm32f7xx_ll_usb.o(i.USB_HC_ReadInterrupt)
    USB_HC_StartXfer                         0x08006ab5   Thumb Code   404  stm32f7xx_ll_usb.o(i.USB_HC_StartXfer)
    USB_HostInit                             0x08006c51   Thumb Code   198  stm32f7xx_ll_usb.o(i.USB_HostInit)
    USB_InitFSLSPClkSel                      0x08006d2d   Thumb Code    62  stm32f7xx_ll_usb.o(i.USB_InitFSLSPClkSel)
    USB_ReadInterrupts                       0x08006d6b   Thumb Code    12  stm32f7xx_ll_usb.o(i.USB_ReadInterrupts)
    USB_ReadPacket                           0x08006d77   Thumb Code    40  stm32f7xx_ll_usb.o(i.USB_ReadPacket)
    USB_ResetPort                            0x08006d9f   Thumb Code    54  stm32f7xx_ll_usb.o(i.USB_ResetPort)
    USB_SetCurrentMode                       0x08006dd5   Thumb Code    48  stm32f7xx_ll_usb.o(i.USB_SetCurrentMode)
    USB_StopHost                             0x08006e05   Thumb Code   174  stm32f7xx_ll_usb.o(i.USB_StopHost)
    USB_WritePacket                          0x08006eb3   Thumb Code    58  stm32f7xx_ll_usb.o(i.USB_WritePacket)
    UsageFault_Handler                       0x08006eed   Thumb Code     4  stm32f7xx_it.o(i.UsageFault_Handler)
    __ARM_fpclassifyf                        0x08006ef1   Thumb Code    38  fpclassifyf.o(i.__ARM_fpclassifyf)
    __hardfp_acosf                           0x08006f19   Thumb Code   234  acosf.o(i.__hardfp_acosf)
    __hardfp_cosf                            0x0800703d   Thumb Code   276  cosf.o(i.__hardfp_cosf)
    __hardfp_powf                            0x0800718d   Thumb Code  1590  powf.o(i.__hardfp_powf)
    __mathlib_powf                           0x0800718d   Thumb Code     0  powf.o(i.__hardfp_powf)
    __mathlib_flt_divzero                    0x080077e5   Thumb Code    14  funder.o(i.__mathlib_flt_divzero)
    __mathlib_flt_infnan                     0x080077fd   Thumb Code     6  funder.o(i.__mathlib_flt_infnan)
    __mathlib_flt_infnan2                    0x08007803   Thumb Code     6  funder.o(i.__mathlib_flt_infnan2)
    __mathlib_flt_invalid                    0x08007809   Thumb Code    10  funder.o(i.__mathlib_flt_invalid)
    __mathlib_flt_overflow                   0x08007819   Thumb Code    10  funder.o(i.__mathlib_flt_overflow)
    __mathlib_flt_underflow                  0x08007829   Thumb Code    10  funder.o(i.__mathlib_flt_underflow)
    __mathlib_rredf2                         0x08007839   Thumb Code   316  rredf.o(i.__mathlib_rredf2)
    __scatterload_copy                       0x0800798d   Thumb Code    14  handlers.o(i.__scatterload_copy)
    __scatterload_null                       0x0800799b   Thumb Code     2  handlers.o(i.__scatterload_null)
    __scatterload_zeroinit                   0x0800799d   Thumb Code    14  handlers.o(i.__scatterload_zeroinit)
    __set_errno                              0x080079ad   Thumb Code     6  errno.o(i.__set_errno)
    audioError                               0x080079b9   Thumb Code    14  audiostream.o(i.audioError)
    audioFrame                               0x080079cd   Thumb Code   136  audiostream.o(i.audioFrame)
    audioInit                                0x08007a6d   Thumb Code   132  audiostream.o(i.audioInit)
    audioTickL                               0x08007b1d   Thumb Code    32  audiostream.o(i.audioTickL)
    free                                     0x08007b41   Thumb Code    76  malloc.o(i.free)
    main                                     0x08007b91   Thumb Code    86  main.o(i.main)
    malloc                                   0x08007c01   Thumb Code    92  malloc.o(i.malloc)
    randomNumber                             0x08007c6d   Thumb Code    62  audiostream.o(i.randomNumber)
    sqrtf                                    0x08007cb9   Thumb Code    62  sqrtf.o(i.sqrtf)
    tCompressorInit                          0x08007cf9   Thumb Code    76  oopsutilities.o(i.tCompressorInit)
    tCycleInit                               0x08007d55   Thumb Code    42  oopsoscillator.o(i.tCycleInit)
    tCycleSampleRateChanged                  0x08007d91   Thumb Code    20  oopsoscillator.o(i.tCycleSampleRateChanged)
    tCycleSetFreq                            0x08007da9   Thumb Code    42  oopsoscillator.o(i.tCycleSetFreq)
    tSawtoothInit                            0x08007ddd   Thumb Code    56  oopsoscillator.o(i.tSawtoothInit)
    tSawtoothSampleRateChanged               0x08007e25   Thumb Code    20  oopsoscillator.o(i.tSawtoothSampleRateChanged)
    tSawtoothSetFreq                         0x08007e3d   Thumb Code    42  oopsoscillator.o(i.tSawtoothSetFreq)
    tSawtoothTick                            0x08007e71   Thumb Code   924  oopsoscillator.o(i.tSawtoothTick)
    tTalkboxInit                             0x08008291   Thumb Code    72  oopsinstrument.o(i.tTalkboxInit)
    tTalkboxUpdate                           0x080082e1   Thumb Code   282  oopsinstrument.o(i.tTalkboxUpdate)
    tVocoderInit                             0x0800841d   Thumb Code   102  oopsinstrument.o(i.tVocoderInit)
    tVocoderUpdate                           0x080084a1   Thumb Code  1196  oopsinstrument.o(i.tVocoderUpdate)
    shaper1                                  0x0800894c   Data       262144  oopswavetables.o(.constdata)
    sawtooth                                 0x0804894c   Data       90112  oopswavetables.o(.constdata)
    sinewave                                 0x0805e94c   Data        8192  oopswavetables.o(.constdata)
    AHBPrescTable                            0x0806094c   Data          16  system_stm32f7xx_1.o(.constdata)
    APBPrescTable                            0x0806095c   Data           8  system_stm32f7xx_1.o(.constdata)
    Region$$Table$$Base                      0x08060ad4   Number         0  anon$$obj.o(Region$$Table)
    Region$$Table$$Limit                     0x08060af4   Number         0  anon$$obj.o(Region$$Table)
    Appli_state                              0x20000000   Data           1  usb_host.o(.data)
    sine                                     0x20000008   Data           8  audiostream.o(.data)
    tb                                       0x20000010   Data           4  audiostream.o(.data)
    voc                                      0x20000014   Data           4  audiostream.o(.data)
    saw                                      0x20000018   Data           4  audiostream.o(.data)
    comp                                     0x2000001c   Data           4  audiostream.o(.data)
    ADCfilteredValue                         0x20000020   Data           2  audiostream.o(.data)
    adcVals                                  0x20000024   Data           4  audiostream.o(.data)
    hrandom                                  0x20000028   Data           4  audiostream.o(.data)
    rightIn                                  0x20000040   Data           4  audiostream.o(.data)
    i2cDataSize                              0x20000044   Data           2  codec.o(.data)
    myI2cData                                0x20000046   Data           2  codec.o(.data)
    I2Ctimeout                               0x20000048   Data           4  codec.o(.data)
    MIDI_Appli_state                         0x2000004c   Data           1  midi_application.o(.data)
    key                                      0x2000004d   Data           1  midi_application.o(.data)
    velocity                                 0x2000004e   Data           1  midi_application.o(.data)
    ctrl                                     0x2000004f   Data           1  midi_application.o(.data)
    data                                     0x20000050   Data           1  midi_application.o(.data)
    firstkey                                 0x20000051   Data           1  midi_application.o(.data)
    h                                        0x20000052   Data           1  midi_application.o(.data)
    MIDI_Class                               0x20000054   Data          32  usbh_midi.o(.data)
    SystemCoreClock                          0x20000074   Data           4  system_stm32f7xx_1.o(.data)
    uwTick                                   0x20000078   Data           4  stm32f7xx_hal.o(.data)
    __microlib_freelist                      0x20000084   Data           4  mvars.o(.data)
    __microlib_freelist_initialised          0x20000088   Data           4  mvars.o(.data)
    hUsbHostFS                               0x20000090   Data        1180  usb_host.o(.bss)
    hadc1                                    0x2000052c   Data          72  main.o(.bss)
    hdma_adc1                                0x20000574   Data          96  main.o(.bss)
    hi2c2                                    0x200005d4   Data          76  main.o(.bss)
    hdma_i2c2_rx                             0x20000620   Data          96  main.o(.bss)
    hdma_i2c2_tx                             0x20000680   Data          96  main.o(.bss)
    hqspi                                    0x200006e0   Data          76  main.o(.bss)
    hrng                                     0x2000072c   Data          12  main.o(.bss)
    hsai_BlockA1                             0x20000738   Data         132  main.o(.bss)
    hsai_BlockB1                             0x200007bc   Data         132  main.o(.bss)
    hdma_sai1_a                              0x20000840   Data          96  main.o(.bss)
    hdma_sai1_b                              0x200008a0   Data          96  main.o(.bss)
    hspi4                                    0x20000900   Data         100  main.o(.bss)
    adcValues                                0x20000964   Data          24  main.o(.bss)
    hhcd_USB_OTG_FS                          0x2000097c   Data         664  usbh_conf.o(.bss)
    audioOutBuffer                           0x20000c18   Data        4096  audiostream.o(.bss)
    audioInBuffer                            0x20001c18   Data        4096  audiostream.o(.bss)
    ADCfilterMemory                          0x20002c18   Data          32  audiostream.o(.bss)
    paramvalue                               0x20002c38   Data         256  midi_application.o(.bss)
    MIDI_RX_Buffer                           0x20002d38   Data          64  midi_application.o(.bss)
    oops                                     0x20002d78   Data       33232  oops.o(.bss)
    __heap_base                              0x2000af48   Data           0  startup_stm32f765xx.o(HEAP)
    __heap_limit                             0x2000b148   Data           0  startup_stm32f765xx.o(HEAP)
    __initial_sp                             0x2000b548   Data           0  startup_stm32f765xx.o(STACK)



==============================================================================

Memory Map of the image

  Image Entry point : 0x080001f9

  Load Region LR_IROM1 (Base: 0x08000000, Size: 0x00060b84, Max: 0x00200000, ABSOLUTE)

    Execution Region ER_IROM1 (Base: 0x08000000, Size: 0x00060af4, Max: 0x00200000, ABSOLUTE)

    Base Addr    Size         Type   Attr      Idx    E Section Name        Object

    0x08000000   0x000001f8   Data   RO            3    RESET               startup_stm32f765xx.o
    0x080001f8   0x00000000   Code   RO         5277  * .ARM.Collect$$$$00000000  mc_w.l(entry.o)
    0x080001f8   0x00000004   Code   RO         5371    .ARM.Collect$$$$00000001  mc_w.l(entry2.o)
    0x080001fc   0x00000004   Code   RO         5374    .ARM.Collect$$$$00000004  mc_w.l(entry5.o)
    0x08000200   0x00000000   Code   RO         5376    .ARM.Collect$$$$00000008  mc_w.l(entry7b.o)
    0x08000200   0x00000000   Code   RO         5378    .ARM.Collect$$$$0000000A  mc_w.l(entry8b.o)
    0x08000200   0x00000008   Code   RO         5379    .ARM.Collect$$$$0000000B  mc_w.l(entry9a.o)
    0x08000208   0x00000000   Code   RO         5381    .ARM.Collect$$$$0000000D  mc_w.l(entry10a.o)
    0x08000208   0x00000000   Code   RO         5383    .ARM.Collect$$$$0000000F  mc_w.l(entry11a.o)
    0x08000208   0x00000004   Code   RO         5372    .ARM.Collect$$$$00002712  mc_w.l(entry2.o)
    0x0800020c   0x00000024   Code   RO            4    .text               startup_stm32f765xx.o
    0x08000230   0x00000024   Code   RO         5282    .text               mc_w.l(memcpya.o)
    0x08000254   0x00000000   Code   RO         5398    .text               mc_w.l(iusefp.o)
    0x08000254   0x00000004   Code   RO         5403    .text               mf_w.l(fpstat.o)
    0x08000258   0x00000024   Code   RO         5408    .text               mc_w.l(init.o)
    0x0800027c   0x0000006e   Code   RO         3122    i.ADC_DMAConvCplt   stm32f7xx_hal_adc.o
    0x080002ea   0x0000001a   Code   RO         3123    i.ADC_DMAError      stm32f7xx_hal_adc.o
    0x08000304   0x0000000e   Code   RO         3124    i.ADC_DMAHalfConvCplt  stm32f7xx_hal_adc.o
    0x08000312   0x00000002   PAD
    0x08000314   0x00000178   Code   RO         3125    i.ADC_Init          stm32f7xx_hal_adc.o
    0x0800048c   0x0000015c   Code   RO          769    i.AudioCodec_init   codec.o
    0x080005e8   0x00000004   Code   RO          566    i.BusFault_Handler  stm32f7xx_it.o
    0x080005ec   0x00000010   Code   RO          567    i.DMA1_Stream2_IRQHandler  stm32f7xx_it.o
    0x080005fc   0x00000010   Code   RO          568    i.DMA1_Stream4_IRQHandler  stm32f7xx_it.o
    0x0800060c   0x00000010   Code   RO          569    i.DMA2_Stream0_IRQHandler  stm32f7xx_it.o
    0x0800061c   0x00000010   Code   RO          570    i.DMA2_Stream1_IRQHandler  stm32f7xx_it.o
    0x0800062c   0x00000010   Code   RO          571    i.DMA2_Stream4_IRQHandler  stm32f7xx_it.o
    0x0800063c   0x00000034   Code   RO         1980    i.DMA_CalcBaseAndBitshift  stm32f7xx_hal_dma.o
    0x08000670   0x000000ba   Code   RO         1981    i.DMA_CheckFifoParam  stm32f7xx_hal_dma.o
    0x0800072a   0x0000002c   Code   RO         1982    i.DMA_SetConfig     stm32f7xx_hal_dma.o
    0x08000756   0x00000052   Code   RO         1600    i.DeInitStateMachine  usbh_core.o
    0x080007a8   0x00000002   Code   RO          572    i.DebugMon_Handler  stm32f7xx_it.o
    0x080007aa   0x00000002   PAD
    0x080007ac   0x00000014   Code   RO          207    i.Error_Handler     main.o
    0x080007c0   0x000001b4   Code   RO         3127    i.HAL_ADC_ConfigChannel  stm32f7xx_hal_adc.o
    0x08000974   0x00000002   Code   RO         3128    i.HAL_ADC_ConvCpltCallback  stm32f7xx_hal_adc.o
    0x08000976   0x00000002   Code   RO         3129    i.HAL_ADC_ConvHalfCpltCallback  stm32f7xx_hal_adc.o
    0x08000978   0x00000002   Code   RO         3131    i.HAL_ADC_ErrorCallback  stm32f7xx_hal_adc.o
    0x0800097a   0x00000002   PAD
    0x0800097c   0x00000068   Code   RO         3136    i.HAL_ADC_Init      stm32f7xx_hal_adc.o
    0x080009e4   0x000000c0   Code   RO          468    i.HAL_ADC_MspInit   stm32f7xx_hal_msp.o
    0x08000aa4   0x00000148   Code   RO         3143    i.HAL_ADC_Start_DMA  stm32f7xx_hal_adc.o
    0x08000bec   0x00000248   Code   RO         1988    i.HAL_DMA_IRQHandler  stm32f7xx_hal_dma.o
    0x08000e34   0x000000e8   Code   RO         1989    i.HAL_DMA_Init      stm32f7xx_hal_dma.o
    0x08000f1c   0x0000009e   Code   RO         1993    i.HAL_DMA_Start_IT  stm32f7xx_hal_dma.o
    0x08000fba   0x0000001a   Code   RO         3299    i.HAL_Delay         stm32f7xx_hal.o
    0x08000fd4   0x00000218   Code   RO         3059    i.HAL_GPIO_Init     stm32f7xx_hal_gpio.o
    0x080011ec   0x00000008   Code   RO         3062    i.HAL_GPIO_TogglePin  stm32f7xx_hal_gpio.o
    0x080011f4   0x0000000c   Code   RO         3063    i.HAL_GPIO_WritePin  stm32f7xx_hal_gpio.o
    0x08001200   0x0000000c   Code   RO         3309    i.HAL_GetTick       stm32f7xx_hal.o
    0x0800120c   0x0000000e   Code   RO          320    i.HAL_HCD_Connect_Callback  usbh_conf.o
    0x0800121a   0x0000000e   Code   RO          321    i.HAL_HCD_Disconnect_Callback  usbh_conf.o
    0x08001228   0x0000000c   Code   RO         3754    i.HAL_HCD_GetCurrentFrame  stm32f7xx_hal_hcd.o
    0x08001234   0x0000000c   Code   RO         3755    i.HAL_HCD_GetCurrentSpeed  stm32f7xx_hal_hcd.o
    0x08001240   0x00000014   Code   RO         3758    i.HAL_HCD_HC_GetURBState  stm32f7xx_hal_hcd.o
    0x08001254   0x00000012   Code   RO         3759    i.HAL_HCD_HC_GetXferCount  stm32f7xx_hal_hcd.o
    0x08001266   0x00000034   Code   RO         3760    i.HAL_HCD_HC_Halt   stm32f7xx_hal_hcd.o
    0x0800129a   0x000000ba   Code   RO         3761    i.HAL_HCD_HC_Init   stm32f7xx_hal_hcd.o
    0x08001354   0x00000002   Code   RO          322    i.HAL_HCD_HC_NotifyURBChange_Callback  usbh_conf.o
    0x08001356   0x00000268   Code   RO         3763    i.HAL_HCD_HC_SubmitRequest  stm32f7xx_hal_hcd.o
    0x080015be   0x00000166   Code   RO         3764    i.HAL_HCD_IRQHandler  stm32f7xx_hal_hcd.o
    0x08001724   0x0000005a   Code   RO         3765    i.HAL_HCD_Init      stm32f7xx_hal_hcd.o
    0x0800177e   0x00000002   PAD
    0x08001780   0x00000098   Code   RO          324    i.HAL_HCD_MspInit   usbh_conf.o
    0x08001818   0x0000000c   Code   RO         3768    i.HAL_HCD_ResetPort  stm32f7xx_hal_hcd.o
    0x08001824   0x0000000e   Code   RO          325    i.HAL_HCD_SOF_Callback  usbh_conf.o
    0x08001832   0x00000036   Code   RO         3770    i.HAL_HCD_Start     stm32f7xx_hal_hcd.o
    0x08001868   0x0000002e   Code   RO         3771    i.HAL_HCD_Stop      stm32f7xx_hal_hcd.o
    0x08001896   0x0000006a   Code   RO         5136    i.HAL_I2CEx_ConfigAnalogFilter  stm32f7xx_hal_i2c_ex.o
    0x08001900   0x000000c4   Code   RO         4583    i.HAL_I2C_Init      stm32f7xx_hal_i2c.o
    0x080019c4   0x00000174   Code   RO         4594    i.HAL_I2C_Master_Transmit  stm32f7xx_hal_i2c.o
    0x08001b38   0x000000dc   Code   RO          470    i.HAL_I2C_MspInit   stm32f7xx_hal_msp.o
    0x08001c14   0x00000010   Code   RO         3310    i.HAL_IncTick       stm32f7xx_hal.o
    0x08001c24   0x00000016   Code   RO         3311    i.HAL_Init          stm32f7xx_hal.o
    0x08001c3a   0x00000002   PAD
    0x08001c3c   0x00000028   Code   RO         3312    i.HAL_InitTick      stm32f7xx_hal.o
    0x08001c64   0x00000056   Code   RO          471    i.HAL_MspInit       stm32f7xx_hal_msp.o
    0x08001cba   0x0000001a   Code   RO         2091    i.HAL_NVIC_EnableIRQ  stm32f7xx_hal_cortex.o
    0x08001cd4   0x0000007c   Code   RO         2097    i.HAL_NVIC_SetPriority  stm32f7xx_hal_cortex.o
    0x08001d50   0x00000028   Code   RO         2098    i.HAL_NVIC_SetPriorityGrouping  stm32f7xx_hal_cortex.o
    0x08001d78   0x00000090   Code   RO         4468    i.HAL_PWREx_EnableOverDrive  stm32f7xx_hal_pwr_ex.o
    0x08001e08   0x000000d8   Code   RO         2241    i.HAL_QSPI_Init     stm32f7xx_hal_qspi.o
    0x08001ee0   0x0000009c   Code   RO          473    i.HAL_QSPI_MspInit  stm32f7xx_hal_msp.o
    0x08001f7c   0x00000004   Code   RO         2251    i.HAL_QSPI_SetTimeout  stm32f7xx_hal_qspi.o
    0x08001f80   0x00000204   Code   RO         4286    i.HAL_RCCEx_GetPeriphCLKFreq  stm32f7xx_hal_rcc_ex.o
    0x08002184   0x000008e0   Code   RO         4287    i.HAL_RCCEx_PeriphCLKConfig  stm32f7xx_hal_rcc_ex.o
    0x08002a64   0x000001b4   Code   RO         1879    i.HAL_RCC_ClockConfig  stm32f7xx_hal_rcc.o
    0x08002c18   0x0000000c   Code   RO         1884    i.HAL_RCC_GetHCLKFreq  stm32f7xx_hal_rcc.o
    0x08002c24   0x000000b4   Code   RO         1888    i.HAL_RCC_GetSysClockFreq  stm32f7xx_hal_rcc.o
    0x08002cd8   0x000004f8   Code   RO         1891    i.HAL_RCC_OscConfig  stm32f7xx_hal_rcc.o
    0x080031d0   0x00000076   Code   RO         4323    i.HAL_RNG_GenerateRandomNumber  stm32f7xx_hal_rng.o
    0x08003246   0x0000004a   Code   RO         4329    i.HAL_RNG_Init      stm32f7xx_hal_rng.o
    0x08003290   0x00000030   Code   RO          475    i.HAL_RNG_MspInit   stm32f7xx_hal_msp.o
    0x080032c0   0x0000000e   Code   RO          678    i.HAL_SAI_ErrorCallback  audiostream.o
    0x080032ce   0x00000002   PAD
    0x080032d0   0x0000021c   Code   RO         3928    i.HAL_SAI_Init      stm32f7xx_hal_sai.o
    0x080034ec   0x00000058   Code   RO         3929    i.HAL_SAI_InitProtocol  stm32f7xx_hal_sai.o
    0x08003544   0x00000170   Code   RO          477    i.HAL_SAI_MspInit   stm32f7xx_hal_msp.o
    0x080036b4   0x000000d0   Code   RO         3933    i.HAL_SAI_Receive_DMA  stm32f7xx_hal_sai.o
    0x08003784   0x00000002   Code   RO         3935    i.HAL_SAI_RxCpltCallback  stm32f7xx_hal_sai.o
    0x08003786   0x00000002   Code   RO         3936    i.HAL_SAI_RxHalfCpltCallback  stm32f7xx_hal_sai.o
    0x08003788   0x000000d0   Code   RO         3938    i.HAL_SAI_Transmit_DMA  stm32f7xx_hal_sai.o
    0x08003858   0x0000000e   Code   RO          679    i.HAL_SAI_TxCpltCallback  audiostream.o
    0x08003866   0x0000000c   Code   RO          680    i.HAL_SAI_TxHalfCpltCallback  audiostream.o
    0x08003872   0x000000cc   Code   RO         2493    i.HAL_SPI_Init      stm32f7xx_hal_spi.o
    0x0800393e   0x00000002   PAD
    0x08003940   0x00000058   Code   RO          479    i.HAL_SPI_MspInit   stm32f7xx_hal_msp.o
    0x08003998   0x00000028   Code   RO         2100    i.HAL_SYSTICK_CLKSourceConfig  stm32f7xx_hal_cortex.o
    0x080039c0   0x00000002   Code   RO         2101    i.HAL_SYSTICK_Callback  stm32f7xx_hal_cortex.o
    0x080039c2   0x00000034   Code   RO         2102    i.HAL_SYSTICK_Config  stm32f7xx_hal_cortex.o
    0x080039f6   0x00000008   Code   RO         2103    i.HAL_SYSTICK_IRQHandler  stm32f7xx_hal_cortex.o
    0x080039fe   0x000004f4   Code   RO         3772    i.HCD_HC_IN_IRQHandler  stm32f7xx_hal_hcd.o
    0x08003ef2   0x000004f0   Code   RO         3773    i.HCD_HC_OUT_IRQHandler  stm32f7xx_hal_hcd.o
    0x080043e2   0x000000d2   Code   RO         3774    i.HCD_Port_IRQHandler  stm32f7xx_hal_hcd.o
    0x080044b4   0x00000108   Code   RO         3775    i.HCD_RXQLVL_IRQHandler  stm32f7xx_hal_hcd.o
    0x080045bc   0x00000004   Code   RO          573    i.HardFault_Handler  stm32f7xx_it.o
    0x080045c0   0x00000028   Code   RO         4625    i.I2C_Flush_TXDR    stm32f7xx_hal_i2c.o
    0x080045e8   0x0000008c   Code   RO         4633    i.I2C_IsAcknowledgeFailed  stm32f7xx_hal_i2c.o
    0x08004674   0x00000030   Code   RO         4640    i.I2C_TransferConfig  stm32f7xx_hal_i2c.o
    0x080046a4   0x00000056   Code   RO         4641    i.I2C_WaitOnFlagUntilTimeout  stm32f7xx_hal_i2c.o
    0x080046fa   0x00000056   Code   RO         4643    i.I2C_WaitOnSTOPFlagUntilTimeout  stm32f7xx_hal_i2c.o
    0x08004750   0x0000005a   Code   RO         4644    i.I2C_WaitOnTXISFlagUntilTimeout  stm32f7xx_hal_i2c.o
    0x080047aa   0x00000002   PAD
    0x080047ac   0x00000048   Code   RO          797    i.MIDI_Application  midi_application.o
    0x080047f4   0x00000078   Code   RO         1175    i.MIDI_ProcessReception  usbh_midi.o
    0x0800486c   0x0000009c   Code   RO         1176    i.MIDI_ProcessTransmission  usbh_midi.o
    0x08004908   0x00000158   Code   RO          208    i.MX_ADC1_Init      main.o
    0x08004a60   0x00000090   Code   RO          209    i.MX_DMA_Init       main.o
    0x08004af0   0x00000128   Code   RO          210    i.MX_GPIO_Init      main.o
    0x08004c18   0x00000048   Code   RO          211    i.MX_I2C2_Init      main.o
    0x08004c60   0x0000003c   Code   RO          212    i.MX_QUADSPI_Init   main.o
    0x08004c9c   0x00000020   Code   RO          213    i.MX_RNG_Init       main.o
    0x08004cbc   0x00000078   Code   RO          214    i.MX_SAI1_Init      main.o
    0x08004d34   0x00000054   Code   RO          215    i.MX_SPI4_Init      main.o
    0x08004d88   0x00000028   Code   RO           13    i.MX_USB_HOST_Init  usb_host.o
    0x08004db0   0x00000014   Code   RO           14    i.MX_USB_HOST_Process  usb_host.o
    0x08004dc4   0x00000004   Code   RO          574    i.MemManage_Handler  stm32f7xx_it.o
    0x08004dc8   0x00000002   Code   RO          575    i.NMI_Handler       stm32f7xx_it.o
    0x08004dca   0x00000002   PAD
    0x08004dcc   0x00000010   Code   RO         2104    i.NVIC_GetPriorityGrouping  stm32f7xx_hal_cortex.o
    0x08004ddc   0x00000028   Code   RO         2105    i.NVIC_SetPriority  stm32f7xx_hal_cortex.o
    0x08004e04   0x00000034   Code   RO          841    i.OOPSInit          oops.o
    0x08004e38   0x00000010   Code   RO          576    i.OTG_FS_IRQHandler  stm32f7xx_it.o
    0x08004e48   0x00000002   Code   RO          577    i.PendSV_Handler    stm32f7xx_it.o
    0x08004e4a   0x00000002   PAD
    0x08004e4c   0x0000015c   Code   RO          798    i.ProcessReceivedMidiDatas  midi_application.o
    0x08004fa8   0x0000004c   Code   RO         2266    i.QSPI_WaitFlagStateUntilTimeout  stm32f7xx_hal_qspi.o
    0x08004ff4   0x00000048   Code   RO         3943    i.SAI_DMAError      stm32f7xx_hal_sai.o
    0x0800503c   0x00000042   Code   RO         3944    i.SAI_DMARxCplt     stm32f7xx_hal_sai.o
    0x0800507e   0x0000000e   Code   RO         3945    i.SAI_DMARxHalfCplt  stm32f7xx_hal_sai.o
    0x0800508c   0x00000042   Code   RO         3946    i.SAI_DMATxCplt     stm32f7xx_hal_sai.o
    0x080050ce   0x0000000e   Code   RO         3947    i.SAI_DMATxHalfCplt  stm32f7xx_hal_sai.o
    0x080050dc   0x00000054   Code   RO         3948    i.SAI_Disable       stm32f7xx_hal_sai.o
    0x08005130   0x000000ea   Code   RO         3950    i.SAI_InitI2S       stm32f7xx_hal_sai.o
    0x0800521a   0x000000a2   Code   RO         3951    i.SAI_InitPCM       stm32f7xx_hal_sai.o
    0x080052bc   0x0000003a   Code   RO         3952    i.SAI_InterruptFlag  stm32f7xx_hal_sai.o
    0x080052f6   0x00000002   Code   RO          578    i.SVC_Handler       stm32f7xx_it.o
    0x080052f8   0x0000000c   Code   RO          579    i.SysTick_Handler   stm32f7xx_it.o
    0x08005304   0x000000f8   Code   RO          216    i.SystemClock_Config  main.o
    0x080053fc   0x00000064   Code   RO         1272    i.SystemInit        system_stm32f7xx_1.o
    0x08005460   0x00000026   Code   RO         1831    i.USBH_AllocPipe    usbh_pipes.o
    0x08005486   0x0000002a   Code   RO         1528    i.USBH_BulkReceiveData  usbh_ioreq.o
    0x080054b0   0x00000034   Code   RO         1529    i.USBH_BulkSendData  usbh_ioreq.o
    0x080054e4   0x00000012   Code   RO         1832    i.USBH_ClosePipe    usbh_pipes.o
    0x080054f6   0x00000028   Code   RO         1723    i.USBH_ClrFeature   usbh_ctlreq.o
    0x0800551e   0x0000002a   Code   RO         1530    i.USBH_CtlReceiveData  usbh_ioreq.o
    0x08005548   0x00000054   Code   RO         1724    i.USBH_CtlReq       usbh_ctlreq.o
    0x0800559c   0x00000034   Code   RO         1531    i.USBH_CtlSendData  usbh_ioreq.o
    0x080055d0   0x00000026   Code   RO         1532    i.USBH_CtlSendSetup  usbh_ioreq.o
    0x080055f6   0x0000000c   Code   RO          326    i.USBH_Delay        usbh_conf.o
    0x08005602   0x00000050   Code   RO         1602    i.USBH_FindInterface  usbh_core.o
    0x08005652   0x0000001e   Code   RO         1833    i.USBH_FreePipe     usbh_pipes.o
    0x08005670   0x0000004a   Code   RO         1725    i.USBH_GetDescriptor  usbh_ctlreq.o
    0x080056ba   0x00000028   Code   RO         1834    i.USBH_GetFreePipe  usbh_pipes.o
    0x080056e2   0x00000012   Code   RO         1726    i.USBH_GetNextDesc  usbh_ctlreq.o
    0x080056f4   0x0000002e   Code   RO         1727    i.USBH_Get_CfgDesc  usbh_ctlreq.o
    0x08005722   0x0000002e   Code   RO         1728    i.USBH_Get_DevDesc  usbh_ctlreq.o
    0x08005750   0x00000036   Code   RO         1729    i.USBH_Get_StringDesc  usbh_ctlreq.o
    0x08005786   0x000001be   Code   RO         1730    i.USBH_HandleControl  usbh_ctlreq.o
    0x08005944   0x0000015a   Code   RO         1605    i.USBH_HandleEnum   usbh_core.o
    0x08005a9e   0x0000001c   Code   RO         1606    i.USBH_HandleSof    usbh_core.o
    0x08005aba   0x00000032   Code   RO         1607    i.USBH_Init         usbh_core.o
    0x08005aec   0x00000044   Code   RO          327    i.USBH_LL_ClosePipe  usbh_conf.o
    0x08005b30   0x0000002e   Code   RO         1608    i.USBH_LL_Connect   usbh_core.o
    0x08005b5e   0x0000003e   Code   RO         1609    i.USBH_LL_Disconnect  usbh_core.o
    0x08005b9c   0x0000001a   Code   RO          329    i.USBH_LL_DriverVBUS  usbh_conf.o
    0x08005bb6   0x00000012   Code   RO          330    i.USBH_LL_GetLastXferSize  usbh_conf.o
    0x08005bc8   0x00000030   Code   RO          331    i.USBH_LL_GetSpeed  usbh_conf.o
    0x08005bf8   0x00000012   Code   RO          333    i.USBH_LL_GetURBState  usbh_conf.o
    0x08005c0a   0x00000016   Code   RO         1610    i.USBH_LL_IncTimer  usbh_core.o
    0x08005c20   0x00000058   Code   RO          334    i.USBH_LL_Init      usbh_conf.o
    0x08005c78   0x00000072   Code   RO          335    i.USBH_LL_OpenPipe  usbh_conf.o
    0x08005cea   0x0000003c   Code   RO          336    i.USBH_LL_ResetPort  usbh_conf.o
    0x08005d26   0x00000006   Code   RO         1611    i.USBH_LL_SetTimer  usbh_core.o
    0x08005d2c   0x0000003a   Code   RO          337    i.USBH_LL_SetToggle  usbh_conf.o
    0x08005d66   0x0000003c   Code   RO          338    i.USBH_LL_Start     usbh_conf.o
    0x08005da2   0x0000003c   Code   RO          339    i.USBH_LL_Stop      usbh_conf.o
    0x08005dde   0x00000076   Code   RO          340    i.USBH_LL_SubmitURB  usbh_conf.o
    0x08005e54   0x00000012   Code   RO         1177    i.USBH_MIDI_ClassRequest  usbh_midi.o
    0x08005e66   0x00000020   Code   RO         1178    i.USBH_MIDI_GetLastReceivedDataSize  usbh_midi.o
    0x08005e86   0x00000058   Code   RO         1179    i.USBH_MIDI_InterfaceDeInit  usbh_midi.o
    0x08005ede   0x0000019c   Code   RO         1180    i.USBH_MIDI_InterfaceInit  usbh_midi.o
    0x0800607a   0x0000004c   Code   RO         1181    i.USBH_MIDI_Process  usbh_midi.o
    0x080060c6   0x00000028   Code   RO         1182    i.USBH_MIDI_Receive  usbh_midi.o
    0x080060ee   0x00000002   PAD
    0x080060f0   0x0000001c   Code   RO          799    i.USBH_MIDI_ReceiveCallback  midi_application.o
    0x0800610c   0x00000006   Code   RO         1184    i.USBH_MIDI_SOFProcess  usbh_midi.o
    0x08006112   0x00000028   Code   RO         1185    i.USBH_MIDI_Stop    usbh_midi.o
    0x0800613a   0x00000002   Code   RO         1187    i.USBH_MIDI_TransmitCallback  usbh_midi.o
    0x0800613c   0x0000002a   Code   RO         1835    i.USBH_OpenPipe     usbh_pipes.o
    0x08006166   0x000000da   Code   RO         1731    i.USBH_ParseCfgDesc  usbh_ctlreq.o
    0x08006240   0x00000058   Code   RO         1732    i.USBH_ParseDevDesc  usbh_ctlreq.o
    0x08006298   0x00000020   Code   RO         1733    i.USBH_ParseEPDesc  usbh_ctlreq.o
    0x080062b8   0x00000026   Code   RO         1734    i.USBH_ParseInterfaceDesc  usbh_ctlreq.o
    0x080062de   0x00000036   Code   RO         1735    i.USBH_ParseStringDesc  usbh_ctlreq.o
    0x08006314   0x000001c4   Code   RO         1612    i.USBH_Process      usbh_core.o
    0x080064d8   0x0000002c   Code   RO         1614    i.USBH_RegisterClass  usbh_core.o
    0x08006504   0x00000016   Code   RO         1615    i.USBH_SelectInterface  usbh_core.o
    0x0800651a   0x00000028   Code   RO         1736    i.USBH_SetAddress   usbh_ctlreq.o
    0x08006542   0x00000028   Code   RO         1737    i.USBH_SetCfg       usbh_ctlreq.o
    0x0800656a   0x00000016   Code   RO         1616    i.USBH_Start        usbh_core.o
    0x08006580   0x00000040   Code   RO           15    i.USBH_UserProcess  usb_host.o
    0x080065c0   0x00000070   Code   RO         3467    i.USB_CoreInit      stm32f7xx_ll_usb.o
    0x08006630   0x0000004c   Code   RO         3468    i.USB_CoreReset     stm32f7xx_ll_usb.o
    0x0800667c   0x0000000e   Code   RO         3474    i.USB_DisableGlobalInt  stm32f7xx_ll_usb.o
    0x0800668a   0x00000002   PAD
    0x0800668c   0x00000040   Code   RO         3475    i.USB_DoPing        stm32f7xx_ll_usb.o
    0x080066cc   0x00000044   Code   RO         3476    i.USB_DriveVbus     stm32f7xx_ll_usb.o
    0x08006710   0x0000000e   Code   RO         3482    i.USB_EnableGlobalInt  stm32f7xx_ll_usb.o
    0x0800671e   0x00000002   PAD
    0x08006720   0x0000002c   Code   RO         3483    i.USB_FlushRxFifo   stm32f7xx_ll_usb.o
    0x0800674c   0x00000030   Code   RO         3484    i.USB_FlushTxFifo   stm32f7xx_ll_usb.o
    0x0800677c   0x0000000c   Code   RO         3485    i.USB_GetCurrentFrame  stm32f7xx_ll_usb.o
    0x08006788   0x00000012   Code   RO         3487    i.USB_GetHostSpeed  stm32f7xx_ll_usb.o
    0x0800679a   0x0000000a   Code   RO         3488    i.USB_GetMode       stm32f7xx_ll_usb.o
    0x080067a4   0x0000017a   Code   RO         3489    i.USB_HC_Halt       stm32f7xx_ll_usb.o
    0x0800691e   0x00000188   Code   RO         3490    i.USB_HC_Init       stm32f7xx_ll_usb.o
    0x08006aa6   0x0000000c   Code   RO         3491    i.USB_HC_ReadInterrupt  stm32f7xx_ll_usb.o
    0x08006ab2   0x00000002   PAD
    0x08006ab4   0x0000019c   Code   RO         3492    i.USB_HC_StartXfer  stm32f7xx_ll_usb.o
    0x08006c50   0x000000dc   Code   RO         3493    i.USB_HostInit      stm32f7xx_ll_usb.o
    0x08006d2c   0x0000003e   Code   RO         3494    i.USB_InitFSLSPClkSel  stm32f7xx_ll_usb.o
    0x08006d6a   0x0000000c   Code   RO         3499    i.USB_ReadInterrupts  stm32f7xx_ll_usb.o
    0x08006d76   0x00000028   Code   RO         3500    i.USB_ReadPacket    stm32f7xx_ll_usb.o
    0x08006d9e   0x00000036   Code   RO         3501    i.USB_ResetPort     stm32f7xx_ll_usb.o
    0x08006dd4   0x00000030   Code   RO         3502    i.USB_SetCurrentMode  stm32f7xx_ll_usb.o
    0x08006e04   0x000000ae   Code   RO         3506    i.USB_StopHost      stm32f7xx_ll_usb.o
    0x08006eb2   0x0000003a   Code   RO         3507    i.USB_WritePacket   stm32f7xx_ll_usb.o
    0x08006eec   0x00000004   Code   RO          580    i.UsageFault_Handler  stm32f7xx_it.o
    0x08006ef0   0x00000026   Code   RO         5332    i.__ARM_fpclassifyf  m_wv.l(fpclassifyf.o)
    0x08006f16   0x00000002   PAD
    0x08006f18   0x00000124   Code   RO         5175    i.__hardfp_acosf    m_wv.l(acosf.o)
    0x0800703c   0x00000150   Code   RO         5187    i.__hardfp_cosf     m_wv.l(cosf.o)
    0x0800718c   0x00000658   Code   RO         5235    i.__hardfp_powf     m_wv.l(powf.o)
    0x080077e4   0x00000018   Code   RO         5340    i.__mathlib_flt_divzero  m_wv.l(funder.o)
    0x080077fc   0x00000006   Code   RO         5341    i.__mathlib_flt_infnan  m_wv.l(funder.o)
    0x08007802   0x00000006   Code   RO         5342    i.__mathlib_flt_infnan2  m_wv.l(funder.o)
    0x08007808   0x00000010   Code   RO         5343    i.__mathlib_flt_invalid  m_wv.l(funder.o)
    0x08007818   0x00000010   Code   RO         5344    i.__mathlib_flt_overflow  m_wv.l(funder.o)
    0x08007828   0x00000010   Code   RO         5346    i.__mathlib_flt_underflow  m_wv.l(funder.o)
    0x08007838   0x00000154   Code   RO         5368    i.__mathlib_rredf2  m_wv.l(rredf.o)
    0x0800798c   0x0000000e   Code   RO         5412    i.__scatterload_copy  mc_w.l(handlers.o)
    0x0800799a   0x00000002   Code   RO         5413    i.__scatterload_null  mc_w.l(handlers.o)
    0x0800799c   0x0000000e   Code   RO         5414    i.__scatterload_zeroinit  mc_w.l(handlers.o)
    0x080079aa   0x00000002   PAD
    0x080079ac   0x0000000c   Code   RO         5393    i.__set_errno       mc_w.l(errno.o)
    0x080079b8   0x00000014   Code   RO          683    i.audioError        audiostream.o
    0x080079cc   0x000000a0   Code   RO          684    i.audioFrame        audiostream.o
    0x08007a6c   0x000000b0   Code   RO          685    i.audioInit         audiostream.o
    0x08007b1c   0x00000024   Code   RO          686    i.audioTickL        audiostream.o
    0x08007b40   0x00000050   Code   RO         5288    i.free              mc_w.l(malloc.o)
    0x08007b90   0x00000070   Code   RO          217    i.main              main.o
    0x08007c00   0x0000006c   Code   RO         5289    i.malloc            mc_w.l(malloc.o)
    0x08007c6c   0x0000004c   Code   RO          688    i.randomNumber      audiostream.o
    0x08007cb8   0x0000003e   Code   RO         5263    i.sqrtf             m_wv.l(sqrtf.o)
    0x08007cf6   0x00000002   PAD
    0x08007cf8   0x0000005c   Code   RO         1126    i.tCompressorInit   oopsutilities.o
    0x08007d54   0x0000003c   Code   RO         1063    i.tCycleInit        oopsoscillator.o
    0x08007d90   0x00000018   Code   RO         1064    i.tCycleSampleRateChanged  oopsoscillator.o
    0x08007da8   0x00000034   Code   RO         1065    i.tCycleSetFreq     oopsoscillator.o
    0x08007ddc   0x00000048   Code   RO         1067    i.tSawtoothInit     oopsoscillator.o
    0x08007e24   0x00000018   Code   RO         1068    i.tSawtoothSampleRateChanged  oopsoscillator.o
    0x08007e3c   0x00000034   Code   RO         1069    i.tSawtoothSetFreq  oopsoscillator.o
    0x08007e70   0x00000420   Code   RO         1070    i.tSawtoothTick     oopsoscillator.o
    0x08008290   0x00000050   Code   RO          921    i.tTalkboxInit      oopsinstrument.o
    0x080082e0   0x0000013c   Code   RO          926    i.tTalkboxUpdate    oopsinstrument.o
    0x0800841c   0x00000084   Code   RO          927    i.tVocoderInit      oopsinstrument.o
    0x080084a0   0x000004ac   Code   RO          930    i.tVocoderUpdate    oopsinstrument.o
    0x0800894c   0x00058000   Data   RO         1157    .constdata          oopswavetables.o
    0x0806094c   0x00000018   Data   RO         1273    .constdata          system_stm32f7xx_1.o
    0x08060964   0x00000008   Data   RO         1995    .constdata          stm32f7xx_hal_dma.o
    0x0806096c   0x00000140   Data   RO         5238    .constdata          m_wv.l(powf.o)
    0x08060aac   0x00000020   Data   RO         5369    .constdata          m_wv.l(rredf.o)
    0x08060acc   0x00000005   Data   RO         1188    .conststring        usbh_midi.o
    0x08060ad1   0x00000003   PAD
    0x08060ad4   0x00000020   Data   RO         5410    Region$$Table       anon$$obj.o


    Execution Region RW_IRAM1 (Base: 0x20000000, Size: 0x0000b548, Max: 0x00080000, ABSOLUTE)

    Base Addr    Size         Type   Attr      Idx    E Section Name        Object

    0x20000000   0x00000001   Data   RW           17    .data               usb_host.o
    0x20000001   0x00000003   PAD
    0x20000004   0x00000004   Data   RW          480    .data               stm32f7xx_hal_msp.o
    0x20000008   0x0000003c   Data   RW          690    .data               audiostream.o
    0x20000044   0x00000008   Data   RW          770    .data               codec.o
    0x2000004c   0x00000007   Data   RW          801    .data               midi_application.o
    0x20000053   0x00000001   PAD
    0x20000054   0x00000020   Data   RW         1189    .data               usbh_midi.o
    0x20000074   0x00000004   Data   RW         1274    .data               system_stm32f7xx_1.o
    0x20000078   0x00000004   Data   RW         3317    .data               stm32f7xx_hal.o
    0x2000007c   0x00000008   Data   RW         3508    .data               stm32f7xx_ll_usb.o
    0x20000084   0x00000004   Data   RW         5389    .data               mc_w.l(mvars.o)
    0x20000088   0x00000004   Data   RW         5390    .data               mc_w.l(mvars.o)
    0x2000008c   0x00000004   Data   RW         5394    .data               mc_w.l(errno.o)
    0x20000090   0x0000049c   Zero   RW           16    .bss                usb_host.o
    0x2000052c   0x00000450   Zero   RW          218    .bss                main.o
    0x2000097c   0x00000298   Zero   RW          341    .bss                usbh_conf.o
    0x20000c14   0x00000004   PAD
    0x20000c18   0x00002020   Zero   RW          689    .bss                audiostream.o
    0x20002c38   0x00000140   Zero   RW          800    .bss                midi_application.o
    0x20002d78   0x000081d0   Zero   RW          843    .bss                oops.o
    0x2000af48   0x00000200   Zero   RW            2    HEAP                startup_stm32f765xx.o
    0x2000b148   0x00000400   Zero   RW            1    STACK               startup_stm32f765xx.o


==============================================================================

Image component sizes


      Code (inc. data)   RO Data    RW Data    ZI Data      Debug   Object Name

       508         92          0         60       8224       6349   audiostream.o
       348         12          0          8          0       1325   codec.o
      1532        130          0          0       1104      16088   main.o
       448         88          0          7        320       3038   midi_application.o
        52          8          0          0      33232       9102   oops.o
         0          0          0          0          0       7103   oopsdelay.o
      1724        210          0          0          0       3440   oopsinstrument.o
      1340        194          0          0          0       4747   oopsoscillator.o
        92         16          0          0          0        962   oopsutilities.o
         0          0     360448          0          0        756   oopswavetables.o
        36          8        504          0       1536        868   startup_stm32f765xx.o
       116         14          0          4          0       4003   stm32f7xx_hal.o
      1400         68          0          0          0       7533   stm32f7xx_hal_adc.o
       348         22          0          0          0      37965   stm32f7xx_hal_cortex.o
      1256         20          8          0          0       5795   stm32f7xx_hal_dma.o
       556         52          0          0          0       3165   stm32f7xx_hal_gpio.o
      4482          4          0          0          0      13673   stm32f7xx_hal_hcd.o
      1058         18          0          0          0       8593   stm32f7xx_hal_i2c.o
       106          0          0          0          0       1183   stm32f7xx_hal_i2c_ex.o
      1158        124          0          4          0       5853   stm32f7xx_hal_msp.o
       144          8          0          0          0       1336   stm32f7xx_hal_pwr_ex.o
       296          8          0          0          0       3322   stm32f7xx_hal_qspi.o
      1900         48          0          0          0       4510   stm32f7xx_hal_rcc.o
      2788         40          0          0          0       3333   stm32f7xx_hal_rcc_ex.o
       192          0          0          0          0       2078   stm32f7xx_hal_rng.o
      1818         56          0          0          0      12041   stm32f7xx_hal_sai.o
       204          0          0          0          0       1287   stm32f7xx_hal_spi.o
       132         36          0          0          0       7584   stm32f7xx_it.o
      2342         54          0          8          0      18483   stm32f7xx_ll_usb.o
       100         18         24          4          0       1251   system_stm32f7xx_1.o
       124         28          0          1       1180     849122   usb_host.o
       944         14          0          0        664      12900   usbh_conf.o
      1262         22          0          0          0      10458   usbh_core.o
      1318         12          0          0          0      12580   usbh_ctlreq.o
       226          0          0          0          0       4700   usbh_ioreq.o
       990          0          5         32          0       9711   usbh_midi.o
       168          0          0          0          0       4214   usbh_pipes.o

    ----------------------------------------------------------------------
     31536       1424     361024        132      46264    1100451   Object Totals
         0          0         32          0          0          0   (incl. Generated)
        28          0          3          4          4          0   (incl. Padding)

    ----------------------------------------------------------------------

      Code (inc. data)   RO Data    RW Data    ZI Data      Debug   Library Member Name

       292         58          0          0          0        176   acosf.o
       336         60          0          0          0        136   cosf.o
        38          0          0          0          0        116   fpclassifyf.o
        84         28          0          0          0        696   funder.o
      1624        130        320          0          0        400   powf.o
       340         24         32          0          0        160   rredf.o
        62          0          0          0          0        136   sqrtf.o
         0          0          0          0          0          0   entry.o
         0          0          0          0          0          0   entry10a.o
         0          0          0          0          0          0   entry11a.o
         8          4          0          0          0          0   entry2.o
         4          0          0          0          0          0   entry5.o
         0          0          0          0          0          0   entry7b.o
         0          0          0          0          0          0   entry8b.o
         8          4          0          0          0          0   entry9a.o
        12          6          0          4          0         68   errno.o
        30          0          0          0          0          0   handlers.o
        36          8          0          0          0         68   init.o
         0          0          0          0          0          0   iusefp.o
       188         20          0          0          0        160   malloc.o
        36          0          0          0          0         68   memcpya.o
         0          0          0          8          0          0   mvars.o
         4          0          0          0          0         68   fpstat.o

    ----------------------------------------------------------------------
      3108        342        352         12          0       2252   Library Totals
         6          0          0          0          0          0   (incl. Padding)

    ----------------------------------------------------------------------

      Code (inc. data)   RO Data    RW Data    ZI Data      Debug   Library Name

      2776        300        352          0          0       1820   m_wv.l
       322         42          0         12          0        364   mc_w.l
         4          0          0          0          0         68   mf_w.l

    ----------------------------------------------------------------------
      3108        342        352         12          0       2252   Library Totals

    ----------------------------------------------------------------------

==============================================================================


      Code (inc. data)   RO Data    RW Data    ZI Data      Debug   

     34644       1766     361376        144      46264    1078851   Grand Totals
     34644       1766     361376        144      46264    1078851   ELF Image Totals
     34644       1766     361376        144          0          0   ROM Totals

==============================================================================

    Total RO  Size (Code + RO Data)               396020 ( 386.74kB)
    Total RW  Size (RW Data + ZI Data)             46408 (  45.32kB)
    Total ROM Size (Code + RO Data + RW Data)     396164 ( 386.88kB)

==============================================================================

