<!doctype html public "-//w3c//dtd html 4.0 transitional//en">
<html><head>
<title>Static Call Graph - [genera_basic\genera_basic.axf]</title></head>
<body><HR>
<H1>Static Call Graph for image genera_basic\genera_basic.axf</H1><HR>
<BR><P>#&#060CALLGRAPH&#062# ARM Linker, 5060422: Last Updated: Tue Jan 24 19:57:54 2017
<BR><P>
<H3>Maximum Stack Usage =        312 bytes + Unknown(Cycles, Untraceable Function Pointers)</H3><H3>
Call chain for Maximum Stack Depth:</H3>
main &rArr; SystemClock_Config &rArr; HAL_RCC_ClockConfig &rArr; HAL_InitTick &rArr; HAL_NVIC_SetPriority
<P>
<H3>
Mutually Recursive functions
</H3> <LI><a href="#[1d]">ADC_IRQHandler</a>&nbsp;&nbsp;&nbsp;&rArr;&nbsp;&nbsp;&nbsp;<a href="#[1d]">ADC_IRQHandler</a><BR>
 <LI><a href="#[5]">BusFault_Handler</a>&nbsp;&nbsp;&nbsp;&rArr;&nbsp;&nbsp;&nbsp;<a href="#[5]">BusFault_Handler</a><BR>
 <LI><a href="#[3]">HardFault_Handler</a>&nbsp;&nbsp;&nbsp;&rArr;&nbsp;&nbsp;&nbsp;<a href="#[3]">HardFault_Handler</a><BR>
 <LI><a href="#[4]">MemManage_Handler</a>&nbsp;&nbsp;&nbsp;&rArr;&nbsp;&nbsp;&nbsp;<a href="#[4]">MemManage_Handler</a><BR>
 <LI><a href="#[6]">UsageFault_Handler</a>&nbsp;&nbsp;&nbsp;&rArr;&nbsp;&nbsp;&nbsp;<a href="#[6]">UsageFault_Handler</a><BR>
</UL>
<P>
<H3>
Function Pointers
</H3><UL>
 <LI><a href="#[77]">ADC_DMAConvCplt</a> from stm32f7xx_hal_adc.o(i.ADC_DMAConvCplt) referenced from stm32f7xx_hal_adc.o(i.HAL_ADC_Start_DMA)
 <LI><a href="#[79]">ADC_DMAError</a> from stm32f7xx_hal_adc.o(i.ADC_DMAError) referenced from stm32f7xx_hal_adc.o(i.HAL_ADC_Start_DMA)
 <LI><a href="#[78]">ADC_DMAHalfConvCplt</a> from stm32f7xx_hal_adc.o(i.ADC_DMAHalfConvCplt) referenced from stm32f7xx_hal_adc.o(i.HAL_ADC_Start_DMA)
 <LI><a href="#[1d]">ADC_IRQHandler</a> from startup_stm32f765xx.o(.text) referenced from startup_stm32f765xx.o(RESET)
 <LI><a href="#[5]">BusFault_Handler</a> from stm32f7xx_it.o(i.BusFault_Handler) referenced from startup_stm32f765xx.o(RESET)
 <LI><a href="#[1f]">CAN1_RX0_IRQHandler</a> from startup_stm32f765xx.o(.text) referenced from startup_stm32f765xx.o(RESET)
 <LI><a href="#[20]">CAN1_RX1_IRQHandler</a> from startup_stm32f765xx.o(.text) referenced from startup_stm32f765xx.o(RESET)
 <LI><a href="#[21]">CAN1_SCE_IRQHandler</a> from startup_stm32f765xx.o(.text) referenced from startup_stm32f765xx.o(RESET)
 <LI><a href="#[1e]">CAN1_TX_IRQHandler</a> from startup_stm32f765xx.o(.text) referenced from startup_stm32f765xx.o(RESET)
 <LI><a href="#[4b]">CAN2_RX0_IRQHandler</a> from startup_stm32f765xx.o(.text) referenced from startup_stm32f765xx.o(RESET)
 <LI><a href="#[4c]">CAN2_RX1_IRQHandler</a> from startup_stm32f765xx.o(.text) referenced from startup_stm32f765xx.o(RESET)
 <LI><a href="#[4d]">CAN2_SCE_IRQHandler</a> from startup_stm32f765xx.o(.text) referenced from startup_stm32f765xx.o(RESET)
 <LI><a href="#[4a]">CAN2_TX_IRQHandler</a> from startup_stm32f765xx.o(.text) referenced from startup_stm32f765xx.o(RESET)
 <LI><a href="#[70]">CAN3_RX0_IRQHandler</a> from startup_stm32f765xx.o(.text) referenced from startup_stm32f765xx.o(RESET)
 <LI><a href="#[71]">CAN3_RX1_IRQHandler</a> from startup_stm32f765xx.o(.text) referenced from startup_stm32f765xx.o(RESET)
 <LI><a href="#[72]">CAN3_SCE_IRQHandler</a> from startup_stm32f765xx.o(.text) referenced from startup_stm32f765xx.o(RESET)
 <LI><a href="#[6f]">CAN3_TX_IRQHandler</a> from startup_stm32f765xx.o(.text) referenced from startup_stm32f765xx.o(RESET)
 <LI><a href="#[66]">CEC_IRQHandler</a> from startup_stm32f765xx.o(.text) referenced from startup_stm32f765xx.o(RESET)
 <LI><a href="#[59]">DCMI_IRQHandler</a> from startup_stm32f765xx.o(.text) referenced from startup_stm32f765xx.o(RESET)
 <LI><a href="#[6a]">DFSDM1_FLT0_IRQHandler</a> from startup_stm32f765xx.o(.text) referenced from startup_stm32f765xx.o(RESET)
 <LI><a href="#[6b]">DFSDM1_FLT1_IRQHandler</a> from startup_stm32f765xx.o(.text) referenced from startup_stm32f765xx.o(RESET)
 <LI><a href="#[6c]">DFSDM1_FLT2_IRQHandler</a> from startup_stm32f765xx.o(.text) referenced from startup_stm32f765xx.o(RESET)
 <LI><a href="#[6d]">DFSDM1_FLT3_IRQHandler</a> from startup_stm32f765xx.o(.text) referenced from startup_stm32f765xx.o(RESET)
 <LI><a href="#[16]">DMA1_Stream0_IRQHandler</a> from startup_stm32f765xx.o(.text) referenced from startup_stm32f765xx.o(RESET)
 <LI><a href="#[17]">DMA1_Stream1_IRQHandler</a> from startup_stm32f765xx.o(.text) referenced from startup_stm32f765xx.o(RESET)
 <LI><a href="#[18]">DMA1_Stream2_IRQHandler</a> from stm32f7xx_it.o(i.DMA1_Stream2_IRQHandler) referenced from startup_stm32f765xx.o(RESET)
 <LI><a href="#[19]">DMA1_Stream3_IRQHandler</a> from startup_stm32f765xx.o(.text) referenced from startup_stm32f765xx.o(RESET)
 <LI><a href="#[1a]">DMA1_Stream4_IRQHandler</a> from stm32f7xx_it.o(i.DMA1_Stream4_IRQHandler) referenced from startup_stm32f765xx.o(RESET)
 <LI><a href="#[1b]">DMA1_Stream5_IRQHandler</a> from startup_stm32f765xx.o(.text) referenced from startup_stm32f765xx.o(RESET)
 <LI><a href="#[1c]">DMA1_Stream6_IRQHandler</a> from startup_stm32f765xx.o(.text) referenced from startup_stm32f765xx.o(RESET)
 <LI><a href="#[3a]">DMA1_Stream7_IRQHandler</a> from startup_stm32f765xx.o(.text) referenced from startup_stm32f765xx.o(RESET)
 <LI><a href="#[62]">DMA2D_IRQHandler</a> from startup_stm32f765xx.o(.text) referenced from startup_stm32f765xx.o(RESET)
 <LI><a href="#[43]">DMA2_Stream0_IRQHandler</a> from stm32f7xx_it.o(i.DMA2_Stream0_IRQHandler) referenced from startup_stm32f765xx.o(RESET)
 <LI><a href="#[44]">DMA2_Stream1_IRQHandler</a> from stm32f7xx_it.o(i.DMA2_Stream1_IRQHandler) referenced from startup_stm32f765xx.o(RESET)
 <LI><a href="#[45]">DMA2_Stream2_IRQHandler</a> from startup_stm32f765xx.o(.text) referenced from startup_stm32f765xx.o(RESET)
 <LI><a href="#[46]">DMA2_Stream3_IRQHandler</a> from startup_stm32f765xx.o(.text) referenced from startup_stm32f765xx.o(RESET)
 <LI><a href="#[47]">DMA2_Stream4_IRQHandler</a> from stm32f7xx_it.o(i.DMA2_Stream4_IRQHandler) referenced from startup_stm32f765xx.o(RESET)
 <LI><a href="#[4f]">DMA2_Stream5_IRQHandler</a> from startup_stm32f765xx.o(.text) referenced from startup_stm32f765xx.o(RESET)
 <LI><a href="#[50]">DMA2_Stream6_IRQHandler</a> from startup_stm32f765xx.o(.text) referenced from startup_stm32f765xx.o(RESET)
 <LI><a href="#[51]">DMA2_Stream7_IRQHandler</a> from startup_stm32f765xx.o(.text) referenced from startup_stm32f765xx.o(RESET)
 <LI><a href="#[8]">DebugMon_Handler</a> from stm32f7xx_it.o(i.DebugMon_Handler) referenced from startup_stm32f765xx.o(RESET)
 <LI><a href="#[48]">ETH_IRQHandler</a> from startup_stm32f765xx.o(.text) referenced from startup_stm32f765xx.o(RESET)
 <LI><a href="#[49]">ETH_WKUP_IRQHandler</a> from startup_stm32f765xx.o(.text) referenced from startup_stm32f765xx.o(RESET)
 <LI><a href="#[11]">EXTI0_IRQHandler</a> from startup_stm32f765xx.o(.text) referenced from startup_stm32f765xx.o(RESET)
 <LI><a href="#[33]">EXTI15_10_IRQHandler</a> from startup_stm32f765xx.o(.text) referenced from startup_stm32f765xx.o(RESET)
 <LI><a href="#[12]">EXTI1_IRQHandler</a> from startup_stm32f765xx.o(.text) referenced from startup_stm32f765xx.o(RESET)
 <LI><a href="#[13]">EXTI2_IRQHandler</a> from startup_stm32f765xx.o(.text) referenced from startup_stm32f765xx.o(RESET)
 <LI><a href="#[14]">EXTI3_IRQHandler</a> from startup_stm32f765xx.o(.text) referenced from startup_stm32f765xx.o(RESET)
 <LI><a href="#[15]">EXTI4_IRQHandler</a> from startup_stm32f765xx.o(.text) referenced from startup_stm32f765xx.o(RESET)
 <LI><a href="#[22]">EXTI9_5_IRQHandler</a> from startup_stm32f765xx.o(.text) referenced from startup_stm32f765xx.o(RESET)
 <LI><a href="#[f]">FLASH_IRQHandler</a> from startup_stm32f765xx.o(.text) referenced from startup_stm32f765xx.o(RESET)
 <LI><a href="#[3b]">FMC_IRQHandler</a> from startup_stm32f765xx.o(.text) referenced from startup_stm32f765xx.o(RESET)
 <LI><a href="#[5b]">FPU_IRQHandler</a> from startup_stm32f765xx.o(.text) referenced from startup_stm32f765xx.o(RESET)
 <LI><a href="#[3]">HardFault_Handler</a> from stm32f7xx_it.o(i.HardFault_Handler) referenced from startup_stm32f765xx.o(RESET)
 <LI><a href="#[2b]">I2C1_ER_IRQHandler</a> from startup_stm32f765xx.o(.text) referenced from startup_stm32f765xx.o(RESET)
 <LI><a href="#[2a]">I2C1_EV_IRQHandler</a> from startup_stm32f765xx.o(.text) referenced from startup_stm32f765xx.o(RESET)
 <LI><a href="#[2d]">I2C2_ER_IRQHandler</a> from startup_stm32f765xx.o(.text) referenced from startup_stm32f765xx.o(RESET)
 <LI><a href="#[2c]">I2C2_EV_IRQHandler</a> from startup_stm32f765xx.o(.text) referenced from startup_stm32f765xx.o(RESET)
 <LI><a href="#[54]">I2C3_ER_IRQHandler</a> from startup_stm32f765xx.o(.text) referenced from startup_stm32f765xx.o(RESET)
 <LI><a href="#[53]">I2C3_EV_IRQHandler</a> from startup_stm32f765xx.o(.text) referenced from startup_stm32f765xx.o(RESET)
 <LI><a href="#[68]">I2C4_ER_IRQHandler</a> from startup_stm32f765xx.o(.text) referenced from startup_stm32f765xx.o(RESET)
 <LI><a href="#[67]">I2C4_EV_IRQHandler</a> from startup_stm32f765xx.o(.text) referenced from startup_stm32f765xx.o(RESET)
 <LI><a href="#[65]">LPTIM1_IRQHandler</a> from startup_stm32f765xx.o(.text) referenced from startup_stm32f765xx.o(RESET)
 <LI><a href="#[73]">MDIOS_IRQHandler</a> from startup_stm32f765xx.o(.text) referenced from startup_stm32f765xx.o(RESET)
 <LI><a href="#[4]">MemManage_Handler</a> from stm32f7xx_it.o(i.MemManage_Handler) referenced from startup_stm32f765xx.o(RESET)
 <LI><a href="#[2]">NMI_Handler</a> from stm32f7xx_it.o(i.NMI_Handler) referenced from startup_stm32f765xx.o(RESET)
 <LI><a href="#[4e]">OTG_FS_IRQHandler</a> from startup_stm32f765xx.o(.text) referenced from startup_stm32f765xx.o(RESET)
 <LI><a href="#[35]">OTG_FS_WKUP_IRQHandler</a> from startup_stm32f765xx.o(.text) referenced from startup_stm32f765xx.o(RESET)
 <LI><a href="#[56]">OTG_HS_EP1_IN_IRQHandler</a> from startup_stm32f765xx.o(.text) referenced from startup_stm32f765xx.o(RESET)
 <LI><a href="#[55]">OTG_HS_EP1_OUT_IRQHandler</a> from startup_stm32f765xx.o(.text) referenced from startup_stm32f765xx.o(RESET)
 <LI><a href="#[58]">OTG_HS_IRQHandler</a> from startup_stm32f765xx.o(.text) referenced from startup_stm32f765xx.o(RESET)
 <LI><a href="#[57]">OTG_HS_WKUP_IRQHandler</a> from startup_stm32f765xx.o(.text) referenced from startup_stm32f765xx.o(RESET)
 <LI><a href="#[c]">PVD_IRQHandler</a> from startup_stm32f765xx.o(.text) referenced from startup_stm32f765xx.o(RESET)
 <LI><a href="#[9]">PendSV_Handler</a> from stm32f7xx_it.o(i.PendSV_Handler) referenced from startup_stm32f765xx.o(RESET)
 <LI><a href="#[64]">QUADSPI_IRQHandler</a> from startup_stm32f765xx.o(.text) referenced from startup_stm32f765xx.o(RESET)
 <LI><a href="#[10]">RCC_IRQHandler</a> from startup_stm32f765xx.o(.text) referenced from startup_stm32f765xx.o(RESET)
 <LI><a href="#[5a]">RNG_IRQHandler</a> from startup_stm32f765xx.o(.text) referenced from startup_stm32f765xx.o(RESET)
 <LI><a href="#[34]">RTC_Alarm_IRQHandler</a> from startup_stm32f765xx.o(.text) referenced from startup_stm32f765xx.o(RESET)
 <LI><a href="#[e]">RTC_WKUP_IRQHandler</a> from startup_stm32f765xx.o(.text) referenced from startup_stm32f765xx.o(RESET)
 <LI><a href="#[1]">Reset_Handler</a> from startup_stm32f765xx.o(.text) referenced from startup_stm32f765xx.o(RESET)
 <LI><a href="#[61]">SAI1_IRQHandler</a> from startup_stm32f765xx.o(.text) referenced from startup_stm32f765xx.o(RESET)
 <LI><a href="#[63]">SAI2_IRQHandler</a> from startup_stm32f765xx.o(.text) referenced from startup_stm32f765xx.o(RESET)
 <LI><a href="#[7c]">SAI_DMAError</a> from stm32f7xx_hal_sai.o(i.SAI_DMAError) referenced from stm32f7xx_hal_sai.o(i.HAL_SAI_Receive_DMA)
 <LI><a href="#[7c]">SAI_DMAError</a> from stm32f7xx_hal_sai.o(i.SAI_DMAError) referenced from stm32f7xx_hal_sai.o(i.HAL_SAI_Transmit_DMA)
 <LI><a href="#[7b]">SAI_DMARxCplt</a> from stm32f7xx_hal_sai.o(i.SAI_DMARxCplt) referenced from stm32f7xx_hal_sai.o(i.HAL_SAI_Receive_DMA)
 <LI><a href="#[7a]">SAI_DMARxHalfCplt</a> from stm32f7xx_hal_sai.o(i.SAI_DMARxHalfCplt) referenced from stm32f7xx_hal_sai.o(i.HAL_SAI_Receive_DMA)
 <LI><a href="#[7e]">SAI_DMATxCplt</a> from stm32f7xx_hal_sai.o(i.SAI_DMATxCplt) referenced from stm32f7xx_hal_sai.o(i.HAL_SAI_Transmit_DMA)
 <LI><a href="#[7d]">SAI_DMATxHalfCplt</a> from stm32f7xx_hal_sai.o(i.SAI_DMATxHalfCplt) referenced from stm32f7xx_hal_sai.o(i.HAL_SAI_Transmit_DMA)
 <LI><a href="#[3c]">SDMMC1_IRQHandler</a> from startup_stm32f765xx.o(.text) referenced from startup_stm32f765xx.o(RESET)
 <LI><a href="#[6e]">SDMMC2_IRQHandler</a> from startup_stm32f765xx.o(.text) referenced from startup_stm32f765xx.o(RESET)
 <LI><a href="#[69]">SPDIF_RX_IRQHandler</a> from startup_stm32f765xx.o(.text) referenced from startup_stm32f765xx.o(RESET)
 <LI><a href="#[2e]">SPI1_IRQHandler</a> from startup_stm32f765xx.o(.text) referenced from startup_stm32f765xx.o(RESET)
 <LI><a href="#[2f]">SPI2_IRQHandler</a> from startup_stm32f765xx.o(.text) referenced from startup_stm32f765xx.o(RESET)
 <LI><a href="#[3e]">SPI3_IRQHandler</a> from startup_stm32f765xx.o(.text) referenced from startup_stm32f765xx.o(RESET)
 <LI><a href="#[5e]">SPI4_IRQHandler</a> from startup_stm32f765xx.o(.text) referenced from startup_stm32f765xx.o(RESET)
 <LI><a href="#[5f]">SPI5_IRQHandler</a> from startup_stm32f765xx.o(.text) referenced from startup_stm32f765xx.o(RESET)
 <LI><a href="#[60]">SPI6_IRQHandler</a> from startup_stm32f765xx.o(.text) referenced from startup_stm32f765xx.o(RESET)
 <LI><a href="#[7]">SVC_Handler</a> from stm32f7xx_it.o(i.SVC_Handler) referenced from startup_stm32f765xx.o(RESET)
 <LI><a href="#[a]">SysTick_Handler</a> from stm32f7xx_it.o(i.SysTick_Handler) referenced from startup_stm32f765xx.o(RESET)
 <LI><a href="#[75]">SystemInit</a> from system_stm32f7xx.o(i.SystemInit) referenced from startup_stm32f765xx.o(.text)
 <LI><a href="#[d]">TAMP_STAMP_IRQHandler</a> from startup_stm32f765xx.o(.text) referenced from startup_stm32f765xx.o(RESET)
 <LI><a href="#[23]">TIM1_BRK_TIM9_IRQHandler</a> from startup_stm32f765xx.o(.text) referenced from startup_stm32f765xx.o(RESET)
 <LI><a href="#[26]">TIM1_CC_IRQHandler</a> from startup_stm32f765xx.o(.text) referenced from startup_stm32f765xx.o(RESET)
 <LI><a href="#[25]">TIM1_TRG_COM_TIM11_IRQHandler</a> from startup_stm32f765xx.o(.text) referenced from startup_stm32f765xx.o(RESET)
 <LI><a href="#[24]">TIM1_UP_TIM10_IRQHandler</a> from startup_stm32f765xx.o(.text) referenced from startup_stm32f765xx.o(RESET)
 <LI><a href="#[27]">TIM2_IRQHandler</a> from startup_stm32f765xx.o(.text) referenced from startup_stm32f765xx.o(RESET)
 <LI><a href="#[28]">TIM3_IRQHandler</a> from startup_stm32f765xx.o(.text) referenced from startup_stm32f765xx.o(RESET)
 <LI><a href="#[29]">TIM4_IRQHandler</a> from startup_stm32f765xx.o(.text) referenced from startup_stm32f765xx.o(RESET)
 <LI><a href="#[3d]">TIM5_IRQHandler</a> from startup_stm32f765xx.o(.text) referenced from startup_stm32f765xx.o(RESET)
 <LI><a href="#[41]">TIM6_DAC_IRQHandler</a> from startup_stm32f765xx.o(.text) referenced from startup_stm32f765xx.o(RESET)
 <LI><a href="#[42]">TIM7_IRQHandler</a> from startup_stm32f765xx.o(.text) referenced from startup_stm32f765xx.o(RESET)
 <LI><a href="#[36]">TIM8_BRK_TIM12_IRQHandler</a> from startup_stm32f765xx.o(.text) referenced from startup_stm32f765xx.o(RESET)
 <LI><a href="#[39]">TIM8_CC_IRQHandler</a> from startup_stm32f765xx.o(.text) referenced from startup_stm32f765xx.o(RESET)
 <LI><a href="#[38]">TIM8_TRG_COM_TIM14_IRQHandler</a> from startup_stm32f765xx.o(.text) referenced from startup_stm32f765xx.o(RESET)
 <LI><a href="#[37]">TIM8_UP_TIM13_IRQHandler</a> from startup_stm32f765xx.o(.text) referenced from startup_stm32f765xx.o(RESET)
 <LI><a href="#[3f]">UART4_IRQHandler</a> from startup_stm32f765xx.o(.text) referenced from startup_stm32f765xx.o(RESET)
 <LI><a href="#[40]">UART5_IRQHandler</a> from startup_stm32f765xx.o(.text) referenced from startup_stm32f765xx.o(RESET)
 <LI><a href="#[5c]">UART7_IRQHandler</a> from startup_stm32f765xx.o(.text) referenced from startup_stm32f765xx.o(RESET)
 <LI><a href="#[5d]">UART8_IRQHandler</a> from startup_stm32f765xx.o(.text) referenced from startup_stm32f765xx.o(RESET)
 <LI><a href="#[30]">USART1_IRQHandler</a> from startup_stm32f765xx.o(.text) referenced from startup_stm32f765xx.o(RESET)
 <LI><a href="#[31]">USART2_IRQHandler</a> from startup_stm32f765xx.o(.text) referenced from startup_stm32f765xx.o(RESET)
 <LI><a href="#[32]">USART3_IRQHandler</a> from startup_stm32f765xx.o(.text) referenced from startup_stm32f765xx.o(RESET)
 <LI><a href="#[52]">USART6_IRQHandler</a> from startup_stm32f765xx.o(.text) referenced from startup_stm32f765xx.o(RESET)
 <LI><a href="#[6]">UsageFault_Handler</a> from stm32f7xx_it.o(i.UsageFault_Handler) referenced from startup_stm32f765xx.o(RESET)
 <LI><a href="#[b]">WWDG_IRQHandler</a> from startup_stm32f765xx.o(.text) referenced from startup_stm32f765xx.o(RESET)
 <LI><a href="#[76]">__main</a> from entry.o(.ARM.Collect$$$$00000000) referenced from startup_stm32f765xx.o(.text)
 <LI><a href="#[74]">main</a> from main.o(i.main) referenced from entry9a.o(.ARM.Collect$$$$0000000B)
 <LI><a href="#[7f]">randomNumber</a> from audiostream.o(i.randomNumber) referenced from audiostream.o(i.audioInit)
 <LI><a href="#[80]">tSawtoothSampleRateChanged</a> from oopsoscillator.o(i.tSawtoothSampleRateChanged) referenced from oopsoscillator.o(i.tSawtoothInit)
</UL>
<P>
<H3>
Global Symbols
</H3>
<P><STRONG><a name="[76]"></a>__main</STRONG> (Thumb, 0 bytes, Stack size unknown bytes, entry.o(.ARM.Collect$$$$00000000))
<BR>[Address Reference Count : 1]<UL><LI> startup_stm32f765xx.o(.text)
</UL>
<P><STRONG><a name="[ca]"></a>_main_stk</STRONG> (Thumb, 0 bytes, Stack size unknown bytes, entry2.o(.ARM.Collect$$$$00000001))

<P><STRONG><a name="[81]"></a>_main_scatterload</STRONG> (Thumb, 0 bytes, Stack size unknown bytes, entry5.o(.ARM.Collect$$$$00000004))
<BR><BR>[Calls]<UL><LI><a href="#[82]">&gt;&gt;</a>&nbsp;&nbsp;&nbsp;__scatterload
</UL>

<P><STRONG><a name="[86]"></a>__main_after_scatterload</STRONG> (Thumb, 0 bytes, Stack size unknown bytes, entry5.o(.ARM.Collect$$$$00000004))
<BR><BR>[Called By]<UL><LI><a href="#[82]">&gt;&gt;</a>&nbsp;&nbsp;&nbsp;__scatterload
</UL>

<P><STRONG><a name="[cb]"></a>_main_clock</STRONG> (Thumb, 0 bytes, Stack size unknown bytes, entry7b.o(.ARM.Collect$$$$00000008))

<P><STRONG><a name="[cc]"></a>_main_cpp_init</STRONG> (Thumb, 0 bytes, Stack size unknown bytes, entry8b.o(.ARM.Collect$$$$0000000A))

<P><STRONG><a name="[cd]"></a>_main_init</STRONG> (Thumb, 0 bytes, Stack size unknown bytes, entry9a.o(.ARM.Collect$$$$0000000B))

<P><STRONG><a name="[ce]"></a>__rt_final_cpp</STRONG> (Thumb, 0 bytes, Stack size unknown bytes, entry10a.o(.ARM.Collect$$$$0000000D))

<P><STRONG><a name="[cf]"></a>__rt_final_exit</STRONG> (Thumb, 0 bytes, Stack size unknown bytes, entry11a.o(.ARM.Collect$$$$0000000F))

<P><STRONG><a name="[1]"></a>Reset_Handler</STRONG> (Thumb, 8 bytes, Stack size 0 bytes, startup_stm32f765xx.o(.text))
<BR>[Address Reference Count : 1]<UL><LI> startup_stm32f765xx.o(RESET)
</UL>
<P><STRONG><a name="[1d]"></a>ADC_IRQHandler</STRONG> (Thumb, 0 bytes, Stack size 0 bytes, startup_stm32f765xx.o(.text))
<BR><BR>[Calls]<UL><LI><a href="#[1d]">&gt;&gt;</a>&nbsp;&nbsp;&nbsp;ADC_IRQHandler
</UL>
<BR>[Called By]<UL><LI><a href="#[1d]">&gt;&gt;</a>&nbsp;&nbsp;&nbsp;ADC_IRQHandler
</UL>
<BR>[Address Reference Count : 1]<UL><LI> startup_stm32f765xx.o(RESET)
</UL>
<P><STRONG><a name="[1f]"></a>CAN1_RX0_IRQHandler</STRONG> (Thumb, 0 bytes, Stack size 0 bytes, startup_stm32f765xx.o(.text))
<BR>[Address Reference Count : 1]<UL><LI> startup_stm32f765xx.o(RESET)
</UL>
<P><STRONG><a name="[20]"></a>CAN1_RX1_IRQHandler</STRONG> (Thumb, 0 bytes, Stack size 0 bytes, startup_stm32f765xx.o(.text))
<BR>[Address Reference Count : 1]<UL><LI> startup_stm32f765xx.o(RESET)
</UL>
<P><STRONG><a name="[21]"></a>CAN1_SCE_IRQHandler</STRONG> (Thumb, 0 bytes, Stack size 0 bytes, startup_stm32f765xx.o(.text))
<BR>[Address Reference Count : 1]<UL><LI> startup_stm32f765xx.o(RESET)
</UL>
<P><STRONG><a name="[1e]"></a>CAN1_TX_IRQHandler</STRONG> (Thumb, 0 bytes, Stack size 0 bytes, startup_stm32f765xx.o(.text))
<BR>[Address Reference Count : 1]<UL><LI> startup_stm32f765xx.o(RESET)
</UL>
<P><STRONG><a name="[4b]"></a>CAN2_RX0_IRQHandler</STRONG> (Thumb, 0 bytes, Stack size 0 bytes, startup_stm32f765xx.o(.text))
<BR>[Address Reference Count : 1]<UL><LI> startup_stm32f765xx.o(RESET)
</UL>
<P><STRONG><a name="[4c]"></a>CAN2_RX1_IRQHandler</STRONG> (Thumb, 0 bytes, Stack size 0 bytes, startup_stm32f765xx.o(.text))
<BR>[Address Reference Count : 1]<UL><LI> startup_stm32f765xx.o(RESET)
</UL>
<P><STRONG><a name="[4d]"></a>CAN2_SCE_IRQHandler</STRONG> (Thumb, 0 bytes, Stack size 0 bytes, startup_stm32f765xx.o(.text))
<BR>[Address Reference Count : 1]<UL><LI> startup_stm32f765xx.o(RESET)
</UL>
<P><STRONG><a name="[4a]"></a>CAN2_TX_IRQHandler</STRONG> (Thumb, 0 bytes, Stack size 0 bytes, startup_stm32f765xx.o(.text))
<BR>[Address Reference Count : 1]<UL><LI> startup_stm32f765xx.o(RESET)
</UL>
<P><STRONG><a name="[70]"></a>CAN3_RX0_IRQHandler</STRONG> (Thumb, 0 bytes, Stack size 0 bytes, startup_stm32f765xx.o(.text))
<BR>[Address Reference Count : 1]<UL><LI> startup_stm32f765xx.o(RESET)
</UL>
<P><STRONG><a name="[71]"></a>CAN3_RX1_IRQHandler</STRONG> (Thumb, 0 bytes, Stack size 0 bytes, startup_stm32f765xx.o(.text))
<BR>[Address Reference Count : 1]<UL><LI> startup_stm32f765xx.o(RESET)
</UL>
<P><STRONG><a name="[72]"></a>CAN3_SCE_IRQHandler</STRONG> (Thumb, 0 bytes, Stack size 0 bytes, startup_stm32f765xx.o(.text))
<BR>[Address Reference Count : 1]<UL><LI> startup_stm32f765xx.o(RESET)
</UL>
<P><STRONG><a name="[6f]"></a>CAN3_TX_IRQHandler</STRONG> (Thumb, 0 bytes, Stack size 0 bytes, startup_stm32f765xx.o(.text))
<BR>[Address Reference Count : 1]<UL><LI> startup_stm32f765xx.o(RESET)
</UL>
<P><STRONG><a name="[66]"></a>CEC_IRQHandler</STRONG> (Thumb, 0 bytes, Stack size 0 bytes, startup_stm32f765xx.o(.text))
<BR>[Address Reference Count : 1]<UL><LI> startup_stm32f765xx.o(RESET)
</UL>
<P><STRONG><a name="[59]"></a>DCMI_IRQHandler</STRONG> (Thumb, 0 bytes, Stack size 0 bytes, startup_stm32f765xx.o(.text))
<BR>[Address Reference Count : 1]<UL><LI> startup_stm32f765xx.o(RESET)
</UL>
<P><STRONG><a name="[6a]"></a>DFSDM1_FLT0_IRQHandler</STRONG> (Thumb, 0 bytes, Stack size 0 bytes, startup_stm32f765xx.o(.text))
<BR>[Address Reference Count : 1]<UL><LI> startup_stm32f765xx.o(RESET)
</UL>
<P><STRONG><a name="[6b]"></a>DFSDM1_FLT1_IRQHandler</STRONG> (Thumb, 0 bytes, Stack size 0 bytes, startup_stm32f765xx.o(.text))
<BR>[Address Reference Count : 1]<UL><LI> startup_stm32f765xx.o(RESET)
</UL>
<P><STRONG><a name="[6c]"></a>DFSDM1_FLT2_IRQHandler</STRONG> (Thumb, 0 bytes, Stack size 0 bytes, startup_stm32f765xx.o(.text))
<BR>[Address Reference Count : 1]<UL><LI> startup_stm32f765xx.o(RESET)
</UL>
<P><STRONG><a name="[6d]"></a>DFSDM1_FLT3_IRQHandler</STRONG> (Thumb, 0 bytes, Stack size 0 bytes, startup_stm32f765xx.o(.text))
<BR>[Address Reference Count : 1]<UL><LI> startup_stm32f765xx.o(RESET)
</UL>
<P><STRONG><a name="[16]"></a>DMA1_Stream0_IRQHandler</STRONG> (Thumb, 0 bytes, Stack size 0 bytes, startup_stm32f765xx.o(.text))
<BR>[Address Reference Count : 1]<UL><LI> startup_stm32f765xx.o(RESET)
</UL>
<P><STRONG><a name="[17]"></a>DMA1_Stream1_IRQHandler</STRONG> (Thumb, 0 bytes, Stack size 0 bytes, startup_stm32f765xx.o(.text))
<BR>[Address Reference Count : 1]<UL><LI> startup_stm32f765xx.o(RESET)
</UL>
<P><STRONG><a name="[19]"></a>DMA1_Stream3_IRQHandler</STRONG> (Thumb, 0 bytes, Stack size 0 bytes, startup_stm32f765xx.o(.text))
<BR>[Address Reference Count : 1]<UL><LI> startup_stm32f765xx.o(RESET)
</UL>
<P><STRONG><a name="[1b]"></a>DMA1_Stream5_IRQHandler</STRONG> (Thumb, 0 bytes, Stack size 0 bytes, startup_stm32f765xx.o(.text))
<BR>[Address Reference Count : 1]<UL><LI> startup_stm32f765xx.o(RESET)
</UL>
<P><STRONG><a name="[1c]"></a>DMA1_Stream6_IRQHandler</STRONG> (Thumb, 0 bytes, Stack size 0 bytes, startup_stm32f765xx.o(.text))
<BR>[Address Reference Count : 1]<UL><LI> startup_stm32f765xx.o(RESET)
</UL>
<P><STRONG><a name="[3a]"></a>DMA1_Stream7_IRQHandler</STRONG> (Thumb, 0 bytes, Stack size 0 bytes, startup_stm32f765xx.o(.text))
<BR>[Address Reference Count : 1]<UL><LI> startup_stm32f765xx.o(RESET)
</UL>
<P><STRONG><a name="[62]"></a>DMA2D_IRQHandler</STRONG> (Thumb, 0 bytes, Stack size 0 bytes, startup_stm32f765xx.o(.text))
<BR>[Address Reference Count : 1]<UL><LI> startup_stm32f765xx.o(RESET)
</UL>
<P><STRONG><a name="[45]"></a>DMA2_Stream2_IRQHandler</STRONG> (Thumb, 0 bytes, Stack size 0 bytes, startup_stm32f765xx.o(.text))
<BR>[Address Reference Count : 1]<UL><LI> startup_stm32f765xx.o(RESET)
</UL>
<P><STRONG><a name="[46]"></a>DMA2_Stream3_IRQHandler</STRONG> (Thumb, 0 bytes, Stack size 0 bytes, startup_stm32f765xx.o(.text))
<BR>[Address Reference Count : 1]<UL><LI> startup_stm32f765xx.o(RESET)
</UL>
<P><STRONG><a name="[4f]"></a>DMA2_Stream5_IRQHandler</STRONG> (Thumb, 0 bytes, Stack size 0 bytes, startup_stm32f765xx.o(.text))
<BR>[Address Reference Count : 1]<UL><LI> startup_stm32f765xx.o(RESET)
</UL>
<P><STRONG><a name="[50]"></a>DMA2_Stream6_IRQHandler</STRONG> (Thumb, 0 bytes, Stack size 0 bytes, startup_stm32f765xx.o(.text))
<BR>[Address Reference Count : 1]<UL><LI> startup_stm32f765xx.o(RESET)
</UL>
<P><STRONG><a name="[51]"></a>DMA2_Stream7_IRQHandler</STRONG> (Thumb, 0 bytes, Stack size 0 bytes, startup_stm32f765xx.o(.text))
<BR>[Address Reference Count : 1]<UL><LI> startup_stm32f765xx.o(RESET)
</UL>
<P><STRONG><a name="[48]"></a>ETH_IRQHandler</STRONG> (Thumb, 0 bytes, Stack size 0 bytes, startup_stm32f765xx.o(.text))
<BR>[Address Reference Count : 1]<UL><LI> startup_stm32f765xx.o(RESET)
</UL>
<P><STRONG><a name="[49]"></a>ETH_WKUP_IRQHandler</STRONG> (Thumb, 0 bytes, Stack size 0 bytes, startup_stm32f765xx.o(.text))
<BR>[Address Reference Count : 1]<UL><LI> startup_stm32f765xx.o(RESET)
</UL>
<P><STRONG><a name="[11]"></a>EXTI0_IRQHandler</STRONG> (Thumb, 0 bytes, Stack size 0 bytes, startup_stm32f765xx.o(.text))
<BR>[Address Reference Count : 1]<UL><LI> startup_stm32f765xx.o(RESET)
</UL>
<P><STRONG><a name="[33]"></a>EXTI15_10_IRQHandler</STRONG> (Thumb, 0 bytes, Stack size 0 bytes, startup_stm32f765xx.o(.text))
<BR>[Address Reference Count : 1]<UL><LI> startup_stm32f765xx.o(RESET)
</UL>
<P><STRONG><a name="[12]"></a>EXTI1_IRQHandler</STRONG> (Thumb, 0 bytes, Stack size 0 bytes, startup_stm32f765xx.o(.text))
<BR>[Address Reference Count : 1]<UL><LI> startup_stm32f765xx.o(RESET)
</UL>
<P><STRONG><a name="[13]"></a>EXTI2_IRQHandler</STRONG> (Thumb, 0 bytes, Stack size 0 bytes, startup_stm32f765xx.o(.text))
<BR>[Address Reference Count : 1]<UL><LI> startup_stm32f765xx.o(RESET)
</UL>
<P><STRONG><a name="[14]"></a>EXTI3_IRQHandler</STRONG> (Thumb, 0 bytes, Stack size 0 bytes, startup_stm32f765xx.o(.text))
<BR>[Address Reference Count : 1]<UL><LI> startup_stm32f765xx.o(RESET)
</UL>
<P><STRONG><a name="[15]"></a>EXTI4_IRQHandler</STRONG> (Thumb, 0 bytes, Stack size 0 bytes, startup_stm32f765xx.o(.text))
<BR>[Address Reference Count : 1]<UL><LI> startup_stm32f765xx.o(RESET)
</UL>
<P><STRONG><a name="[22]"></a>EXTI9_5_IRQHandler</STRONG> (Thumb, 0 bytes, Stack size 0 bytes, startup_stm32f765xx.o(.text))
<BR>[Address Reference Count : 1]<UL><LI> startup_stm32f765xx.o(RESET)
</UL>
<P><STRONG><a name="[f]"></a>FLASH_IRQHandler</STRONG> (Thumb, 0 bytes, Stack size 0 bytes, startup_stm32f765xx.o(.text))
<BR>[Address Reference Count : 1]<UL><LI> startup_stm32f765xx.o(RESET)
</UL>
<P><STRONG><a name="[3b]"></a>FMC_IRQHandler</STRONG> (Thumb, 0 bytes, Stack size 0 bytes, startup_stm32f765xx.o(.text))
<BR>[Address Reference Count : 1]<UL><LI> startup_stm32f765xx.o(RESET)
</UL>
<P><STRONG><a name="[5b]"></a>FPU_IRQHandler</STRONG> (Thumb, 0 bytes, Stack size 0 bytes, startup_stm32f765xx.o(.text))
<BR>[Address Reference Count : 1]<UL><LI> startup_stm32f765xx.o(RESET)
</UL>
<P><STRONG><a name="[2b]"></a>I2C1_ER_IRQHandler</STRONG> (Thumb, 0 bytes, Stack size 0 bytes, startup_stm32f765xx.o(.text))
<BR>[Address Reference Count : 1]<UL><LI> startup_stm32f765xx.o(RESET)
</UL>
<P><STRONG><a name="[2a]"></a>I2C1_EV_IRQHandler</STRONG> (Thumb, 0 bytes, Stack size 0 bytes, startup_stm32f765xx.o(.text))
<BR>[Address Reference Count : 1]<UL><LI> startup_stm32f765xx.o(RESET)
</UL>
<P><STRONG><a name="[2d]"></a>I2C2_ER_IRQHandler</STRONG> (Thumb, 0 bytes, Stack size 0 bytes, startup_stm32f765xx.o(.text))
<BR>[Address Reference Count : 1]<UL><LI> startup_stm32f765xx.o(RESET)
</UL>
<P><STRONG><a name="[2c]"></a>I2C2_EV_IRQHandler</STRONG> (Thumb, 0 bytes, Stack size 0 bytes, startup_stm32f765xx.o(.text))
<BR>[Address Reference Count : 1]<UL><LI> startup_stm32f765xx.o(RESET)
</UL>
<P><STRONG><a name="[54]"></a>I2C3_ER_IRQHandler</STRONG> (Thumb, 0 bytes, Stack size 0 bytes, startup_stm32f765xx.o(.text))
<BR>[Address Reference Count : 1]<UL><LI> startup_stm32f765xx.o(RESET)
</UL>
<P><STRONG><a name="[53]"></a>I2C3_EV_IRQHandler</STRONG> (Thumb, 0 bytes, Stack size 0 bytes, startup_stm32f765xx.o(.text))
<BR>[Address Reference Count : 1]<UL><LI> startup_stm32f765xx.o(RESET)
</UL>
<P><STRONG><a name="[68]"></a>I2C4_ER_IRQHandler</STRONG> (Thumb, 0 bytes, Stack size 0 bytes, startup_stm32f765xx.o(.text))
<BR>[Address Reference Count : 1]<UL><LI> startup_stm32f765xx.o(RESET)
</UL>
<P><STRONG><a name="[67]"></a>I2C4_EV_IRQHandler</STRONG> (Thumb, 0 bytes, Stack size 0 bytes, startup_stm32f765xx.o(.text))
<BR>[Address Reference Count : 1]<UL><LI> startup_stm32f765xx.o(RESET)
</UL>
<P><STRONG><a name="[65]"></a>LPTIM1_IRQHandler</STRONG> (Thumb, 0 bytes, Stack size 0 bytes, startup_stm32f765xx.o(.text))
<BR>[Address Reference Count : 1]<UL><LI> startup_stm32f765xx.o(RESET)
</UL>
<P><STRONG><a name="[73]"></a>MDIOS_IRQHandler</STRONG> (Thumb, 0 bytes, Stack size 0 bytes, startup_stm32f765xx.o(.text))
<BR>[Address Reference Count : 1]<UL><LI> startup_stm32f765xx.o(RESET)
</UL>
<P><STRONG><a name="[4e]"></a>OTG_FS_IRQHandler</STRONG> (Thumb, 0 bytes, Stack size 0 bytes, startup_stm32f765xx.o(.text))
<BR>[Address Reference Count : 1]<UL><LI> startup_stm32f765xx.o(RESET)
</UL>
<P><STRONG><a name="[35]"></a>OTG_FS_WKUP_IRQHandler</STRONG> (Thumb, 0 bytes, Stack size 0 bytes, startup_stm32f765xx.o(.text))
<BR>[Address Reference Count : 1]<UL><LI> startup_stm32f765xx.o(RESET)
</UL>
<P><STRONG><a name="[56]"></a>OTG_HS_EP1_IN_IRQHandler</STRONG> (Thumb, 0 bytes, Stack size 0 bytes, startup_stm32f765xx.o(.text))
<BR>[Address Reference Count : 1]<UL><LI> startup_stm32f765xx.o(RESET)
</UL>
<P><STRONG><a name="[55]"></a>OTG_HS_EP1_OUT_IRQHandler</STRONG> (Thumb, 0 bytes, Stack size 0 bytes, startup_stm32f765xx.o(.text))
<BR>[Address Reference Count : 1]<UL><LI> startup_stm32f765xx.o(RESET)
</UL>
<P><STRONG><a name="[58]"></a>OTG_HS_IRQHandler</STRONG> (Thumb, 0 bytes, Stack size 0 bytes, startup_stm32f765xx.o(.text))
<BR>[Address Reference Count : 1]<UL><LI> startup_stm32f765xx.o(RESET)
</UL>
<P><STRONG><a name="[57]"></a>OTG_HS_WKUP_IRQHandler</STRONG> (Thumb, 0 bytes, Stack size 0 bytes, startup_stm32f765xx.o(.text))
<BR>[Address Reference Count : 1]<UL><LI> startup_stm32f765xx.o(RESET)
</UL>
<P><STRONG><a name="[c]"></a>PVD_IRQHandler</STRONG> (Thumb, 0 bytes, Stack size 0 bytes, startup_stm32f765xx.o(.text))
<BR>[Address Reference Count : 1]<UL><LI> startup_stm32f765xx.o(RESET)
</UL>
<P><STRONG><a name="[64]"></a>QUADSPI_IRQHandler</STRONG> (Thumb, 0 bytes, Stack size 0 bytes, startup_stm32f765xx.o(.text))
<BR>[Address Reference Count : 1]<UL><LI> startup_stm32f765xx.o(RESET)
</UL>
<P><STRONG><a name="[10]"></a>RCC_IRQHandler</STRONG> (Thumb, 0 bytes, Stack size 0 bytes, startup_stm32f765xx.o(.text))
<BR>[Address Reference Count : 1]<UL><LI> startup_stm32f765xx.o(RESET)
</UL>
<P><STRONG><a name="[5a]"></a>RNG_IRQHandler</STRONG> (Thumb, 0 bytes, Stack size 0 bytes, startup_stm32f765xx.o(.text))
<BR>[Address Reference Count : 1]<UL><LI> startup_stm32f765xx.o(RESET)
</UL>
<P><STRONG><a name="[34]"></a>RTC_Alarm_IRQHandler</STRONG> (Thumb, 0 bytes, Stack size 0 bytes, startup_stm32f765xx.o(.text))
<BR>[Address Reference Count : 1]<UL><LI> startup_stm32f765xx.o(RESET)
</UL>
<P><STRONG><a name="[e]"></a>RTC_WKUP_IRQHandler</STRONG> (Thumb, 0 bytes, Stack size 0 bytes, startup_stm32f765xx.o(.text))
<BR>[Address Reference Count : 1]<UL><LI> startup_stm32f765xx.o(RESET)
</UL>
<P><STRONG><a name="[61]"></a>SAI1_IRQHandler</STRONG> (Thumb, 0 bytes, Stack size 0 bytes, startup_stm32f765xx.o(.text))
<BR>[Address Reference Count : 1]<UL><LI> startup_stm32f765xx.o(RESET)
</UL>
<P><STRONG><a name="[63]"></a>SAI2_IRQHandler</STRONG> (Thumb, 0 bytes, Stack size 0 bytes, startup_stm32f765xx.o(.text))
<BR>[Address Reference Count : 1]<UL><LI> startup_stm32f765xx.o(RESET)
</UL>
<P><STRONG><a name="[3c]"></a>SDMMC1_IRQHandler</STRONG> (Thumb, 0 bytes, Stack size 0 bytes, startup_stm32f765xx.o(.text))
<BR>[Address Reference Count : 1]<UL><LI> startup_stm32f765xx.o(RESET)
</UL>
<P><STRONG><a name="[6e]"></a>SDMMC2_IRQHandler</STRONG> (Thumb, 0 bytes, Stack size 0 bytes, startup_stm32f765xx.o(.text))
<BR>[Address Reference Count : 1]<UL><LI> startup_stm32f765xx.o(RESET)
</UL>
<P><STRONG><a name="[69]"></a>SPDIF_RX_IRQHandler</STRONG> (Thumb, 0 bytes, Stack size 0 bytes, startup_stm32f765xx.o(.text))
<BR>[Address Reference Count : 1]<UL><LI> startup_stm32f765xx.o(RESET)
</UL>
<P><STRONG><a name="[2e]"></a>SPI1_IRQHandler</STRONG> (Thumb, 0 bytes, Stack size 0 bytes, startup_stm32f765xx.o(.text))
<BR>[Address Reference Count : 1]<UL><LI> startup_stm32f765xx.o(RESET)
</UL>
<P><STRONG><a name="[2f]"></a>SPI2_IRQHandler</STRONG> (Thumb, 0 bytes, Stack size 0 bytes, startup_stm32f765xx.o(.text))
<BR>[Address Reference Count : 1]<UL><LI> startup_stm32f765xx.o(RESET)
</UL>
<P><STRONG><a name="[3e]"></a>SPI3_IRQHandler</STRONG> (Thumb, 0 bytes, Stack size 0 bytes, startup_stm32f765xx.o(.text))
<BR>[Address Reference Count : 1]<UL><LI> startup_stm32f765xx.o(RESET)
</UL>
<P><STRONG><a name="[5e]"></a>SPI4_IRQHandler</STRONG> (Thumb, 0 bytes, Stack size 0 bytes, startup_stm32f765xx.o(.text))
<BR>[Address Reference Count : 1]<UL><LI> startup_stm32f765xx.o(RESET)
</UL>
<P><STRONG><a name="[5f]"></a>SPI5_IRQHandler</STRONG> (Thumb, 0 bytes, Stack size 0 bytes, startup_stm32f765xx.o(.text))
<BR>[Address Reference Count : 1]<UL><LI> startup_stm32f765xx.o(RESET)
</UL>
<P><STRONG><a name="[60]"></a>SPI6_IRQHandler</STRONG> (Thumb, 0 bytes, Stack size 0 bytes, startup_stm32f765xx.o(.text))
<BR>[Address Reference Count : 1]<UL><LI> startup_stm32f765xx.o(RESET)
</UL>
<P><STRONG><a name="[d]"></a>TAMP_STAMP_IRQHandler</STRONG> (Thumb, 0 bytes, Stack size 0 bytes, startup_stm32f765xx.o(.text))
<BR>[Address Reference Count : 1]<UL><LI> startup_stm32f765xx.o(RESET)
</UL>
<P><STRONG><a name="[23]"></a>TIM1_BRK_TIM9_IRQHandler</STRONG> (Thumb, 0 bytes, Stack size 0 bytes, startup_stm32f765xx.o(.text))
<BR>[Address Reference Count : 1]<UL><LI> startup_stm32f765xx.o(RESET)
</UL>
<P><STRONG><a name="[26]"></a>TIM1_CC_IRQHandler</STRONG> (Thumb, 0 bytes, Stack size 0 bytes, startup_stm32f765xx.o(.text))
<BR>[Address Reference Count : 1]<UL><LI> startup_stm32f765xx.o(RESET)
</UL>
<P><STRONG><a name="[25]"></a>TIM1_TRG_COM_TIM11_IRQHandler</STRONG> (Thumb, 0 bytes, Stack size 0 bytes, startup_stm32f765xx.o(.text))
<BR>[Address Reference Count : 1]<UL><LI> startup_stm32f765xx.o(RESET)
</UL>
<P><STRONG><a name="[24]"></a>TIM1_UP_TIM10_IRQHandler</STRONG> (Thumb, 0 bytes, Stack size 0 bytes, startup_stm32f765xx.o(.text))
<BR>[Address Reference Count : 1]<UL><LI> startup_stm32f765xx.o(RESET)
</UL>
<P><STRONG><a name="[27]"></a>TIM2_IRQHandler</STRONG> (Thumb, 0 bytes, Stack size 0 bytes, startup_stm32f765xx.o(.text))
<BR>[Address Reference Count : 1]<UL><LI> startup_stm32f765xx.o(RESET)
</UL>
<P><STRONG><a name="[28]"></a>TIM3_IRQHandler</STRONG> (Thumb, 0 bytes, Stack size 0 bytes, startup_stm32f765xx.o(.text))
<BR>[Address Reference Count : 1]<UL><LI> startup_stm32f765xx.o(RESET)
</UL>
<P><STRONG><a name="[29]"></a>TIM4_IRQHandler</STRONG> (Thumb, 0 bytes, Stack size 0 bytes, startup_stm32f765xx.o(.text))
<BR>[Address Reference Count : 1]<UL><LI> startup_stm32f765xx.o(RESET)
</UL>
<P><STRONG><a name="[3d]"></a>TIM5_IRQHandler</STRONG> (Thumb, 0 bytes, Stack size 0 bytes, startup_stm32f765xx.o(.text))
<BR>[Address Reference Count : 1]<UL><LI> startup_stm32f765xx.o(RESET)
</UL>
<P><STRONG><a name="[41]"></a>TIM6_DAC_IRQHandler</STRONG> (Thumb, 0 bytes, Stack size 0 bytes, startup_stm32f765xx.o(.text))
<BR>[Address Reference Count : 1]<UL><LI> startup_stm32f765xx.o(RESET)
</UL>
<P><STRONG><a name="[42]"></a>TIM7_IRQHandler</STRONG> (Thumb, 0 bytes, Stack size 0 bytes, startup_stm32f765xx.o(.text))
<BR>[Address Reference Count : 1]<UL><LI> startup_stm32f765xx.o(RESET)
</UL>
<P><STRONG><a name="[36]"></a>TIM8_BRK_TIM12_IRQHandler</STRONG> (Thumb, 0 bytes, Stack size 0 bytes, startup_stm32f765xx.o(.text))
<BR>[Address Reference Count : 1]<UL><LI> startup_stm32f765xx.o(RESET)
</UL>
<P><STRONG><a name="[39]"></a>TIM8_CC_IRQHandler</STRONG> (Thumb, 0 bytes, Stack size 0 bytes, startup_stm32f765xx.o(.text))
<BR>[Address Reference Count : 1]<UL><LI> startup_stm32f765xx.o(RESET)
</UL>
<P><STRONG><a name="[38]"></a>TIM8_TRG_COM_TIM14_IRQHandler</STRONG> (Thumb, 0 bytes, Stack size 0 bytes, startup_stm32f765xx.o(.text))
<BR>[Address Reference Count : 1]<UL><LI> startup_stm32f765xx.o(RESET)
</UL>
<P><STRONG><a name="[37]"></a>TIM8_UP_TIM13_IRQHandler</STRONG> (Thumb, 0 bytes, Stack size 0 bytes, startup_stm32f765xx.o(.text))
<BR>[Address Reference Count : 1]<UL><LI> startup_stm32f765xx.o(RESET)
</UL>
<P><STRONG><a name="[3f]"></a>UART4_IRQHandler</STRONG> (Thumb, 0 bytes, Stack size 0 bytes, startup_stm32f765xx.o(.text))
<BR>[Address Reference Count : 1]<UL><LI> startup_stm32f765xx.o(RESET)
</UL>
<P><STRONG><a name="[40]"></a>UART5_IRQHandler</STRONG> (Thumb, 0 bytes, Stack size 0 bytes, startup_stm32f765xx.o(.text))
<BR>[Address Reference Count : 1]<UL><LI> startup_stm32f765xx.o(RESET)
</UL>
<P><STRONG><a name="[5c]"></a>UART7_IRQHandler</STRONG> (Thumb, 0 bytes, Stack size 0 bytes, startup_stm32f765xx.o(.text))
<BR>[Address Reference Count : 1]<UL><LI> startup_stm32f765xx.o(RESET)
</UL>
<P><STRONG><a name="[5d]"></a>UART8_IRQHandler</STRONG> (Thumb, 0 bytes, Stack size 0 bytes, startup_stm32f765xx.o(.text))
<BR>[Address Reference Count : 1]<UL><LI> startup_stm32f765xx.o(RESET)
</UL>
<P><STRONG><a name="[30]"></a>USART1_IRQHandler</STRONG> (Thumb, 0 bytes, Stack size 0 bytes, startup_stm32f765xx.o(.text))
<BR>[Address Reference Count : 1]<UL><LI> startup_stm32f765xx.o(RESET)
</UL>
<P><STRONG><a name="[31]"></a>USART2_IRQHandler</STRONG> (Thumb, 0 bytes, Stack size 0 bytes, startup_stm32f765xx.o(.text))
<BR>[Address Reference Count : 1]<UL><LI> startup_stm32f765xx.o(RESET)
</UL>
<P><STRONG><a name="[32]"></a>USART3_IRQHandler</STRONG> (Thumb, 0 bytes, Stack size 0 bytes, startup_stm32f765xx.o(.text))
<BR>[Address Reference Count : 1]<UL><LI> startup_stm32f765xx.o(RESET)
</UL>
<P><STRONG><a name="[52]"></a>USART6_IRQHandler</STRONG> (Thumb, 0 bytes, Stack size 0 bytes, startup_stm32f765xx.o(.text))
<BR>[Address Reference Count : 1]<UL><LI> startup_stm32f765xx.o(RESET)
</UL>
<P><STRONG><a name="[b]"></a>WWDG_IRQHandler</STRONG> (Thumb, 0 bytes, Stack size 0 bytes, startup_stm32f765xx.o(.text))
<BR>[Address Reference Count : 1]<UL><LI> startup_stm32f765xx.o(RESET)
</UL>
<P><STRONG><a name="[84]"></a>__aeabi_memset</STRONG> (Thumb, 14 bytes, Stack size 0 bytes, memseta.o(.text), UNUSED)
<BR><BR>[Called By]<UL><LI><a href="#[85]">&gt;&gt;</a>&nbsp;&nbsp;&nbsp;_memset$wrapper
<LI><a href="#[83]">&gt;&gt;</a>&nbsp;&nbsp;&nbsp;__aeabi_memclr
</UL>

<P><STRONG><a name="[d0]"></a>__aeabi_memset4</STRONG> (Thumb, 0 bytes, Stack size 0 bytes, memseta.o(.text), UNUSED)

<P><STRONG><a name="[d1]"></a>__aeabi_memset8</STRONG> (Thumb, 0 bytes, Stack size 0 bytes, memseta.o(.text), UNUSED)

<P><STRONG><a name="[83]"></a>__aeabi_memclr</STRONG> (Thumb, 4 bytes, Stack size 0 bytes, memseta.o(.text), UNUSED)
<BR><BR>[Calls]<UL><LI><a href="#[84]">&gt;&gt;</a>&nbsp;&nbsp;&nbsp;__aeabi_memset
</UL>

<P><STRONG><a name="[b7]"></a>__aeabi_memclr4</STRONG> (Thumb, 0 bytes, Stack size 0 bytes, memseta.o(.text))
<BR><BR>[Called By]<UL><LI><a href="#[b6]">&gt;&gt;</a>&nbsp;&nbsp;&nbsp;OOPSInit
</UL>

<P><STRONG><a name="[d2]"></a>__aeabi_memclr8</STRONG> (Thumb, 0 bytes, Stack size 0 bytes, memseta.o(.text), UNUSED)

<P><STRONG><a name="[85]"></a>_memset$wrapper</STRONG> (Thumb, 18 bytes, Stack size 8 bytes, memseta.o(.text), UNUSED)
<BR><BR>[Calls]<UL><LI><a href="#[84]">&gt;&gt;</a>&nbsp;&nbsp;&nbsp;__aeabi_memset
</UL>

<P><STRONG><a name="[82]"></a>__scatterload</STRONG> (Thumb, 28 bytes, Stack size 0 bytes, init.o(.text))
<BR><BR>[Calls]<UL><LI><a href="#[86]">&gt;&gt;</a>&nbsp;&nbsp;&nbsp;__main_after_scatterload
</UL>
<BR>[Called By]<UL><LI><a href="#[81]">&gt;&gt;</a>&nbsp;&nbsp;&nbsp;_main_scatterload
</UL>

<P><STRONG><a name="[d3]"></a>__scatterload_rt2</STRONG> (Thumb, 0 bytes, Stack size 0 bytes, init.o(.text), UNUSED)

<P><STRONG><a name="[8a]"></a>AudioCodec_init</STRONG> (Thumb, 268 bytes, Stack size 32 bytes, codec.o(i.AudioCodec_init))
<BR><BR>[Stack]<UL><LI>Max Depth = 96<LI>Call Chain = AudioCodec_init &rArr; HAL_I2C_Master_Transmit &rArr; I2C_WaitOnTXISFlagUntilTimeout
</UL>
<BR>[Calls]<UL><LI><a href="#[8b]">&gt;&gt;</a>&nbsp;&nbsp;&nbsp;HAL_I2C_Master_Transmit
</UL>
<BR>[Called By]<UL><LI><a href="#[c3]">&gt;&gt;</a>&nbsp;&nbsp;&nbsp;audioInit
</UL>

<P><STRONG><a name="[5]"></a>BusFault_Handler</STRONG> (Thumb, 2 bytes, Stack size 0 bytes, stm32f7xx_it.o(i.BusFault_Handler))
<BR><BR>[Calls]<UL><LI><a href="#[5]">&gt;&gt;</a>&nbsp;&nbsp;&nbsp;BusFault_Handler
</UL>
<BR>[Called By]<UL><LI><a href="#[5]">&gt;&gt;</a>&nbsp;&nbsp;&nbsp;BusFault_Handler
</UL>
<BR>[Address Reference Count : 1]<UL><LI> startup_stm32f765xx.o(RESET)
</UL>
<P><STRONG><a name="[18]"></a>DMA1_Stream2_IRQHandler</STRONG> (Thumb, 6 bytes, Stack size 0 bytes, stm32f7xx_it.o(i.DMA1_Stream2_IRQHandler))
<BR><BR>[Stack]<UL><LI>Max Depth = 32<LI>Call Chain = DMA1_Stream2_IRQHandler &rArr; HAL_DMA_IRQHandler
</UL>
<BR>[Calls]<UL><LI><a href="#[8c]">&gt;&gt;</a>&nbsp;&nbsp;&nbsp;HAL_DMA_IRQHandler
</UL>
<BR>[Address Reference Count : 1]<UL><LI> startup_stm32f765xx.o(RESET)
</UL>
<P><STRONG><a name="[1a]"></a>DMA1_Stream4_IRQHandler</STRONG> (Thumb, 6 bytes, Stack size 0 bytes, stm32f7xx_it.o(i.DMA1_Stream4_IRQHandler))
<BR><BR>[Stack]<UL><LI>Max Depth = 32<LI>Call Chain = DMA1_Stream4_IRQHandler &rArr; HAL_DMA_IRQHandler
</UL>
<BR>[Calls]<UL><LI><a href="#[8c]">&gt;&gt;</a>&nbsp;&nbsp;&nbsp;HAL_DMA_IRQHandler
</UL>
<BR>[Address Reference Count : 1]<UL><LI> startup_stm32f765xx.o(RESET)
</UL>
<P><STRONG><a name="[43]"></a>DMA2_Stream0_IRQHandler</STRONG> (Thumb, 6 bytes, Stack size 0 bytes, stm32f7xx_it.o(i.DMA2_Stream0_IRQHandler))
<BR><BR>[Stack]<UL><LI>Max Depth = 32<LI>Call Chain = DMA2_Stream0_IRQHandler &rArr; HAL_DMA_IRQHandler
</UL>
<BR>[Calls]<UL><LI><a href="#[8c]">&gt;&gt;</a>&nbsp;&nbsp;&nbsp;HAL_DMA_IRQHandler
</UL>
<BR>[Address Reference Count : 1]<UL><LI> startup_stm32f765xx.o(RESET)
</UL>
<P><STRONG><a name="[44]"></a>DMA2_Stream1_IRQHandler</STRONG> (Thumb, 6 bytes, Stack size 0 bytes, stm32f7xx_it.o(i.DMA2_Stream1_IRQHandler))
<BR><BR>[Stack]<UL><LI>Max Depth = 32<LI>Call Chain = DMA2_Stream1_IRQHandler &rArr; HAL_DMA_IRQHandler
</UL>
<BR>[Calls]<UL><LI><a href="#[8c]">&gt;&gt;</a>&nbsp;&nbsp;&nbsp;HAL_DMA_IRQHandler
</UL>
<BR>[Address Reference Count : 1]<UL><LI> startup_stm32f765xx.o(RESET)
</UL>
<P><STRONG><a name="[47]"></a>DMA2_Stream4_IRQHandler</STRONG> (Thumb, 6 bytes, Stack size 0 bytes, stm32f7xx_it.o(i.DMA2_Stream4_IRQHandler))
<BR><BR>[Stack]<UL><LI>Max Depth = 32<LI>Call Chain = DMA2_Stream4_IRQHandler &rArr; HAL_DMA_IRQHandler
</UL>
<BR>[Calls]<UL><LI><a href="#[8c]">&gt;&gt;</a>&nbsp;&nbsp;&nbsp;HAL_DMA_IRQHandler
</UL>
<BR>[Address Reference Count : 1]<UL><LI> startup_stm32f765xx.o(RESET)
</UL>
<P><STRONG><a name="[8]"></a>DebugMon_Handler</STRONG> (Thumb, 2 bytes, Stack size 0 bytes, stm32f7xx_it.o(i.DebugMon_Handler))
<BR>[Address Reference Count : 1]<UL><LI> startup_stm32f765xx.o(RESET)
</UL>
<P><STRONG><a name="[8d]"></a>Error_Handler</STRONG> (Thumb, 14 bytes, Stack size 0 bytes, main.o(i.Error_Handler))
<BR><BR>[Calls]<UL><LI><a href="#[8e]">&gt;&gt;</a>&nbsp;&nbsp;&nbsp;HAL_GPIO_WritePin
</UL>
<BR>[Called By]<UL><LI><a href="#[aa]">&gt;&gt;</a>&nbsp;&nbsp;&nbsp;HAL_SAI_MspInit
<LI><a href="#[98]">&gt;&gt;</a>&nbsp;&nbsp;&nbsp;HAL_I2C_MspInit
<LI><a href="#[90]">&gt;&gt;</a>&nbsp;&nbsp;&nbsp;HAL_ADC_MspInit
</UL>

<P><STRONG><a name="[c8]"></a>HAL_ADC_ConfigChannel</STRONG> (Thumb, 442 bytes, Stack size 20 bytes, stm32f7xx_hal_adc.o(i.HAL_ADC_ConfigChannel))
<BR><BR>[Stack]<UL><LI>Max Depth = 20<LI>Call Chain = HAL_ADC_ConfigChannel
</UL>
<BR>[Called By]<UL><LI><a href="#[74]">&gt;&gt;</a>&nbsp;&nbsp;&nbsp;main
</UL>

<P><STRONG><a name="[87]"></a>HAL_ADC_ConvCpltCallback</STRONG> (Thumb, 10 bytes, Stack size 0 bytes, main.o(i.HAL_ADC_ConvCpltCallback))
<BR><BR>[Calls]<UL><LI><a href="#[8e]">&gt;&gt;</a>&nbsp;&nbsp;&nbsp;HAL_GPIO_WritePin
</UL>
<BR>[Called By]<UL><LI><a href="#[77]">&gt;&gt;</a>&nbsp;&nbsp;&nbsp;ADC_DMAConvCplt
</UL>

<P><STRONG><a name="[89]"></a>HAL_ADC_ConvHalfCpltCallback</STRONG> (Thumb, 2 bytes, Stack size 0 bytes, stm32f7xx_hal_adc.o(i.HAL_ADC_ConvHalfCpltCallback))
<BR><BR>[Called By]<UL><LI><a href="#[78]">&gt;&gt;</a>&nbsp;&nbsp;&nbsp;ADC_DMAHalfConvCplt
</UL>

<P><STRONG><a name="[88]"></a>HAL_ADC_ErrorCallback</STRONG> (Thumb, 2 bytes, Stack size 0 bytes, stm32f7xx_hal_adc.o(i.HAL_ADC_ErrorCallback))
<BR><BR>[Called By]<UL><LI><a href="#[79]">&gt;&gt;</a>&nbsp;&nbsp;&nbsp;ADC_DMAError
</UL>

<P><STRONG><a name="[8f]"></a>HAL_ADC_Init</STRONG> (Thumb, 376 bytes, Stack size 16 bytes, stm32f7xx_hal_adc.o(i.HAL_ADC_Init))
<BR><BR>[Stack]<UL><LI>Max Depth = 96<LI>Call Chain = HAL_ADC_Init &rArr; HAL_ADC_MspInit &rArr; HAL_GPIO_Init
</UL>
<BR>[Calls]<UL><LI><a href="#[90]">&gt;&gt;</a>&nbsp;&nbsp;&nbsp;HAL_ADC_MspInit
</UL>
<BR>[Called By]<UL><LI><a href="#[74]">&gt;&gt;</a>&nbsp;&nbsp;&nbsp;main
</UL>

<P><STRONG><a name="[90]"></a>HAL_ADC_MspInit</STRONG> (Thumb, 154 bytes, Stack size 40 bytes, stm32f7xx_hal_msp.o(i.HAL_ADC_MspInit))
<BR><BR>[Stack]<UL><LI>Max Depth = 80<LI>Call Chain = HAL_ADC_MspInit &rArr; HAL_GPIO_Init
</UL>
<BR>[Calls]<UL><LI><a href="#[91]">&gt;&gt;</a>&nbsp;&nbsp;&nbsp;HAL_GPIO_Init
<LI><a href="#[92]">&gt;&gt;</a>&nbsp;&nbsp;&nbsp;HAL_DMA_Init
<LI><a href="#[8d]">&gt;&gt;</a>&nbsp;&nbsp;&nbsp;Error_Handler
</UL>
<BR>[Called By]<UL><LI><a href="#[8f]">&gt;&gt;</a>&nbsp;&nbsp;&nbsp;HAL_ADC_Init
</UL>

<P><STRONG><a name="[93]"></a>HAL_ADC_Start_DMA</STRONG> (Thumb, 342 bytes, Stack size 24 bytes, stm32f7xx_hal_adc.o(i.HAL_ADC_Start_DMA))
<BR><BR>[Stack]<UL><LI>Max Depth = 40<LI>Call Chain = HAL_ADC_Start_DMA &rArr; HAL_DMA_Start_IT
</UL>
<BR>[Calls]<UL><LI><a href="#[94]">&gt;&gt;</a>&nbsp;&nbsp;&nbsp;HAL_DMA_Start_IT
</UL>
<BR>[Called By]<UL><LI><a href="#[74]">&gt;&gt;</a>&nbsp;&nbsp;&nbsp;main
</UL>

<P><STRONG><a name="[8c]"></a>HAL_DMA_IRQHandler</STRONG> (Thumb, 470 bytes, Stack size 32 bytes, stm32f7xx_hal_dma.o(i.HAL_DMA_IRQHandler))
<BR><BR>[Stack]<UL><LI>Max Depth = 32<LI>Call Chain = HAL_DMA_IRQHandler
</UL>
<BR>[Called By]<UL><LI><a href="#[47]">&gt;&gt;</a>&nbsp;&nbsp;&nbsp;DMA2_Stream4_IRQHandler
<LI><a href="#[44]">&gt;&gt;</a>&nbsp;&nbsp;&nbsp;DMA2_Stream1_IRQHandler
<LI><a href="#[43]">&gt;&gt;</a>&nbsp;&nbsp;&nbsp;DMA2_Stream0_IRQHandler
<LI><a href="#[1a]">&gt;&gt;</a>&nbsp;&nbsp;&nbsp;DMA1_Stream4_IRQHandler
<LI><a href="#[18]">&gt;&gt;</a>&nbsp;&nbsp;&nbsp;DMA1_Stream2_IRQHandler
</UL>

<P><STRONG><a name="[92]"></a>HAL_DMA_Init</STRONG> (Thumb, 376 bytes, Stack size 32 bytes, stm32f7xx_hal_dma.o(i.HAL_DMA_Init))
<BR><BR>[Stack]<UL><LI>Max Depth = 32<LI>Call Chain = HAL_DMA_Init
</UL>
<BR>[Calls]<UL><LI><a href="#[95]">&gt;&gt;</a>&nbsp;&nbsp;&nbsp;HAL_GetTick
</UL>
<BR>[Called By]<UL><LI><a href="#[aa]">&gt;&gt;</a>&nbsp;&nbsp;&nbsp;HAL_SAI_MspInit
<LI><a href="#[98]">&gt;&gt;</a>&nbsp;&nbsp;&nbsp;HAL_I2C_MspInit
<LI><a href="#[90]">&gt;&gt;</a>&nbsp;&nbsp;&nbsp;HAL_ADC_MspInit
</UL>

<P><STRONG><a name="[94]"></a>HAL_DMA_Start_IT</STRONG> (Thumb, 156 bytes, Stack size 16 bytes, stm32f7xx_hal_dma.o(i.HAL_DMA_Start_IT))
<BR><BR>[Stack]<UL><LI>Max Depth = 16<LI>Call Chain = HAL_DMA_Start_IT
</UL>
<BR>[Called By]<UL><LI><a href="#[b0]">&gt;&gt;</a>&nbsp;&nbsp;&nbsp;HAL_SAI_Transmit_DMA
<LI><a href="#[ae]">&gt;&gt;</a>&nbsp;&nbsp;&nbsp;HAL_SAI_Receive_DMA
<LI><a href="#[93]">&gt;&gt;</a>&nbsp;&nbsp;&nbsp;HAL_ADC_Start_DMA
</UL>

<P><STRONG><a name="[96]"></a>HAL_Delay</STRONG> (Thumb, 22 bytes, Stack size 16 bytes, stm32f7xx_hal.o(i.HAL_Delay))
<BR><BR>[Stack]<UL><LI>Max Depth = 16<LI>Call Chain = HAL_Delay
</UL>
<BR>[Calls]<UL><LI><a href="#[95]">&gt;&gt;</a>&nbsp;&nbsp;&nbsp;HAL_GetTick
</UL>
<BR>[Called By]<UL><LI><a href="#[c3]">&gt;&gt;</a>&nbsp;&nbsp;&nbsp;audioInit
</UL>

<P><STRONG><a name="[91]"></a>HAL_GPIO_Init</STRONG> (Thumb, 580 bytes, Stack size 40 bytes, stm32f7xx_hal_gpio.o(i.HAL_GPIO_Init))
<BR><BR>[Stack]<UL><LI>Max Depth = 40<LI>Call Chain = HAL_GPIO_Init
</UL>
<BR>[Called By]<UL><LI><a href="#[aa]">&gt;&gt;</a>&nbsp;&nbsp;&nbsp;HAL_SAI_MspInit
<LI><a href="#[98]">&gt;&gt;</a>&nbsp;&nbsp;&nbsp;HAL_I2C_MspInit
<LI><a href="#[90]">&gt;&gt;</a>&nbsp;&nbsp;&nbsp;HAL_ADC_MspInit
<LI><a href="#[74]">&gt;&gt;</a>&nbsp;&nbsp;&nbsp;main
</UL>

<P><STRONG><a name="[c1]"></a>HAL_GPIO_ReadPin</STRONG> (Thumb, 10 bytes, Stack size 0 bytes, stm32f7xx_hal_gpio.o(i.HAL_GPIO_ReadPin))
<BR><BR>[Called By]<UL><LI><a href="#[b2]">&gt;&gt;</a>&nbsp;&nbsp;&nbsp;audioFrame
</UL>

<P><STRONG><a name="[8e]"></a>HAL_GPIO_WritePin</STRONG> (Thumb, 10 bytes, Stack size 0 bytes, stm32f7xx_hal_gpio.o(i.HAL_GPIO_WritePin))
<BR><BR>[Called By]<UL><LI><a href="#[74]">&gt;&gt;</a>&nbsp;&nbsp;&nbsp;main
<LI><a href="#[bc]">&gt;&gt;</a>&nbsp;&nbsp;&nbsp;SystemClock_Config
<LI><a href="#[87]">&gt;&gt;</a>&nbsp;&nbsp;&nbsp;HAL_ADC_ConvCpltCallback
<LI><a href="#[8d]">&gt;&gt;</a>&nbsp;&nbsp;&nbsp;Error_Handler
<LI><a href="#[b2]">&gt;&gt;</a>&nbsp;&nbsp;&nbsp;audioFrame
</UL>

<P><STRONG><a name="[95]"></a>HAL_GetTick</STRONG> (Thumb, 6 bytes, Stack size 0 bytes, stm32f7xx_hal.o(i.HAL_GetTick))
<BR><BR>[Called By]<UL><LI><a href="#[a3]">&gt;&gt;</a>&nbsp;&nbsp;&nbsp;HAL_RCCEx_PeriphCLKConfig
<LI><a href="#[92]">&gt;&gt;</a>&nbsp;&nbsp;&nbsp;HAL_DMA_Init
<LI><a href="#[8b]">&gt;&gt;</a>&nbsp;&nbsp;&nbsp;HAL_I2C_Master_Transmit
<LI><a href="#[9a]">&gt;&gt;</a>&nbsp;&nbsp;&nbsp;I2C_WaitOnTXISFlagUntilTimeout
<LI><a href="#[9b]">&gt;&gt;</a>&nbsp;&nbsp;&nbsp;I2C_WaitOnSTOPFlagUntilTimeout
<LI><a href="#[99]">&gt;&gt;</a>&nbsp;&nbsp;&nbsp;I2C_WaitOnFlagUntilTimeout
<LI><a href="#[96]">&gt;&gt;</a>&nbsp;&nbsp;&nbsp;HAL_Delay
<LI><a href="#[a5]">&gt;&gt;</a>&nbsp;&nbsp;&nbsp;HAL_RCC_OscConfig
<LI><a href="#[a4]">&gt;&gt;</a>&nbsp;&nbsp;&nbsp;HAL_RCC_ClockConfig
<LI><a href="#[a6]">&gt;&gt;</a>&nbsp;&nbsp;&nbsp;HAL_RNG_GenerateRandomNumber
<LI><a href="#[a2]">&gt;&gt;</a>&nbsp;&nbsp;&nbsp;HAL_PWREx_EnableOverDrive
</UL>

<P><STRONG><a name="[c9]"></a>HAL_I2CEx_ConfigAnalogFilter</STRONG> (Thumb, 100 bytes, Stack size 4 bytes, stm32f7xx_hal_i2c_ex.o(i.HAL_I2CEx_ConfigAnalogFilter))
<BR><BR>[Stack]<UL><LI>Max Depth = 4<LI>Call Chain = HAL_I2CEx_ConfigAnalogFilter
</UL>
<BR>[Called By]<UL><LI><a href="#[74]">&gt;&gt;</a>&nbsp;&nbsp;&nbsp;main
</UL>

<P><STRONG><a name="[97]"></a>HAL_I2C_Init</STRONG> (Thumb, 180 bytes, Stack size 16 bytes, stm32f7xx_hal_i2c.o(i.HAL_I2C_Init))
<BR><BR>[Stack]<UL><LI>Max Depth = 104<LI>Call Chain = HAL_I2C_Init &rArr; HAL_I2C_MspInit &rArr; HAL_GPIO_Init
</UL>
<BR>[Calls]<UL><LI><a href="#[98]">&gt;&gt;</a>&nbsp;&nbsp;&nbsp;HAL_I2C_MspInit
</UL>
<BR>[Called By]<UL><LI><a href="#[74]">&gt;&gt;</a>&nbsp;&nbsp;&nbsp;main
</UL>

<P><STRONG><a name="[8b]"></a>HAL_I2C_Master_Transmit</STRONG> (Thumb, 374 bytes, Stack size 40 bytes, stm32f7xx_hal_i2c.o(i.HAL_I2C_Master_Transmit))
<BR><BR>[Stack]<UL><LI>Max Depth = 64<LI>Call Chain = HAL_I2C_Master_Transmit &rArr; I2C_WaitOnTXISFlagUntilTimeout
</UL>
<BR>[Calls]<UL><LI><a href="#[95]">&gt;&gt;</a>&nbsp;&nbsp;&nbsp;HAL_GetTick
<LI><a href="#[9a]">&gt;&gt;</a>&nbsp;&nbsp;&nbsp;I2C_WaitOnTXISFlagUntilTimeout
<LI><a href="#[9b]">&gt;&gt;</a>&nbsp;&nbsp;&nbsp;I2C_WaitOnSTOPFlagUntilTimeout
<LI><a href="#[99]">&gt;&gt;</a>&nbsp;&nbsp;&nbsp;I2C_WaitOnFlagUntilTimeout
</UL>
<BR>[Called By]<UL><LI><a href="#[8a]">&gt;&gt;</a>&nbsp;&nbsp;&nbsp;AudioCodec_init
</UL>

<P><STRONG><a name="[98]"></a>HAL_I2C_MspInit</STRONG> (Thumb, 176 bytes, Stack size 48 bytes, stm32f7xx_hal_msp.o(i.HAL_I2C_MspInit))
<BR><BR>[Stack]<UL><LI>Max Depth = 88<LI>Call Chain = HAL_I2C_MspInit &rArr; HAL_GPIO_Init
</UL>
<BR>[Calls]<UL><LI><a href="#[91]">&gt;&gt;</a>&nbsp;&nbsp;&nbsp;HAL_GPIO_Init
<LI><a href="#[92]">&gt;&gt;</a>&nbsp;&nbsp;&nbsp;HAL_DMA_Init
<LI><a href="#[8d]">&gt;&gt;</a>&nbsp;&nbsp;&nbsp;Error_Handler
</UL>
<BR>[Called By]<UL><LI><a href="#[97]">&gt;&gt;</a>&nbsp;&nbsp;&nbsp;HAL_I2C_Init
</UL>

<P><STRONG><a name="[bb]"></a>HAL_IncTick</STRONG> (Thumb, 10 bytes, Stack size 0 bytes, stm32f7xx_hal.o(i.HAL_IncTick))
<BR><BR>[Called By]<UL><LI><a href="#[a]">&gt;&gt;</a>&nbsp;&nbsp;&nbsp;SysTick_Handler
</UL>

<P><STRONG><a name="[9c]"></a>HAL_Init</STRONG> (Thumb, 22 bytes, Stack size 8 bytes, stm32f7xx_hal.o(i.HAL_Init))
<BR><BR>[Stack]<UL><LI>Max Depth = 24<LI>Call Chain = HAL_Init &rArr; HAL_InitTick &rArr; HAL_NVIC_SetPriority
</UL>
<BR>[Calls]<UL><LI><a href="#[9e]">&gt;&gt;</a>&nbsp;&nbsp;&nbsp;HAL_InitTick
<LI><a href="#[9d]">&gt;&gt;</a>&nbsp;&nbsp;&nbsp;HAL_NVIC_SetPriorityGrouping
<LI><a href="#[9f]">&gt;&gt;</a>&nbsp;&nbsp;&nbsp;HAL_MspInit
</UL>
<BR>[Called By]<UL><LI><a href="#[74]">&gt;&gt;</a>&nbsp;&nbsp;&nbsp;main
</UL>

<P><STRONG><a name="[9e]"></a>HAL_InitTick</STRONG> (Thumb, 34 bytes, Stack size 8 bytes, stm32f7xx_hal.o(i.HAL_InitTick))
<BR><BR>[Stack]<UL><LI>Max Depth = 16<LI>Call Chain = HAL_InitTick &rArr; HAL_NVIC_SetPriority
</UL>
<BR>[Calls]<UL><LI><a href="#[a0]">&gt;&gt;</a>&nbsp;&nbsp;&nbsp;HAL_SYSTICK_Config
<LI><a href="#[a1]">&gt;&gt;</a>&nbsp;&nbsp;&nbsp;HAL_NVIC_SetPriority
</UL>
<BR>[Called By]<UL><LI><a href="#[9c]">&gt;&gt;</a>&nbsp;&nbsp;&nbsp;HAL_Init
<LI><a href="#[a4]">&gt;&gt;</a>&nbsp;&nbsp;&nbsp;HAL_RCC_ClockConfig
</UL>

<P><STRONG><a name="[9f]"></a>HAL_MspInit</STRONG> (Thumb, 88 bytes, Stack size 8 bytes, stm32f7xx_hal_msp.o(i.HAL_MspInit))
<BR><BR>[Stack]<UL><LI>Max Depth = 16<LI>Call Chain = HAL_MspInit &rArr; HAL_NVIC_SetPriority
</UL>
<BR>[Calls]<UL><LI><a href="#[9d]">&gt;&gt;</a>&nbsp;&nbsp;&nbsp;HAL_NVIC_SetPriorityGrouping
<LI><a href="#[a1]">&gt;&gt;</a>&nbsp;&nbsp;&nbsp;HAL_NVIC_SetPriority
</UL>
<BR>[Called By]<UL><LI><a href="#[9c]">&gt;&gt;</a>&nbsp;&nbsp;&nbsp;HAL_Init
</UL>

<P><STRONG><a name="[c7]"></a>HAL_NVIC_EnableIRQ</STRONG> (Thumb, 24 bytes, Stack size 0 bytes, stm32f7xx_hal_cortex.o(i.HAL_NVIC_EnableIRQ))
<BR><BR>[Called By]<UL><LI><a href="#[74]">&gt;&gt;</a>&nbsp;&nbsp;&nbsp;main
</UL>

<P><STRONG><a name="[a1]"></a>HAL_NVIC_SetPriority</STRONG> (Thumb, 92 bytes, Stack size 8 bytes, stm32f7xx_hal_cortex.o(i.HAL_NVIC_SetPriority))
<BR><BR>[Stack]<UL><LI>Max Depth = 8<LI>Call Chain = HAL_NVIC_SetPriority
</UL>
<BR>[Called By]<UL><LI><a href="#[9e]">&gt;&gt;</a>&nbsp;&nbsp;&nbsp;HAL_InitTick
<LI><a href="#[9f]">&gt;&gt;</a>&nbsp;&nbsp;&nbsp;HAL_MspInit
<LI><a href="#[74]">&gt;&gt;</a>&nbsp;&nbsp;&nbsp;main
<LI><a href="#[bc]">&gt;&gt;</a>&nbsp;&nbsp;&nbsp;SystemClock_Config
</UL>

<P><STRONG><a name="[9d]"></a>HAL_NVIC_SetPriorityGrouping</STRONG> (Thumb, 30 bytes, Stack size 0 bytes, stm32f7xx_hal_cortex.o(i.HAL_NVIC_SetPriorityGrouping))
<BR><BR>[Called By]<UL><LI><a href="#[9c]">&gt;&gt;</a>&nbsp;&nbsp;&nbsp;HAL_Init
<LI><a href="#[9f]">&gt;&gt;</a>&nbsp;&nbsp;&nbsp;HAL_MspInit
</UL>

<P><STRONG><a name="[a2]"></a>HAL_PWREx_EnableOverDrive</STRONG> (Thumb, 116 bytes, Stack size 16 bytes, stm32f7xx_hal_pwr_ex.o(i.HAL_PWREx_EnableOverDrive))
<BR><BR>[Stack]<UL><LI>Max Depth = 16<LI>Call Chain = HAL_PWREx_EnableOverDrive
</UL>
<BR>[Calls]<UL><LI><a href="#[95]">&gt;&gt;</a>&nbsp;&nbsp;&nbsp;HAL_GetTick
</UL>
<BR>[Called By]<UL><LI><a href="#[bc]">&gt;&gt;</a>&nbsp;&nbsp;&nbsp;SystemClock_Config
</UL>

<P><STRONG><a name="[ac]"></a>HAL_RCCEx_GetPeriphCLKFreq</STRONG> (Thumb, 288 bytes, Stack size 16 bytes, stm32f7xx_hal_rcc_ex.o(i.HAL_RCCEx_GetPeriphCLKFreq))
<BR><BR>[Stack]<UL><LI>Max Depth = 16<LI>Call Chain = HAL_RCCEx_GetPeriphCLKFreq
</UL>
<BR>[Called By]<UL><LI><a href="#[a9]">&gt;&gt;</a>&nbsp;&nbsp;&nbsp;HAL_SAI_Init
</UL>

<P><STRONG><a name="[a3]"></a>HAL_RCCEx_PeriphCLKConfig</STRONG> (Thumb, 1814 bytes, Stack size 40 bytes, stm32f7xx_hal_rcc_ex.o(i.HAL_RCCEx_PeriphCLKConfig))
<BR><BR>[Stack]<UL><LI>Max Depth = 40<LI>Call Chain = HAL_RCCEx_PeriphCLKConfig
</UL>
<BR>[Calls]<UL><LI><a href="#[95]">&gt;&gt;</a>&nbsp;&nbsp;&nbsp;HAL_GetTick
</UL>
<BR>[Called By]<UL><LI><a href="#[bc]">&gt;&gt;</a>&nbsp;&nbsp;&nbsp;SystemClock_Config
</UL>

<P><STRONG><a name="[a4]"></a>HAL_RCC_ClockConfig</STRONG> (Thumb, 492 bytes, Stack size 32 bytes, stm32f7xx_hal_rcc.o(i.HAL_RCC_ClockConfig))
<BR><BR>[Stack]<UL><LI>Max Depth = 48<LI>Call Chain = HAL_RCC_ClockConfig &rArr; HAL_InitTick &rArr; HAL_NVIC_SetPriority
</UL>
<BR>[Calls]<UL><LI><a href="#[95]">&gt;&gt;</a>&nbsp;&nbsp;&nbsp;HAL_GetTick
<LI><a href="#[9e]">&gt;&gt;</a>&nbsp;&nbsp;&nbsp;HAL_InitTick
</UL>
<BR>[Called By]<UL><LI><a href="#[bc]">&gt;&gt;</a>&nbsp;&nbsp;&nbsp;SystemClock_Config
</UL>

<P><STRONG><a name="[bd]"></a>HAL_RCC_GetHCLKFreq</STRONG> (Thumb, 6 bytes, Stack size 0 bytes, stm32f7xx_hal_rcc.o(i.HAL_RCC_GetHCLKFreq))
<BR><BR>[Called By]<UL><LI><a href="#[bc]">&gt;&gt;</a>&nbsp;&nbsp;&nbsp;SystemClock_Config
</UL>

<P><STRONG><a name="[a5]"></a>HAL_RCC_OscConfig</STRONG> (Thumb, 1040 bytes, Stack size 40 bytes, stm32f7xx_hal_rcc.o(i.HAL_RCC_OscConfig))
<BR><BR>[Stack]<UL><LI>Max Depth = 40<LI>Call Chain = HAL_RCC_OscConfig
</UL>
<BR>[Calls]<UL><LI><a href="#[95]">&gt;&gt;</a>&nbsp;&nbsp;&nbsp;HAL_GetTick
</UL>
<BR>[Called By]<UL><LI><a href="#[bc]">&gt;&gt;</a>&nbsp;&nbsp;&nbsp;SystemClock_Config
</UL>

<P><STRONG><a name="[a6]"></a>HAL_RNG_GenerateRandomNumber</STRONG> (Thumb, 120 bytes, Stack size 32 bytes, stm32f7xx_hal_rng.o(i.HAL_RNG_GenerateRandomNumber))
<BR><BR>[Stack]<UL><LI>Max Depth = 32<LI>Call Chain = HAL_RNG_GenerateRandomNumber
</UL>
<BR>[Calls]<UL><LI><a href="#[95]">&gt;&gt;</a>&nbsp;&nbsp;&nbsp;HAL_GetTick
</UL>
<BR>[Called By]<UL><LI><a href="#[7f]">&gt;&gt;</a>&nbsp;&nbsp;&nbsp;randomNumber
</UL>

<P><STRONG><a name="[a7]"></a>HAL_RNG_Init</STRONG> (Thumb, 62 bytes, Stack size 16 bytes, stm32f7xx_hal_rng.o(i.HAL_RNG_Init))
<BR><BR>[Stack]<UL><LI>Max Depth = 20<LI>Call Chain = HAL_RNG_Init &rArr; HAL_RNG_MspInit
</UL>
<BR>[Calls]<UL><LI><a href="#[a8]">&gt;&gt;</a>&nbsp;&nbsp;&nbsp;HAL_RNG_MspInit
</UL>
<BR>[Called By]<UL><LI><a href="#[74]">&gt;&gt;</a>&nbsp;&nbsp;&nbsp;main
</UL>

<P><STRONG><a name="[a8]"></a>HAL_RNG_MspInit</STRONG> (Thumb, 40 bytes, Stack size 4 bytes, stm32f7xx_hal_msp.o(i.HAL_RNG_MspInit))
<BR><BR>[Stack]<UL><LI>Max Depth = 4<LI>Call Chain = HAL_RNG_MspInit
</UL>
<BR>[Called By]<UL><LI><a href="#[a7]">&gt;&gt;</a>&nbsp;&nbsp;&nbsp;HAL_RNG_Init
</UL>

<P><STRONG><a name="[b8]"></a>HAL_SAI_ErrorCallback</STRONG> (Thumb, 2 bytes, Stack size 0 bytes, stm32f7xx_hal_sai.o(i.HAL_SAI_ErrorCallback))
<BR><BR>[Called By]<UL><LI><a href="#[7c]">&gt;&gt;</a>&nbsp;&nbsp;&nbsp;SAI_DMAError
</UL>

<P><STRONG><a name="[a9]"></a>HAL_SAI_Init</STRONG> (Thumb, 458 bytes, Stack size 32 bytes, stm32f7xx_hal_sai.o(i.HAL_SAI_Init))
<BR><BR>[Stack]<UL><LI>Max Depth = 136<LI>Call Chain = HAL_SAI_Init &rArr; HAL_SAI_MspInit &rArr; HAL_GPIO_Init
</UL>
<BR>[Calls]<UL><LI><a href="#[ac]">&gt;&gt;</a>&nbsp;&nbsp;&nbsp;HAL_RCCEx_GetPeriphCLKFreq
<LI><a href="#[ab]">&gt;&gt;</a>&nbsp;&nbsp;&nbsp;SAI_Disable
<LI><a href="#[aa]">&gt;&gt;</a>&nbsp;&nbsp;&nbsp;HAL_SAI_MspInit
</UL>
<BR>[Called By]<UL><LI><a href="#[ad]">&gt;&gt;</a>&nbsp;&nbsp;&nbsp;HAL_SAI_InitProtocol
</UL>

<P><STRONG><a name="[ad]"></a>HAL_SAI_InitProtocol</STRONG> (Thumb, 350 bytes, Stack size 40 bytes, stm32f7xx_hal_sai.o(i.HAL_SAI_InitProtocol))
<BR><BR>[Stack]<UL><LI>Max Depth = 176<LI>Call Chain = HAL_SAI_InitProtocol &rArr; HAL_SAI_Init &rArr; HAL_SAI_MspInit &rArr; HAL_GPIO_Init
</UL>
<BR>[Calls]<UL><LI><a href="#[a9]">&gt;&gt;</a>&nbsp;&nbsp;&nbsp;HAL_SAI_Init
</UL>
<BR>[Called By]<UL><LI><a href="#[74]">&gt;&gt;</a>&nbsp;&nbsp;&nbsp;main
</UL>

<P><STRONG><a name="[aa]"></a>HAL_SAI_MspInit</STRONG> (Thumb, 288 bytes, Stack size 64 bytes, stm32f7xx_hal_msp.o(i.HAL_SAI_MspInit))
<BR><BR>[Stack]<UL><LI>Max Depth = 104<LI>Call Chain = HAL_SAI_MspInit &rArr; HAL_GPIO_Init
</UL>
<BR>[Calls]<UL><LI><a href="#[91]">&gt;&gt;</a>&nbsp;&nbsp;&nbsp;HAL_GPIO_Init
<LI><a href="#[92]">&gt;&gt;</a>&nbsp;&nbsp;&nbsp;HAL_DMA_Init
<LI><a href="#[8d]">&gt;&gt;</a>&nbsp;&nbsp;&nbsp;Error_Handler
</UL>
<BR>[Called By]<UL><LI><a href="#[a9]">&gt;&gt;</a>&nbsp;&nbsp;&nbsp;HAL_SAI_Init
</UL>

<P><STRONG><a name="[ae]"></a>HAL_SAI_Receive_DMA</STRONG> (Thumb, 166 bytes, Stack size 16 bytes, stm32f7xx_hal_sai.o(i.HAL_SAI_Receive_DMA))
<BR><BR>[Stack]<UL><LI>Max Depth = 32<LI>Call Chain = HAL_SAI_Receive_DMA &rArr; HAL_DMA_Start_IT
</UL>
<BR>[Calls]<UL><LI><a href="#[94]">&gt;&gt;</a>&nbsp;&nbsp;&nbsp;HAL_DMA_Start_IT
<LI><a href="#[af]">&gt;&gt;</a>&nbsp;&nbsp;&nbsp;SAI_InterruptFlag
</UL>
<BR>[Called By]<UL><LI><a href="#[c3]">&gt;&gt;</a>&nbsp;&nbsp;&nbsp;audioInit
</UL>

<P><STRONG><a name="[b9]"></a>HAL_SAI_RxCpltCallback</STRONG> (Thumb, 2 bytes, Stack size 0 bytes, stm32f7xx_hal_sai.o(i.HAL_SAI_RxCpltCallback))
<BR><BR>[Called By]<UL><LI><a href="#[7b]">&gt;&gt;</a>&nbsp;&nbsp;&nbsp;SAI_DMARxCplt
</UL>

<P><STRONG><a name="[ba]"></a>HAL_SAI_RxHalfCpltCallback</STRONG> (Thumb, 2 bytes, Stack size 0 bytes, stm32f7xx_hal_sai.o(i.HAL_SAI_RxHalfCpltCallback))
<BR><BR>[Called By]<UL><LI><a href="#[7a]">&gt;&gt;</a>&nbsp;&nbsp;&nbsp;SAI_DMARxHalfCplt
</UL>

<P><STRONG><a name="[b0]"></a>HAL_SAI_Transmit_DMA</STRONG> (Thumb, 166 bytes, Stack size 16 bytes, stm32f7xx_hal_sai.o(i.HAL_SAI_Transmit_DMA))
<BR><BR>[Stack]<UL><LI>Max Depth = 32<LI>Call Chain = HAL_SAI_Transmit_DMA &rArr; HAL_DMA_Start_IT
</UL>
<BR>[Calls]<UL><LI><a href="#[94]">&gt;&gt;</a>&nbsp;&nbsp;&nbsp;HAL_DMA_Start_IT
<LI><a href="#[af]">&gt;&gt;</a>&nbsp;&nbsp;&nbsp;SAI_InterruptFlag
</UL>
<BR>[Called By]<UL><LI><a href="#[c3]">&gt;&gt;</a>&nbsp;&nbsp;&nbsp;audioInit
</UL>

<P><STRONG><a name="[b1]"></a>HAL_SAI_TxCpltCallback</STRONG> (Thumb, 6 bytes, Stack size 0 bytes, audiostream.o(i.HAL_SAI_TxCpltCallback))
<BR><BR>[Stack]<UL><LI>Max Depth = 40<LI>Call Chain = HAL_SAI_TxCpltCallback &rArr; audioFrame
</UL>
<BR>[Calls]<UL><LI><a href="#[b2]">&gt;&gt;</a>&nbsp;&nbsp;&nbsp;audioFrame
</UL>
<BR>[Called By]<UL><LI><a href="#[7e]">&gt;&gt;</a>&nbsp;&nbsp;&nbsp;SAI_DMATxCplt
</UL>

<P><STRONG><a name="[b3]"></a>HAL_SAI_TxHalfCpltCallback</STRONG> (Thumb, 6 bytes, Stack size 0 bytes, audiostream.o(i.HAL_SAI_TxHalfCpltCallback))
<BR><BR>[Stack]<UL><LI>Max Depth = 40<LI>Call Chain = HAL_SAI_TxHalfCpltCallback &rArr; audioFrame
</UL>
<BR>[Calls]<UL><LI><a href="#[b2]">&gt;&gt;</a>&nbsp;&nbsp;&nbsp;audioFrame
</UL>
<BR>[Called By]<UL><LI><a href="#[7d]">&gt;&gt;</a>&nbsp;&nbsp;&nbsp;SAI_DMATxHalfCplt
</UL>

<P><STRONG><a name="[be]"></a>HAL_SYSTICK_CLKSourceConfig</STRONG> (Thumb, 22 bytes, Stack size 0 bytes, stm32f7xx_hal_cortex.o(i.HAL_SYSTICK_CLKSourceConfig))
<BR><BR>[Called By]<UL><LI><a href="#[bc]">&gt;&gt;</a>&nbsp;&nbsp;&nbsp;SystemClock_Config
</UL>

<P><STRONG><a name="[b5]"></a>HAL_SYSTICK_Callback</STRONG> (Thumb, 2 bytes, Stack size 0 bytes, stm32f7xx_hal_cortex.o(i.HAL_SYSTICK_Callback))
<BR><BR>[Called By]<UL><LI><a href="#[b4]">&gt;&gt;</a>&nbsp;&nbsp;&nbsp;HAL_SYSTICK_IRQHandler
</UL>

<P><STRONG><a name="[a0]"></a>HAL_SYSTICK_Config</STRONG> (Thumb, 36 bytes, Stack size 0 bytes, stm32f7xx_hal_cortex.o(i.HAL_SYSTICK_Config))
<BR><BR>[Called By]<UL><LI><a href="#[9e]">&gt;&gt;</a>&nbsp;&nbsp;&nbsp;HAL_InitTick
<LI><a href="#[bc]">&gt;&gt;</a>&nbsp;&nbsp;&nbsp;SystemClock_Config
</UL>

<P><STRONG><a name="[b4]"></a>HAL_SYSTICK_IRQHandler</STRONG> (Thumb, 8 bytes, Stack size 8 bytes, stm32f7xx_hal_cortex.o(i.HAL_SYSTICK_IRQHandler))
<BR><BR>[Stack]<UL><LI>Max Depth = 8<LI>Call Chain = HAL_SYSTICK_IRQHandler
</UL>
<BR>[Calls]<UL><LI><a href="#[b5]">&gt;&gt;</a>&nbsp;&nbsp;&nbsp;HAL_SYSTICK_Callback
</UL>
<BR>[Called By]<UL><LI><a href="#[a]">&gt;&gt;</a>&nbsp;&nbsp;&nbsp;SysTick_Handler
</UL>

<P><STRONG><a name="[3]"></a>HardFault_Handler</STRONG> (Thumb, 2 bytes, Stack size 0 bytes, stm32f7xx_it.o(i.HardFault_Handler))
<BR><BR>[Calls]<UL><LI><a href="#[3]">&gt;&gt;</a>&nbsp;&nbsp;&nbsp;HardFault_Handler
</UL>
<BR>[Called By]<UL><LI><a href="#[3]">&gt;&gt;</a>&nbsp;&nbsp;&nbsp;HardFault_Handler
</UL>
<BR>[Address Reference Count : 1]<UL><LI> startup_stm32f765xx.o(RESET)
</UL>
<P><STRONG><a name="[4]"></a>MemManage_Handler</STRONG> (Thumb, 2 bytes, Stack size 0 bytes, stm32f7xx_it.o(i.MemManage_Handler))
<BR><BR>[Calls]<UL><LI><a href="#[4]">&gt;&gt;</a>&nbsp;&nbsp;&nbsp;MemManage_Handler
</UL>
<BR>[Called By]<UL><LI><a href="#[4]">&gt;&gt;</a>&nbsp;&nbsp;&nbsp;MemManage_Handler
</UL>
<BR>[Address Reference Count : 1]<UL><LI> startup_stm32f765xx.o(RESET)
</UL>
<P><STRONG><a name="[2]"></a>NMI_Handler</STRONG> (Thumb, 2 bytes, Stack size 0 bytes, stm32f7xx_it.o(i.NMI_Handler))
<BR>[Address Reference Count : 1]<UL><LI> startup_stm32f765xx.o(RESET)
</UL>
<P><STRONG><a name="[b6]"></a>OOPSInit</STRONG> (Thumb, 28 bytes, Stack size 0 bytes, oops.o(i.OOPSInit))
<BR><BR>[Calls]<UL><LI><a href="#[b7]">&gt;&gt;</a>&nbsp;&nbsp;&nbsp;__aeabi_memclr4
</UL>
<BR>[Called By]<UL><LI><a href="#[c3]">&gt;&gt;</a>&nbsp;&nbsp;&nbsp;audioInit
</UL>

<P><STRONG><a name="[9]"></a>PendSV_Handler</STRONG> (Thumb, 2 bytes, Stack size 0 bytes, stm32f7xx_it.o(i.PendSV_Handler))
<BR>[Address Reference Count : 1]<UL><LI> startup_stm32f765xx.o(RESET)
</UL>
<P><STRONG><a name="[7]"></a>SVC_Handler</STRONG> (Thumb, 2 bytes, Stack size 0 bytes, stm32f7xx_it.o(i.SVC_Handler))
<BR>[Address Reference Count : 1]<UL><LI> startup_stm32f765xx.o(RESET)
</UL>
<P><STRONG><a name="[a]"></a>SysTick_Handler</STRONG> (Thumb, 14 bytes, Stack size 8 bytes, stm32f7xx_it.o(i.SysTick_Handler))
<BR><BR>[Stack]<UL><LI>Max Depth = 16<LI>Call Chain = SysTick_Handler &rArr; HAL_SYSTICK_IRQHandler
</UL>
<BR>[Calls]<UL><LI><a href="#[b4]">&gt;&gt;</a>&nbsp;&nbsp;&nbsp;HAL_SYSTICK_IRQHandler
<LI><a href="#[bb]">&gt;&gt;</a>&nbsp;&nbsp;&nbsp;HAL_IncTick
</UL>
<BR>[Address Reference Count : 1]<UL><LI> startup_stm32f765xx.o(RESET)
</UL>
<P><STRONG><a name="[bc]"></a>SystemClock_Config</STRONG> (Thumb, 244 bytes, Stack size 240 bytes, main.o(i.SystemClock_Config))
<BR><BR>[Stack]<UL><LI>Max Depth = 288<LI>Call Chain = SystemClock_Config &rArr; HAL_RCC_ClockConfig &rArr; HAL_InitTick &rArr; HAL_NVIC_SetPriority
</UL>
<BR>[Calls]<UL><LI><a href="#[8e]">&gt;&gt;</a>&nbsp;&nbsp;&nbsp;HAL_GPIO_WritePin
<LI><a href="#[a3]">&gt;&gt;</a>&nbsp;&nbsp;&nbsp;HAL_RCCEx_PeriphCLKConfig
<LI><a href="#[be]">&gt;&gt;</a>&nbsp;&nbsp;&nbsp;HAL_SYSTICK_CLKSourceConfig
<LI><a href="#[a0]">&gt;&gt;</a>&nbsp;&nbsp;&nbsp;HAL_SYSTICK_Config
<LI><a href="#[a1]">&gt;&gt;</a>&nbsp;&nbsp;&nbsp;HAL_NVIC_SetPriority
<LI><a href="#[a5]">&gt;&gt;</a>&nbsp;&nbsp;&nbsp;HAL_RCC_OscConfig
<LI><a href="#[bd]">&gt;&gt;</a>&nbsp;&nbsp;&nbsp;HAL_RCC_GetHCLKFreq
<LI><a href="#[a4]">&gt;&gt;</a>&nbsp;&nbsp;&nbsp;HAL_RCC_ClockConfig
<LI><a href="#[a2]">&gt;&gt;</a>&nbsp;&nbsp;&nbsp;HAL_PWREx_EnableOverDrive
</UL>
<BR>[Called By]<UL><LI><a href="#[74]">&gt;&gt;</a>&nbsp;&nbsp;&nbsp;main
</UL>

<P><STRONG><a name="[75]"></a>SystemInit</STRONG> (Thumb, 76 bytes, Stack size 8 bytes, system_stm32f7xx.o(i.SystemInit))
<BR><BR>[Stack]<UL><LI>Max Depth = 8<LI>Call Chain = SystemInit
</UL>
<BR>[Address Reference Count : 1]<UL><LI> startup_stm32f765xx.o(.text)
</UL>
<P><STRONG><a name="[6]"></a>UsageFault_Handler</STRONG> (Thumb, 2 bytes, Stack size 0 bytes, stm32f7xx_it.o(i.UsageFault_Handler))
<BR><BR>[Calls]<UL><LI><a href="#[6]">&gt;&gt;</a>&nbsp;&nbsp;&nbsp;UsageFault_Handler
</UL>
<BR>[Called By]<UL><LI><a href="#[6]">&gt;&gt;</a>&nbsp;&nbsp;&nbsp;UsageFault_Handler
</UL>
<BR>[Address Reference Count : 1]<UL><LI> startup_stm32f765xx.o(RESET)
</UL>
<P><STRONG><a name="[d4]"></a>__scatterload_copy</STRONG> (Thumb, 14 bytes, Stack size unknown bytes, handlers.o(i.__scatterload_copy), UNUSED)

<P><STRONG><a name="[d5]"></a>__scatterload_null</STRONG> (Thumb, 2 bytes, Stack size unknown bytes, handlers.o(i.__scatterload_null), UNUSED)

<P><STRONG><a name="[d6]"></a>__scatterload_zeroinit</STRONG> (Thumb, 14 bytes, Stack size unknown bytes, handlers.o(i.__scatterload_zeroinit), UNUSED)

<P><STRONG><a name="[b2]"></a>audioFrame</STRONG> (Thumb, 234 bytes, Stack size 40 bytes, audiostream.o(i.audioFrame))
<BR><BR>[Stack]<UL><LI>Max Depth = 40<LI>Call Chain = audioFrame
</UL>
<BR>[Calls]<UL><LI><a href="#[8e]">&gt;&gt;</a>&nbsp;&nbsp;&nbsp;HAL_GPIO_WritePin
<LI><a href="#[c1]">&gt;&gt;</a>&nbsp;&nbsp;&nbsp;HAL_GPIO_ReadPin
<LI><a href="#[bf]">&gt;&gt;</a>&nbsp;&nbsp;&nbsp;tSawtoothSetFreq
<LI><a href="#[c0]">&gt;&gt;</a>&nbsp;&nbsp;&nbsp;tSVFESetFreq
<LI><a href="#[c2]">&gt;&gt;</a>&nbsp;&nbsp;&nbsp;tEnvelopeOn
</UL>
<BR>[Called By]<UL><LI><a href="#[b3]">&gt;&gt;</a>&nbsp;&nbsp;&nbsp;HAL_SAI_TxHalfCpltCallback
<LI><a href="#[b1]">&gt;&gt;</a>&nbsp;&nbsp;&nbsp;HAL_SAI_TxCpltCallback
</UL>

<P><STRONG><a name="[c3]"></a>audioInit</STRONG> (Thumb, 118 bytes, Stack size 24 bytes, audiostream.o(i.audioInit))
<BR><BR>[Stack]<UL><LI>Max Depth = 120<LI>Call Chain = audioInit &rArr; AudioCodec_init &rArr; HAL_I2C_Master_Transmit &rArr; I2C_WaitOnTXISFlagUntilTimeout
</UL>
<BR>[Calls]<UL><LI><a href="#[96]">&gt;&gt;</a>&nbsp;&nbsp;&nbsp;HAL_Delay
<LI><a href="#[b0]">&gt;&gt;</a>&nbsp;&nbsp;&nbsp;HAL_SAI_Transmit_DMA
<LI><a href="#[ae]">&gt;&gt;</a>&nbsp;&nbsp;&nbsp;HAL_SAI_Receive_DMA
<LI><a href="#[c4]">&gt;&gt;</a>&nbsp;&nbsp;&nbsp;tSawtoothInit
<LI><a href="#[c6]">&gt;&gt;</a>&nbsp;&nbsp;&nbsp;tSVFEInit
<LI><a href="#[c5]">&gt;&gt;</a>&nbsp;&nbsp;&nbsp;tEnvelopeInit
<LI><a href="#[b6]">&gt;&gt;</a>&nbsp;&nbsp;&nbsp;OOPSInit
<LI><a href="#[8a]">&gt;&gt;</a>&nbsp;&nbsp;&nbsp;AudioCodec_init
</UL>
<BR>[Called By]<UL><LI><a href="#[74]">&gt;&gt;</a>&nbsp;&nbsp;&nbsp;main
</UL>

<P><STRONG><a name="[74]"></a>main</STRONG> (Thumb, 980 bytes, Stack size 24 bytes, main.o(i.main))
<BR><BR>[Stack]<UL><LI>Max Depth = 312<LI>Call Chain = main &rArr; SystemClock_Config &rArr; HAL_RCC_ClockConfig &rArr; HAL_InitTick &rArr; HAL_NVIC_SetPriority
</UL>
<BR>[Calls]<UL><LI><a href="#[8e]">&gt;&gt;</a>&nbsp;&nbsp;&nbsp;HAL_GPIO_WritePin
<LI><a href="#[91]">&gt;&gt;</a>&nbsp;&nbsp;&nbsp;HAL_GPIO_Init
<LI><a href="#[c7]">&gt;&gt;</a>&nbsp;&nbsp;&nbsp;HAL_NVIC_EnableIRQ
<LI><a href="#[97]">&gt;&gt;</a>&nbsp;&nbsp;&nbsp;HAL_I2C_Init
<LI><a href="#[a1]">&gt;&gt;</a>&nbsp;&nbsp;&nbsp;HAL_NVIC_SetPriority
<LI><a href="#[9c]">&gt;&gt;</a>&nbsp;&nbsp;&nbsp;HAL_Init
<LI><a href="#[ad]">&gt;&gt;</a>&nbsp;&nbsp;&nbsp;HAL_SAI_InitProtocol
<LI><a href="#[a7]">&gt;&gt;</a>&nbsp;&nbsp;&nbsp;HAL_RNG_Init
<LI><a href="#[c3]">&gt;&gt;</a>&nbsp;&nbsp;&nbsp;audioInit
<LI><a href="#[bc]">&gt;&gt;</a>&nbsp;&nbsp;&nbsp;SystemClock_Config
<LI><a href="#[c9]">&gt;&gt;</a>&nbsp;&nbsp;&nbsp;HAL_I2CEx_ConfigAnalogFilter
<LI><a href="#[93]">&gt;&gt;</a>&nbsp;&nbsp;&nbsp;HAL_ADC_Start_DMA
<LI><a href="#[8f]">&gt;&gt;</a>&nbsp;&nbsp;&nbsp;HAL_ADC_Init
<LI><a href="#[c8]">&gt;&gt;</a>&nbsp;&nbsp;&nbsp;HAL_ADC_ConfigChannel
</UL>
<BR>[Address Reference Count : 1]<UL><LI> entry9a.o(.ARM.Collect$$$$0000000B)
</UL>
<P><STRONG><a name="[7f]"></a>randomNumber</STRONG> (Thumb, 42 bytes, Stack size 8 bytes, audiostream.o(i.randomNumber))
<BR><BR>[Stack]<UL><LI>Max Depth = 40<LI>Call Chain = randomNumber &rArr; HAL_RNG_GenerateRandomNumber
</UL>
<BR>[Calls]<UL><LI><a href="#[a6]">&gt;&gt;</a>&nbsp;&nbsp;&nbsp;HAL_RNG_GenerateRandomNumber
</UL>
<BR>[Address Reference Count : 1]<UL><LI> audiostream.o(i.audioInit)
</UL>
<P><STRONG><a name="[c5]"></a>tEnvelopeInit</STRONG> (Thumb, 236 bytes, Stack size 8 bytes, oopsutilities.o(i.tEnvelopeInit))
<BR><BR>[Stack]<UL><LI>Max Depth = 8<LI>Call Chain = tEnvelopeInit
</UL>
<BR>[Called By]<UL><LI><a href="#[c3]">&gt;&gt;</a>&nbsp;&nbsp;&nbsp;audioInit
</UL>

<P><STRONG><a name="[c2]"></a>tEnvelopeOn</STRONG> (Thumb, 56 bytes, Stack size 0 bytes, oopsutilities.o(i.tEnvelopeOn))
<BR><BR>[Called By]<UL><LI><a href="#[b2]">&gt;&gt;</a>&nbsp;&nbsp;&nbsp;audioFrame
</UL>

<P><STRONG><a name="[c6]"></a>tSVFEInit</STRONG> (Thumb, 120 bytes, Stack size 4 bytes, oopsfilter.o(i.tSVFEInit))
<BR><BR>[Stack]<UL><LI>Max Depth = 4<LI>Call Chain = tSVFEInit
</UL>
<BR>[Called By]<UL><LI><a href="#[c3]">&gt;&gt;</a>&nbsp;&nbsp;&nbsp;audioInit
</UL>

<P><STRONG><a name="[c0]"></a>tSVFESetFreq</STRONG> (Thumb, 62 bytes, Stack size 0 bytes, oopsfilter.o(i.tSVFESetFreq))
<BR><BR>[Called By]<UL><LI><a href="#[b2]">&gt;&gt;</a>&nbsp;&nbsp;&nbsp;audioFrame
</UL>

<P><STRONG><a name="[c4]"></a>tSawtoothInit</STRONG> (Thumb, 50 bytes, Stack size 0 bytes, oopsoscillator.o(i.tSawtoothInit))
<BR><BR>[Called By]<UL><LI><a href="#[c3]">&gt;&gt;</a>&nbsp;&nbsp;&nbsp;audioInit
</UL>

<P><STRONG><a name="[80]"></a>tSawtoothSampleRateChanged</STRONG> (Thumb, 20 bytes, Stack size 0 bytes, oopsoscillator.o(i.tSawtoothSampleRateChanged))
<BR>[Address Reference Count : 1]<UL><LI> oopsoscillator.o(i.tSawtoothInit)
</UL>
<P><STRONG><a name="[bf]"></a>tSawtoothSetFreq</STRONG> (Thumb, 40 bytes, Stack size 0 bytes, oopsoscillator.o(i.tSawtoothSetFreq))
<BR><BR>[Called By]<UL><LI><a href="#[b2]">&gt;&gt;</a>&nbsp;&nbsp;&nbsp;audioFrame
</UL>
<P>
<H3>
Local Symbols
</H3>
<P><STRONG><a name="[99]"></a>I2C_WaitOnFlagUntilTimeout</STRONG> (Thumb, 102 bytes, Stack size 24 bytes, stm32f7xx_hal_i2c.o(i.I2C_WaitOnFlagUntilTimeout))
<BR><BR>[Stack]<UL><LI>Max Depth = 24<LI>Call Chain = I2C_WaitOnFlagUntilTimeout
</UL>
<BR>[Calls]<UL><LI><a href="#[95]">&gt;&gt;</a>&nbsp;&nbsp;&nbsp;HAL_GetTick
</UL>
<BR>[Called By]<UL><LI><a href="#[8b]">&gt;&gt;</a>&nbsp;&nbsp;&nbsp;HAL_I2C_Master_Transmit
</UL>

<P><STRONG><a name="[9b]"></a>I2C_WaitOnSTOPFlagUntilTimeout</STRONG> (Thumb, 206 bytes, Stack size 24 bytes, stm32f7xx_hal_i2c.o(i.I2C_WaitOnSTOPFlagUntilTimeout))
<BR><BR>[Stack]<UL><LI>Max Depth = 24<LI>Call Chain = I2C_WaitOnSTOPFlagUntilTimeout
</UL>
<BR>[Calls]<UL><LI><a href="#[95]">&gt;&gt;</a>&nbsp;&nbsp;&nbsp;HAL_GetTick
</UL>
<BR>[Called By]<UL><LI><a href="#[8b]">&gt;&gt;</a>&nbsp;&nbsp;&nbsp;HAL_I2C_Master_Transmit
</UL>

<P><STRONG><a name="[9a]"></a>I2C_WaitOnTXISFlagUntilTimeout</STRONG> (Thumb, 212 bytes, Stack size 24 bytes, stm32f7xx_hal_i2c.o(i.I2C_WaitOnTXISFlagUntilTimeout))
<BR><BR>[Stack]<UL><LI>Max Depth = 24<LI>Call Chain = I2C_WaitOnTXISFlagUntilTimeout
</UL>
<BR>[Calls]<UL><LI><a href="#[95]">&gt;&gt;</a>&nbsp;&nbsp;&nbsp;HAL_GetTick
</UL>
<BR>[Called By]<UL><LI><a href="#[8b]">&gt;&gt;</a>&nbsp;&nbsp;&nbsp;HAL_I2C_Master_Transmit
</UL>

<P><STRONG><a name="[7c]"></a>SAI_DMAError</STRONG> (Thumb, 68 bytes, Stack size 8 bytes, stm32f7xx_hal_sai.o(i.SAI_DMAError))
<BR><BR>[Stack]<UL><LI>Max Depth = 12<LI>Call Chain = SAI_DMAError &rArr; SAI_Disable
</UL>
<BR>[Calls]<UL><LI><a href="#[b8]">&gt;&gt;</a>&nbsp;&nbsp;&nbsp;HAL_SAI_ErrorCallback
<LI><a href="#[ab]">&gt;&gt;</a>&nbsp;&nbsp;&nbsp;SAI_Disable
</UL>
<BR>[Address Reference Count : 2]<UL><LI> stm32f7xx_hal_sai.o(i.HAL_SAI_Receive_DMA)
<LI> stm32f7xx_hal_sai.o(i.HAL_SAI_Transmit_DMA)
</UL>
<P><STRONG><a name="[7b]"></a>SAI_DMARxCplt</STRONG> (Thumb, 62 bytes, Stack size 8 bytes, stm32f7xx_hal_sai.o(i.SAI_DMARxCplt))
<BR><BR>[Stack]<UL><LI>Max Depth = 8<LI>Call Chain = SAI_DMARxCplt
</UL>
<BR>[Calls]<UL><LI><a href="#[b9]">&gt;&gt;</a>&nbsp;&nbsp;&nbsp;HAL_SAI_RxCpltCallback
<LI><a href="#[af]">&gt;&gt;</a>&nbsp;&nbsp;&nbsp;SAI_InterruptFlag
</UL>
<BR>[Address Reference Count : 1]<UL><LI> stm32f7xx_hal_sai.o(i.HAL_SAI_Receive_DMA)
</UL>
<P><STRONG><a name="[7a]"></a>SAI_DMARxHalfCplt</STRONG> (Thumb, 10 bytes, Stack size 8 bytes, stm32f7xx_hal_sai.o(i.SAI_DMARxHalfCplt))
<BR><BR>[Stack]<UL><LI>Max Depth = 8<LI>Call Chain = SAI_DMARxHalfCplt
</UL>
<BR>[Calls]<UL><LI><a href="#[ba]">&gt;&gt;</a>&nbsp;&nbsp;&nbsp;HAL_SAI_RxHalfCpltCallback
</UL>
<BR>[Address Reference Count : 1]<UL><LI> stm32f7xx_hal_sai.o(i.HAL_SAI_Receive_DMA)
</UL>
<P><STRONG><a name="[7e]"></a>SAI_DMATxCplt</STRONG> (Thumb, 64 bytes, Stack size 8 bytes, stm32f7xx_hal_sai.o(i.SAI_DMATxCplt))
<BR><BR>[Stack]<UL><LI>Max Depth = 48<LI>Call Chain = SAI_DMATxCplt &rArr; HAL_SAI_TxCpltCallback &rArr; audioFrame
</UL>
<BR>[Calls]<UL><LI><a href="#[af]">&gt;&gt;</a>&nbsp;&nbsp;&nbsp;SAI_InterruptFlag
<LI><a href="#[b1]">&gt;&gt;</a>&nbsp;&nbsp;&nbsp;HAL_SAI_TxCpltCallback
</UL>
<BR>[Address Reference Count : 1]<UL><LI> stm32f7xx_hal_sai.o(i.HAL_SAI_Transmit_DMA)
</UL>
<P><STRONG><a name="[7d]"></a>SAI_DMATxHalfCplt</STRONG> (Thumb, 10 bytes, Stack size 8 bytes, stm32f7xx_hal_sai.o(i.SAI_DMATxHalfCplt))
<BR><BR>[Stack]<UL><LI>Max Depth = 48<LI>Call Chain = SAI_DMATxHalfCplt &rArr; HAL_SAI_TxHalfCpltCallback &rArr; audioFrame
</UL>
<BR>[Calls]<UL><LI><a href="#[b3]">&gt;&gt;</a>&nbsp;&nbsp;&nbsp;HAL_SAI_TxHalfCpltCallback
</UL>
<BR>[Address Reference Count : 1]<UL><LI> stm32f7xx_hal_sai.o(i.HAL_SAI_Transmit_DMA)
</UL>
<P><STRONG><a name="[ab]"></a>SAI_Disable</STRONG> (Thumb, 72 bytes, Stack size 4 bytes, stm32f7xx_hal_sai.o(i.SAI_Disable))
<BR><BR>[Stack]<UL><LI>Max Depth = 4<LI>Call Chain = SAI_Disable
</UL>
<BR>[Called By]<UL><LI><a href="#[a9]">&gt;&gt;</a>&nbsp;&nbsp;&nbsp;HAL_SAI_Init
<LI><a href="#[7c]">&gt;&gt;</a>&nbsp;&nbsp;&nbsp;SAI_DMAError
</UL>

<P><STRONG><a name="[af]"></a>SAI_InterruptFlag</STRONG> (Thumb, 52 bytes, Stack size 0 bytes, stm32f7xx_hal_sai.o(i.SAI_InterruptFlag))
<BR><BR>[Called By]<UL><LI><a href="#[b0]">&gt;&gt;</a>&nbsp;&nbsp;&nbsp;HAL_SAI_Transmit_DMA
<LI><a href="#[ae]">&gt;&gt;</a>&nbsp;&nbsp;&nbsp;HAL_SAI_Receive_DMA
<LI><a href="#[7e]">&gt;&gt;</a>&nbsp;&nbsp;&nbsp;SAI_DMATxCplt
<LI><a href="#[7b]">&gt;&gt;</a>&nbsp;&nbsp;&nbsp;SAI_DMARxCplt
</UL>

<P><STRONG><a name="[77]"></a>ADC_DMAConvCplt</STRONG> (Thumb, 104 bytes, Stack size 8 bytes, stm32f7xx_hal_adc.o(i.ADC_DMAConvCplt))
<BR><BR>[Stack]<UL><LI>Max Depth = 8<LI>Call Chain = ADC_DMAConvCplt
</UL>
<BR>[Calls]<UL><LI><a href="#[87]">&gt;&gt;</a>&nbsp;&nbsp;&nbsp;HAL_ADC_ConvCpltCallback
</UL>
<BR>[Address Reference Count : 1]<UL><LI> stm32f7xx_hal_adc.o(i.HAL_ADC_Start_DMA)
</UL>
<P><STRONG><a name="[79]"></a>ADC_DMAError</STRONG> (Thumb, 22 bytes, Stack size 8 bytes, stm32f7xx_hal_adc.o(i.ADC_DMAError))
<BR><BR>[Stack]<UL><LI>Max Depth = 8<LI>Call Chain = ADC_DMAError
</UL>
<BR>[Calls]<UL><LI><a href="#[88]">&gt;&gt;</a>&nbsp;&nbsp;&nbsp;HAL_ADC_ErrorCallback
</UL>
<BR>[Address Reference Count : 1]<UL><LI> stm32f7xx_hal_adc.o(i.HAL_ADC_Start_DMA)
</UL>
<P><STRONG><a name="[78]"></a>ADC_DMAHalfConvCplt</STRONG> (Thumb, 10 bytes, Stack size 8 bytes, stm32f7xx_hal_adc.o(i.ADC_DMAHalfConvCplt))
<BR><BR>[Stack]<UL><LI>Max Depth = 8<LI>Call Chain = ADC_DMAHalfConvCplt
</UL>
<BR>[Calls]<UL><LI><a href="#[89]">&gt;&gt;</a>&nbsp;&nbsp;&nbsp;HAL_ADC_ConvHalfCpltCallback
</UL>
<BR>[Address Reference Count : 1]<UL><LI> stm32f7xx_hal_adc.o(i.HAL_ADC_Start_DMA)
</UL><P>
<H3>
Undefined Global Symbols
</H3><HR></body></html>
